Component: ARM Compiler 6.14.1 Tool: armlink [5db06d00]

==============================================================================

Section Cross References

    startup_stm32f407xx.o(STACK) refers (Special) to heapauxi.o(.text) for __use_two_region_memory
    startup_stm32f407xx.o(HEAP) refers (Special) to heapauxi.o(.text) for __use_two_region_memory
    startup_stm32f407xx.o(RESET) refers (Special) to heapauxi.o(.text) for __use_two_region_memory
    startup_stm32f407xx.o(RESET) refers to startup_stm32f407xx.o(STACK) for __initial_sp
    startup_stm32f407xx.o(RESET) refers to startup_stm32f407xx.o(.text) for Reset_Handler
    startup_stm32f407xx.o(RESET) refers to stm32f4xx_it.o(.text.NMI_Handler) for NMI_Handler
    startup_stm32f407xx.o(RESET) refers to stm32f4xx_it.o(.text.HardFault_Handler) for HardFault_Handler
    startup_stm32f407xx.o(RESET) refers to stm32f4xx_it.o(.text.MemManage_Handler) for MemManage_Handler
    startup_stm32f407xx.o(RESET) refers to stm32f4xx_it.o(.text.BusFault_Handler) for BusFault_Handler
    startup_stm32f407xx.o(RESET) refers to stm32f4xx_it.o(.text.UsageFault_Handler) for UsageFault_Handler
    startup_stm32f407xx.o(RESET) refers to stm32f4xx_it.o(.text.SVC_Handler) for SVC_Handler
    startup_stm32f407xx.o(RESET) refers to stm32f4xx_it.o(.text.DebugMon_Handler) for DebugMon_Handler
    startup_stm32f407xx.o(RESET) refers to stm32f4xx_it.o(.text.PendSV_Handler) for PendSV_Handler
    startup_stm32f407xx.o(RESET) refers to stm32f4xx_it.o(.text.SysTick_Handler) for SysTick_Handler
    startup_stm32f407xx.o(RESET) refers to stm32f4xx_it.o(.text.DMA1_Stream2_IRQHandler) for DMA1_Stream2_IRQHandler
    startup_stm32f407xx.o(RESET) refers to stm32f4xx_it.o(.text.DMA1_Stream4_IRQHandler) for DMA1_Stream4_IRQHandler
    startup_stm32f407xx.o(RESET) refers to stm32f4xx_it.o(.text.DMA1_Stream5_IRQHandler) for DMA1_Stream5_IRQHandler
    startup_stm32f407xx.o(RESET) refers to stm32f4xx_it.o(.text.DMA1_Stream7_IRQHandler) for DMA1_Stream7_IRQHandler
    startup_stm32f407xx.o(.text) refers (Special) to heapauxi.o(.text) for __use_two_region_memory
    startup_stm32f407xx.o(.text) refers to system_stm32f4xx.o(.text.SystemInit) for SystemInit
    startup_stm32f407xx.o(.text) refers to __main.o(!!!main) for __main
    startup_stm32f407xx.o(.text) refers to startup_stm32f407xx.o(HEAP) for Heap_Mem
    startup_stm32f407xx.o(.text) refers to startup_stm32f407xx.o(STACK) for Stack_Mem
    dshot.o(.text._ZN5DShotC2Ej) refers to dflt_clz.o(x$fpl$dfltu) for __aeabi_ui2d
    dshot.o(.text._ZN5DShotC2Ej) refers to dmul.o(x$fpl$dmul) for __aeabi_dmul
    dshot.o(.text._ZN5DShotC2Ej) refers to dfixu.o(x$fpl$dfixu) for __aeabi_d2uiz
    dshot.o(.ARM.exidx.text._ZN5DShotC2Ej) refers to dshot.o(.text._ZN5DShotC2Ej) for [Anonymous Symbol]
    dshot.o(.ARM.exidx.text._ZN5DShot8bitToPWMEb) refers to dshot.o(.text._ZN5DShot8bitToPWMEb) for [Anonymous Symbol]
    dshot.o(.ARM.exidx.text._ZN5DShot15computeChecksumEt) refers to dshot.o(.text._ZN5DShot15computeChecksumEt) for [Anonymous Symbol]
    dshot.o(.text._ZN5DShot18prepareDshotPacketEP20dshotProtocolControl) refers to dshot.o(.text._ZN5DShot15computeChecksumEt) for DShot::computeChecksum(unsigned short)
    dshot.o(.ARM.exidx.text._ZN5DShot18prepareDshotPacketEP20dshotProtocolControl) refers to dshot.o(.text._ZN5DShot18prepareDshotPacketEP20dshotProtocolControl) for [Anonymous Symbol]
    dshot.o(.text._ZN5DShot29convertDshotPacketToPWM_ArrayEt) refers to rt_memclr_w.o(.text) for __aeabi_memclr4
    dshot.o(.text._ZN5DShot29convertDshotPacketToPWM_ArrayEt) refers to dshot.o(.text._ZN5DShot8bitToPWMEb) for DShot::bitToPWM(bool)
    dshot.o(.ARM.exidx.text._ZN5DShot29convertDshotPacketToPWM_ArrayEt) refers to dshot.o(.text._ZN5DShot29convertDshotPacketToPWM_ArrayEt) for [Anonymous Symbol]
    dshot.o(.text._ZN5DShot6updateEtb) refers to dshot.o(.text._ZN5DShot18prepareDshotPacketEP20dshotProtocolControl) for DShot::prepareDshotPacket(dshotProtocolControl*)
    dshot.o(.text._ZN5DShot6updateEtb) refers to dshot.o(.text._ZN5DShot29convertDshotPacketToPWM_ArrayEt) for DShot::convertDshotPacketToPWM_Array(unsigned short)
    dshot.o(.ARM.exidx.text._ZN5DShot6updateEtb) refers to dshot.o(.text._ZN5DShot6updateEtb) for [Anonymous Symbol]
    dshot.o(.ARM.exidx.text._ZN5DShot7setWaitEt) refers to dshot.o(.text._ZN5DShot7setWaitEt) for [Anonymous Symbol]
    dshot.o(.ARM.exidx.text._ZN5DShot9setRepeatEt) refers to dshot.o(.text._ZN5DShot9setRepeatEt) for [Anonymous Symbol]
    pozyx_core.o(.ARM.exidx.text._ZN10PozyxClass3IRQEv) refers to pozyx_core.o(.text._ZN10PozyxClass3IRQEv) for [Anonymous Symbol]
    pozyx_core.o(.text._ZN10PozyxClass14remoteRegWriteEthPhi) refers to rt_memcpy_v6.o(.text) for __aeabi_memcpy
    pozyx_core.o(.text._ZN10PozyxClass14remoteRegWriteEthPhi) refers to pozyx_hal.o(.text._ZN10PozyxClass11regFunctionEhPhiS0_i) for PozyxClass::regFunction(unsigned char, unsigned char*, int, unsigned char*, int)
[...]
    ../fplib/dretinf.s                       0x00000000   Number         0  dretinf.o ABSOLUTE
    ../fplib/f2d.s                           0x00000000   Number         0  f2d.o ABSOLUTE
    ../fplib/fnaninf.s                       0x00000000   Number         0  fnaninf.o ABSOLUTE
    ../fplib/fpinit.s                        0x00000000   Number         0  fpinit.o ABSOLUTE
    ../fplib/usenofp.s                       0x00000000   Number         0  usenofp.o ABSOLUTE
    DShot.cpp                                0x00000000   Number         0  dshot.o ABSOLUTE
    PID.cpp                                  0x00000000   Number         0  pid.o ABSOLUTE
    Pozyx_HAL.cpp                            0x00000000   Number         0  pozyx_hal.o ABSOLUTE
    Pozyx_core.cpp                           0x00000000   Number         0  pozyx_core.o ABSOLUTE
    Pozyx_lib.cpp                            0x00000000   Number         0  pozyx_lib.o ABSOLUTE
    dc.s                                     0x00000000   Number         0  dc.o ABSOLUTE
    main.c                                   0x00000000   Number         0  main.o ABSOLUTE
    startup_stm32f407xx.s                    0x00000000   Number         0  startup_stm32f407xx.o ABSOLUTE
    stm32f4xx_hal.c                          0x00000000   Number         0  stm32f4xx_hal.o ABSOLUTE
    stm32f4xx_hal_cortex.c                   0x00000000   Number         0  stm32f4xx_hal_cortex.o ABSOLUTE
    stm32f4xx_hal_dma.c                      0x00000000   Number         0  stm32f4xx_hal_dma.o ABSOLUTE
    stm32f4xx_hal_dma_ex.c                   0x00000000   Number         0  stm32f4xx_hal_dma_ex.o ABSOLUTE
    stm32f4xx_hal_exti.c                     0x00000000   Number         0  stm32f4xx_hal_exti.o ABSOLUTE
    stm32f4xx_hal_flash.c                    0x00000000   Number         0  stm32f4xx_hal_flash.o ABSOLUTE
    stm32f4xx_hal_flash_ex.c                 0x00000000   Number         0  stm32f4xx_hal_flash_ex.o ABSOLUTE
    stm32f4xx_hal_flash_ramfunc.c            0x00000000   Number         0  stm32f4xx_hal_flash_ramfunc.o ABSOLUTE
    stm32f4xx_hal_gpio.c                     0x00000000   Number         0  stm32f4xx_hal_gpio.o ABSOLUTE
    stm32f4xx_hal_i2c.c                      0x00000000   Number         0  stm32f4xx_hal_i2c.o ABSOLUTE
    stm32f4xx_hal_i2c_ex.c                   0x00000000   Number         0  stm32f4xx_hal_i2c_ex.o ABSOLUTE
    stm32f4xx_hal_msp.c                      0x00000000   Number         0  stm32f4xx_hal_msp.o ABSOLUTE
    stm32f4xx_hal_pwr.c                      0x00000000   Number         0  stm32f4xx_hal_pwr.o ABSOLUTE
    stm32f4xx_hal_pwr_ex.c                   0x00000000   Number         0  stm32f4xx_hal_pwr_ex.o ABSOLUTE
    stm32f4xx_hal_rcc.c                      0x00000000   Number         0  stm32f4xx_hal_rcc.o ABSOLUTE
    stm32f4xx_hal_rcc_ex.c                   0x00000000   Number         0  stm32f4xx_hal_rcc_ex.o ABSOLUTE
    stm32f4xx_hal_tim.c                      0x00000000   Number         0  stm32f4xx_hal_tim.o ABSOLUTE
    stm32f4xx_hal_tim_ex.c                   0x00000000   Number         0  stm32f4xx_hal_tim_ex.o ABSOLUTE
    stm32f4xx_it.c                           0x00000000   Number         0  stm32f4xx_it.o ABSOLUTE
    system_stm32f4xx.c                       0x00000000   Number         0  system_stm32f4xx.o ABSOLUTE
    RESET                                    0x08000000   Section      392  startup_stm32f407xx.o(RESET)
    !!!main                                  0x08000188   Section        8  __main.o(!!!main)
    !!!scatter                               0x08000190   Section       52  __scatter.o(!!!scatter)
    !!handler_copy                           0x080001c4   Section       26  __scatter_copy.o(!!handler_copy)
    !!handler_zi                             0x080001e0   Section       28  __scatter_zi.o(!!handler_zi)
    .ARM.Collect$$libinit$$00000000          0x080001fc   Section        2  libinit.o(.ARM.Collect$$libinit$$00000000)
    .ARM.Collect$$libinit$$00000001          0x080001fe   Section        4  libinit2.o(.ARM.Collect$$libinit$$00000001)
    .ARM.Collect$$libinit$$00000004          0x08000202   Section        0  libinit2.o(.ARM.Collect$$libinit$$00000004)
    .ARM.Collect$$libinit$$0000000A          0x08000202   Section        0  libinit2.o(.ARM.Collect$$libinit$$0000000A)
    .ARM.Collect$$libinit$$0000000C          0x08000202   Section        0  libinit2.o(.ARM.Collect$$libinit$$0000000C)
    .ARM.Collect$$libinit$$0000000E          0x08000202   Section        0  libinit2.o(.ARM.Collect$$libinit$$0000000E)
    .ARM.Collect$$libinit$$00000011          0x08000202   Section        0  libinit2.o(.ARM.Collect$$libinit$$00000011)
    .ARM.Collect$$libinit$$00000013          0x08000202   Section        0  libinit2.o(.ARM.Collect$$libinit$$00000013)
    .ARM.Collect$$libinit$$00000015          0x08000202   Section        0  libinit2.o(.ARM.Collect$$libinit$$00000015)
    .ARM.Collect$$libinit$$00000017          0x08000202   Section        0  libinit2.o(.ARM.Collect$$libinit$$00000017)
    .ARM.Collect$$libinit$$00000019          0x08000202   Section        0  libinit2.o(.ARM.Collect$$libinit$$00000019)
    .ARM.Collect$$libinit$$0000001B          0x08000202   Section        0  libinit2.o(.ARM.Collect$$libinit$$0000001B)
    .ARM.Collect$$libinit$$0000001D          0x08000202   Section        0  libinit2.o(.ARM.Collect$$libinit$$0000001D)
    .ARM.Collect$$libinit$$0000001F          0x08000202   Section        0  libinit2.o(.ARM.Collect$$libinit$$0000001F)
    .ARM.Collect$$libinit$$00000021          0x08000202   Section        0  libinit2.o(.ARM.Collect$$libinit$$00000021)
    .ARM.Collect$$libinit$$00000023          0x08000202   Section        0  libinit2.o(.ARM.Collect$$libinit$$00000023)
    .ARM.Collect$$libinit$$00000025          0x08000202   Section        0  libinit2.o(.ARM.Collect$$libinit$$00000025)
    .ARM.Collect$$libinit$$0000002C          0x08000202   Section        0  libinit2.o(.ARM.Collect$$libinit$$0000002C)
    .ARM.Collect$$libinit$$0000002E          0x08000202   Section        0  libinit2.o(.ARM.Collect$$libinit$$0000002E)
    .ARM.Collect$$libinit$$00000030          0x08000202   Section        0  libinit2.o(.ARM.Collect$$libinit$$00000030)
    .ARM.Collect$$libinit$$00000031          0x08000202   Section        4  libinit2.o(.ARM.Collect$$libinit$$00000031)
    .ARM.Collect$$libinit$$00000032          0x08000206   Section        0  libinit2.o(.ARM.Collect$$libinit$$00000032)
    .ARM.Collect$$libinit$$00000033          0x08000206   Section        2  libinit2.o(.ARM.Collect$$libinit$$00000033)
    .ARM.Collect$$libshutdown$$00000000      0x08000208   Section        2  libshutdown.o(.ARM.Collect$$libshutdown$$00000000)
    .ARM.Collect$$libshutdown$$00000002      0x0800020a   Section        0  libshutdown2.o(.ARM.Collect$$libshutdown$$00000002)
    .ARM.Collect$$libshutdown$$00000004      0x0800020a   Section        0  libshutdown2.o(.ARM.Collect$$libshutdown$$00000004)
    .ARM.Collect$$libshutdown$$00000007      0x0800020a   Section        0  libshutdown2.o(.ARM.Collect$$libshutdown$$00000007)
    .ARM.Collect$$libshutdown$$0000000A      0x0800020a   Section        0  libshutdown2.o(.ARM.Collect$$libshutdown$$0000000A)
    .ARM.Collect$$libshutdown$$0000000C      0x0800020a   Section        0  libshutdown2.o(.ARM.Collect$$libshutdown$$0000000C)
    .ARM.Collect$$libshutdown$$0000000F      0x0800020a   Section        0  libshutdown2.o(.ARM.Collect$$libshutdown$$0000000F)
    .ARM.Collect$$libshutdown$$00000010      0x0800020a   Section        2  libshutdown2.o(.ARM.Collect$$libshutdown$$00000010)
    .ARM.Collect$$rtentry$$00000000          0x0800020c   Section        0  __rtentry.o(.ARM.Collect$$rtentry$$00000000)
    .ARM.Collect$$rtentry$$00000002          0x0800020c   Section        0  __rtentry2.o(.ARM.Collect$$rtentry$$00000002)
    .ARM.Collect$$rtentry$$00000004          0x0800020c   Section        6  __rtentry4.o(.ARM.Collect$$rtentry$$00000004)
    .ARM.Collect$$rtentry$$00000009          0x08000212   Section        0  __rtentry2.o(.ARM.Collect$$rtentry$$00000009)
    .ARM.Collect$$rtentry$$0000000A          0x08000212   Section        4  __rtentry2.o(.ARM.Collect$$rtentry$$0000000A)
    .ARM.Collect$$rtentry$$0000000C          0x08000216   Section        0  __rtentry2.o(.ARM.Collect$$rtentry$$0000000C)
    .ARM.Collect$$rtentry$$0000000D          0x08000216   Section        8  __rtentry2.o(.ARM.Collect$$rtentry$$0000000D)
    .ARM.Collect$$rtexit$$00000000           0x0800021e   Section        2  rtexit.o(.ARM.Collect$$rtexit$$00000000)
    .ARM.Collect$$rtexit$$00000002           0x08000220   Section        0  rtexit2.o(.ARM.Collect$$rtexit$$00000002)
    .ARM.Collect$$rtexit$$00000003           0x08000220   Section        4  rtexit2.o(.ARM.Collect$$rtexit$$00000003)
    .ARM.Collect$$rtexit$$00000004           0x08000224   Section        6  rtexit2.o(.ARM.Collect$$rtexit$$00000004)
    $v0                                      0x0800022c   Number         0  startup_stm32f407xx.o(.text)
    .text                                    0x0800022c   Section       64  startup_stm32f407xx.o(.text)
    .text                                    0x0800026c   Section      240  lludivv7m.o(.text)
    .text                                    0x0800035c   Section       78  rt_memclr_w.o(.text)
    .text                                    0x080003aa   Section        0  heapauxi.o(.text)
    .text                                    0x080003b0   Section        0  init_aeabi.o(.text)
    .text                                    0x080003d4   Section       74  sys_stackheap_outer.o(.text)
    .text                                    0x0800041e   Section        0  exit.o(.text)
    .text                                    0x08000430   Section        8  libspace.o(.text)
    .text                                    0x08000438   Section        0  sys_exit.o(.text)
    .text                                    0x08000444   Section        2  use_no_semi.o(.text)
    .text                                    0x08000446   Section        0  indicate_semi.o(.text)
    [Anonymous Symbol]                       0x08000448   Section        0  stm32f4xx_it.o(.text.BusFault_Handler)
    [Anonymous Symbol]                       0x0800044c   Section        0  stm32f4xx_it.o(.text.DMA1_Stream2_IRQHandler)
    [Anonymous Symbol]                       0x0800045c   Section        0  stm32f4xx_it.o(.text.DMA1_Stream4_IRQHandler)
    [Anonymous Symbol]                       0x0800046c   Section        0  stm32f4xx_it.o(.text.DMA1_Stream5_IRQHandler)
    [Anonymous Symbol]                       0x0800047c   Section        0  stm32f4xx_it.o(.text.DMA1_Stream7_IRQHandler)
    DMA_CalcBaseAndBitshift                  0x0800048d   Thumb Code    60  stm32f4xx_hal_dma.o(.text.DMA_CalcBaseAndBitshift)
    [Anonymous Symbol]                       0x0800048c   Section        0  stm32f4xx_hal_dma.o(.text.DMA_CalcBaseAndBitshift)
    DMA_CalcBaseAndBitshift.flagBitshiftOffset 0x080004c0   Number         0  stm32f4xx_hal_dma.o(.text.DMA_CalcBaseAndBitshift)
    DMA_CheckFifoParam                       0x080004c9   Thumb Code    80  stm32f4xx_hal_dma.o(.text.DMA_CheckFifoParam)
    [Anonymous Symbol]                       0x080004c8   Section        0  stm32f4xx_hal_dma.o(.text.DMA_CheckFifoParam)
    DMA_SetConfig                            0x08000519   Thumb Code    48  stm32f4xx_hal_dma.o(.text.DMA_SetConfig)
    [Anonymous Symbol]                       0x08000518   Section        0  stm32f4xx_hal_dma.o(.text.DMA_SetConfig)
    [Anonymous Symbol]                       0x08000548   Section        0  stm32f4xx_it.o(.text.DebugMon_Handler)
    [Anonymous Symbol]                       0x0800054c   Section        0  main.o(.text.Error_Handler)
    [Anonymous Symbol]                       0x08000550   Section        0  stm32f4xx_hal_dma.o(.text.HAL_DMA_IRQHandler)
    [Anonymous Symbol]                       0x080006dc   Section        0  stm32f4xx_hal_dma.o(.text.HAL_DMA_Init)
    [Anonymous Symbol]                       0x080007ac   Section        0  stm32f4xx_hal_dma.o(.text.HAL_DMA_Start_IT)
    [Anonymous Symbol]                       0x08000810   Section        0  stm32f4xx_hal_gpio.o(.text.HAL_GPIO_Init)
    [Anonymous Symbol]                       0x080009a4   Section        0  stm32f4xx_hal_gpio.o(.text.HAL_GPIO_WritePin)
    [Anonymous Symbol]                       0x080009b0   Section        0  stm32f4xx_hal.o(.text.HAL_GetTick)
    [Anonymous Symbol]                       0x080009bc   Section        0  stm32f4xx_hal_i2c.o(.text.HAL_I2C_Init)
    [Anonymous Symbol]                       0x08000b4c   Section        0  stm32f4xx_hal_msp.o(.text.HAL_I2C_MspInit)
    [Anonymous Symbol]                       0x08000bc0   Section        0  stm32f4xx_hal.o(.text.HAL_IncTick)
    [Anonymous Symbol]                       0x08000bdc   Section        0  stm32f4xx_hal.o(.text.HAL_Init)
    [Anonymous Symbol]                       0x08000c14   Section        0  stm32f4xx_hal.o(.text.HAL_InitTick)
    [Anonymous Symbol]                       0x08000c64   Section        0  stm32f4xx_hal_msp.o(.text.HAL_MspInit)
    [Anonymous Symbol]                       0x08000ca4   Section        0  stm32f4xx_hal_cortex.o(.text.HAL_NVIC_EnableIRQ)
    [Anonymous Symbol]                       0x08000cac   Section        0  stm32f4xx_hal_cortex.o(.text.HAL_NVIC_SetPriority)
    [Anonymous Symbol]                       0x08000ccc   Section        0  stm32f4xx_hal_cortex.o(.text.HAL_NVIC_SetPriorityGrouping)
    [Anonymous Symbol]                       0x08000cd4   Section        0  stm32f4xx_hal_rcc.o(.text.HAL_RCC_ClockConfig)
    [Anonymous Symbol]                       0x08000e34   Section        0  stm32f4xx_hal_rcc.o(.text.HAL_RCC_GetHCLKFreq)
    [Anonymous Symbol]                       0x08000e40   Section        0  stm32f4xx_hal_rcc.o(.text.HAL_RCC_GetPCLK1Freq)
    [Anonymous Symbol]                       0x08000e64   Section        0  stm32f4xx_hal_rcc.o(.text.HAL_RCC_GetSysClockFreq)
    [Anonymous Symbol]                       0x08000ed0   Section        0  stm32f4xx_hal_rcc.o(.text.HAL_RCC_OscConfig)
    [Anonymous Symbol]                       0x08001204   Section        0  stm32f4xx_hal_cortex.o(.text.HAL_SYSTICK_Config)
    [Anonymous Symbol]                       0x0800120c   Section        0  stm32f4xx_hal_tim_ex.o(.text.HAL_TIMEx_BreakCallback)
    [Anonymous Symbol]                       0x08001210   Section        0  stm32f4xx_hal_tim_ex.o(.text.HAL_TIMEx_CommutCallback)
    [Anonymous Symbol]                       0x08001214   Section        0  stm32f4xx_hal_tim_ex.o(.text.HAL_TIMEx_CommutHalfCpltCallback)
    [Anonymous Symbol]                       0x08001218   Section        0  stm32f4xx_hal_tim_ex.o(.text.HAL_TIMEx_MasterConfigSynchronization)
    [Anonymous Symbol]                       0x080012d0   Section        0  stm32f4xx_hal_tim.o(.text.HAL_TIM_Base_Init)
    [Anonymous Symbol]                       0x0800131c   Section        0  stm32f4xx_hal_msp.o(.text.HAL_TIM_Base_MspInit)
    [Anonymous Symbol]                       0x08001410   Section        0  stm32f4xx_hal_tim.o(.text.HAL_TIM_Base_Start_IT)
    [Anonymous Symbol]                       0x08001430   Section        0  stm32f4xx_hal_tim.o(.text.HAL_TIM_ErrorCallback)
    [Anonymous Symbol]                       0x08001434   Section        0  stm32f4xx_hal_tim.o(.text.HAL_TIM_IC_CaptureCallback)
    [Anonymous Symbol]                       0x08001438   Section        0  stm32f4xx_hal_tim.o(.text.HAL_TIM_IC_CaptureHalfCpltCallback)
    [Anonymous Symbol]                       0x0800143c   Section        0  stm32f4xx_hal_tim.o(.text.HAL_TIM_IC_ConfigChannel)
    [Anonymous Symbol]                       0x080014d4   Section        0  stm32f4xx_hal_tim.o(.text.HAL_TIM_IC_Init)
    [Anonymous Symbol]                       0x08001520   Section        0  stm32f4xx_hal_tim.o(.text.HAL_TIM_IC_MspInit)
    [Anonymous Symbol]                       0x08001524   Section        0  stm32f4xx_hal_msp.o(.text.HAL_TIM_MspPostInit)
    [Anonymous Symbol]                       0x08001580   Section        0  stm32f4xx_hal_tim.o(.text.HAL_TIM_OC_DelayElapsedCallback)
    [Anonymous Symbol]                       0x08001584   Section        0  stm32f4xx_hal_tim.o(.text.HAL_TIM_PWM_ConfigChannel)
    [Anonymous Symbol]                       0x08001624   Section        0  stm32f4xx_hal_tim.o(.text.HAL_TIM_PWM_Init)
    [Anonymous Symbol]                       0x08001670   Section        0  stm32f4xx_hal_msp.o(.text.HAL_TIM_PWM_MspInit)
    [Anonymous Symbol]                       0x080017e4   Section        0  stm32f4xx_hal_tim.o(.text.HAL_TIM_PWM_PulseFinishedCallback)
    [Anonymous Symbol]                       0x080017e8   Section        0  stm32f4xx_hal_tim.o(.text.HAL_TIM_PWM_PulseFinishedHalfCpltCallback)
    [Anonymous Symbol]                       0x080017ec   Section        0  stm32f4xx_hal_tim.o(.text.HAL_TIM_PWM_Start_DMA)
    [Anonymous Symbol]                       0x08001968   Section        0  stm32f4xx_hal_tim.o(.text.HAL_TIM_PeriodElapsedCallback)
    [Anonymous Symbol]                       0x0800196c   Section        0  stm32f4xx_hal_tim.o(.text.HAL_TIM_PeriodElapsedHalfCpltCallback)
    [Anonymous Symbol]                       0x08001970   Section        0  stm32f4xx_hal_tim.o(.text.HAL_TIM_RegisterCallback)
    [Anonymous Symbol]                       0x08001a6c   Section        0  stm32f4xx_hal_tim.o(.text.HAL_TIM_SlaveConfigSynchro)
    [Anonymous Symbol]                       0x08001ab8   Section        0  stm32f4xx_hal_tim.o(.text.HAL_TIM_TriggerCallback)
    [Anonymous Symbol]                       0x08001abc   Section        0  stm32f4xx_hal_tim.o(.text.HAL_TIM_TriggerHalfCpltCallback)
    [Anonymous Symbol]                       0x08001ac0   Section        0  stm32f4xx_it.o(.text.HardFault_Handler)
    [Anonymous Symbol]                       0x08001ac4   Section        0  stm32f4xx_it.o(.text.MemManage_Handler)
    [Anonymous Symbol]                       0x08001ac8   Section        0  stm32f4xx_it.o(.text.NMI_Handler)
    NVIC_EncodePriority                      0x08001acd   Thumb Code    44  stm32f4xx_hal_cortex.o(.text.NVIC_EncodePriority)
    [Anonymous Symbol]                       0x08001acc   Section        0  stm32f4xx_hal_cortex.o(.text.NVIC_EncodePriority)
    [Anonymous Symbol]                       0x08001af8   Section        0  stm32f4xx_it.o(.text.PendSV_Handler)
    [Anonymous Symbol]                       0x08001afc   Section        0  stm32f4xx_it.o(.text.SVC_Handler)
    SysTick_Config                           0x08001b01   Thumb Code    46  stm32f4xx_hal_cortex.o(.text.SysTick_Config)
    [Anonymous Symbol]                       0x08001b00   Section        0  stm32f4xx_hal_cortex.o(.text.SysTick_Config)
    [Anonymous Symbol]                       0x08001b30   Section        0  stm32f4xx_it.o(.text.SysTick_Handler)
    [Anonymous Symbol]                       0x08001b38   Section        0  system_stm32f4xx.o(.text.SystemInit)
    [Anonymous Symbol]                       0x08001b54   Section        0  stm32f4xx_hal_tim.o(.text.TIM_Base_SetConfig)
    [Anonymous Symbol]                       0x08001c78   Section        0  stm32f4xx_hal_tim.o(.text.TIM_CCxChannelCmd)
    [Anonymous Symbol]                       0x08001c9c   Section        0  stm32f4xx_hal_tim.o(.text.TIM_DMADelayPulseCplt)
    [Anonymous Symbol]                       0x08001cd8   Section        0  stm32f4xx_hal_tim.o(.text.TIM_DMADelayPulseHalfCplt)
    [Anonymous Symbol]                       0x08001d14   Section        0  stm32f4xx_hal_tim.o(.text.TIM_DMAError)
    [Anonymous Symbol]                       0x08001d28   Section        0  stm32f4xx_hal_tim.o(.text.TIM_ETR_SetConfig)
    TIM_OC1_SetConfig                        0x08001d41   Thumb Code   100  stm32f4xx_hal_tim.o(.text.TIM_OC1_SetConfig)
    [Anonymous Symbol]                       0x08001d40   Section        0  stm32f4xx_hal_tim.o(.text.TIM_OC1_SetConfig)
    [Anonymous Symbol]                       0x08001da4   Section        0  stm32f4xx_hal_tim.o(.text.TIM_OC2_SetConfig)
    TIM_OC3_SetConfig                        0x08001e11   Thumb Code   106  stm32f4xx_hal_tim.o(.text.TIM_OC3_SetConfig)
    [Anonymous Symbol]                       0x08001e10   Section        0  stm32f4xx_hal_tim.o(.text.TIM_OC3_SetConfig)
    TIM_OC4_SetConfig                        0x08001e7d   Thumb Code    80  stm32f4xx_hal_tim.o(.text.TIM_OC4_SetConfig)
    [Anonymous Symbol]                       0x08001e7c   Section        0  stm32f4xx_hal_tim.o(.text.TIM_OC4_SetConfig)
    [Anonymous Symbol]                       0x08001ecc   Section        0  stm32f4xx_hal_tim.o(.text.TIM_ResetCallback)
    TIM_SlaveTimer_SetConfig                 0x08001f5d   Thumb Code   134  stm32f4xx_hal_tim.o(.text.TIM_SlaveTimer_SetConfig)
    [Anonymous Symbol]                       0x08001f5c   Section        0  stm32f4xx_hal_tim.o(.text.TIM_SlaveTimer_SetConfig)
    TIM_TI1_ConfigInputStage                 0x08001fe5   Thumb Code    34  stm32f4xx_hal_tim.o(.text.TIM_TI1_ConfigInputStage)
    [Anonymous Symbol]                       0x08001fe4   Section        0  stm32f4xx_hal_tim.o(.text.TIM_TI1_ConfigInputStage)
    [Anonymous Symbol]                       0x08002008   Section        0  stm32f4xx_hal_tim.o(.text.TIM_TI1_SetConfig)
    TIM_TI2_ConfigInputStage                 0x080020b1   Thumb Code    36  stm32f4xx_hal_tim.o(.text.TIM_TI2_ConfigInputStage)
    [Anonymous Symbol]                       0x080020b0   Section        0  stm32f4xx_hal_tim.o(.text.TIM_TI2_ConfigInputStage)
    TIM_TI2_SetConfig                        0x080020d5   Thumb Code    60  stm32f4xx_hal_tim.o(.text.TIM_TI2_SetConfig)
    [Anonymous Symbol]                       0x080020d4   Section        0  stm32f4xx_hal_tim.o(.text.TIM_TI2_SetConfig)
    TIM_TI3_SetConfig                        0x08002111   Thumb Code    52  stm32f4xx_hal_tim.o(.text.TIM_TI3_SetConfig)
    [Anonymous Symbol]                       0x08002110   Section        0  stm32f4xx_hal_tim.o(.text.TIM_TI3_SetConfig)
    TIM_TI4_SetConfig                        0x08002145   Thumb Code    60  stm32f4xx_hal_tim.o(.text.TIM_TI4_SetConfig)
    [Anonymous Symbol]                       0x08002144   Section        0  stm32f4xx_hal_tim.o(.text.TIM_TI4_SetConfig)
    [Anonymous Symbol]                       0x08002180   Section        0  stm32f4xx_it.o(.text.UsageFault_Handler)
    _GLOBAL__sub_I_main.c                    0x08002185   Thumb Code    12  main.o(.text._GLOBAL__sub_I_main.c)
    [Anonymous Symbol]                       0x08002184   Section        0  main.o(.text._GLOBAL__sub_I_main.c)
    [Anonymous Symbol]                       0x08002190   Section        0  main.o(.text._Z18SystemClock_Configv)
    [Anonymous Symbol]                       0x0800222c   Section        0  main.o(.text._Z22DShot_PWM_Array_UpdateP19__TIM_HandleTypeDef)
    [Anonymous Symbol]                       0x080022bc   Section        0  main.o(.text._Z8PID_LoopP19__TIM_HandleTypeDef)
    _ZL11MX_DMA_Initv                        0x080022c1   Thumb Code   102  main.o(.text._ZL11MX_DMA_Initv)
    [Anonymous Symbol]                       0x080022c0   Section        0  main.o(.text._ZL11MX_DMA_Initv)
    _ZL12MX_GPIO_Initv                       0x08002329   Thumb Code   518  main.o(.text._ZL12MX_GPIO_Initv)
    [Anonymous Symbol]                       0x08002328   Section        0  main.o(.text._ZL12MX_GPIO_Initv)
    _ZL12MX_I2C1_Initv                       0x08002531   Thumb Code    54  main.o(.text._ZL12MX_I2C1_Initv)
    [Anonymous Symbol]                       0x08002530   Section        0  main.o(.text._ZL12MX_I2C1_Initv)
    _ZL12MX_TIM2_Initv                       0x08002569   Thumb Code   164  main.o(.text._ZL12MX_TIM2_Initv)
    [Anonymous Symbol]                       0x08002568   Section        0  main.o(.text._ZL12MX_TIM2_Initv)
    _ZL12MX_TIM3_Initv                       0x0800260d   Thumb Code   134  main.o(.text._ZL12MX_TIM3_Initv)
    [Anonymous Symbol]                       0x0800260c   Section        0  main.o(.text._ZL12MX_TIM3_Initv)
    _ZL12MX_TIM5_Initv                       0x08002695   Thumb Code   168  main.o(.text._ZL12MX_TIM5_Initv)
    [Anonymous Symbol]                       0x08002694   Section        0  main.o(.text._ZL12MX_TIM5_Initv)
    _ZL12MX_TIM6_Initv                       0x0800273d   Thumb Code    62  main.o(.text._ZL12MX_TIM6_Initv)
    [Anonymous Symbol]                       0x0800273c   Section        0  main.o(.text._ZL12MX_TIM6_Initv)
    [Anonymous Symbol]                       0x0800277c   Section        0  main.o(.text._ZN10PozyxClassC2EP17I2C_HandleTypeDefj)
    [Anonymous Symbol]                       0x08002784   Section        0  dshot.o(.text._ZN5DShot15computeChecksumEt)
    [Anonymous Symbol]                       0x0800279c   Section        0  dshot.o(.text._ZN5DShot18prepareDshotPacketEP20dshotProtocolControl)
    [Anonymous Symbol]                       0x080027bc   Section        0  dshot.o(.text._ZN5DShot29convertDshotPacketToPWM_ArrayEt)
    [Anonymous Symbol]                       0x0800280c   Section        0  dshot.o(.text._ZN5DShot6updateEtb)
    [Anonymous Symbol]                       0x08002834   Section        0  dshot.o(.text._ZN5DShot8bitToPWMEb)
    [Anonymous Symbol]                       0x08002840   Section        0  dshot.o(.text._ZN5DShotC2Ej)
    __NVIC_EnableIRQ                         0x08002879   Thumb Code    32  stm32f4xx_hal_cortex.o(.text.__NVIC_EnableIRQ)
    [Anonymous Symbol]                       0x08002878   Section        0  stm32f4xx_hal_cortex.o(.text.__NVIC_EnableIRQ)
    __NVIC_GetPriorityGrouping               0x08002899   Thumb Code    16  stm32f4xx_hal_cortex.o(.text.__NVIC_GetPriorityGrouping)
    [Anonymous Symbol]                       0x08002898   Section        0  stm32f4xx_hal_cortex.o(.text.__NVIC_GetPriorityGrouping)
    __NVIC_SetPriority                       0x080028a9   Thumb Code    34  stm32f4xx_hal_cortex.o(.text.__NVIC_SetPriority)
    [Anonymous Symbol]                       0x080028a8   Section        0  stm32f4xx_hal_cortex.o(.text.__NVIC_SetPriority)
    __NVIC_SetPriorityGrouping               0x080028cd   Thumb Code    32  stm32f4xx_hal_cortex.o(.text.__NVIC_SetPriorityGrouping)
    [Anonymous Symbol]                       0x080028cc   Section        0  stm32f4xx_hal_cortex.o(.text.__NVIC_SetPriorityGrouping)
    __cxx_global_var_init                    0x080028ed   Thumb Code    50  main.o(.text.__cxx_global_var_init)
    [Anonymous Symbol]                       0x080028ec   Section        0  main.o(.text.__cxx_global_var_init)
    __cxx_global_var_init.1                  0x08002921   Thumb Code    28  main.o(.text.__cxx_global_var_init.1)
    [Anonymous Symbol]                       0x08002920   Section        0  main.o(.text.__cxx_global_var_init.1)
    [Anonymous Symbol]                       0x0800293c   Section        0  main.o(.text.main)
    $v0                                      0x080029e8   Number         0  dfixu.o(x$fpl$dfixu)
    x$fpl$dfixu                              0x080029e8   Section       90  dfixu.o(x$fpl$dfixu)
    $v0                                      0x08002a42   Number         0  dflt_clz.o(x$fpl$dfltu)
    x$fpl$dfltu                              0x08002a42   Section       38  dflt_clz.o(x$fpl$dfltu)
    $v0                                      0x08002a68   Number         0  dmul.o(x$fpl$dmul)
    x$fpl$dmul                               0x08002a68   Section      340  dmul.o(x$fpl$dmul)
    $v0                                      0x08002bbc   Number         0  dnaninf.o(x$fpl$dnaninf)
    x$fpl$dnaninf                            0x08002bbc   Section      156  dnaninf.o(x$fpl$dnaninf)
    $v0                                      0x08002c58   Number         0  dretinf.o(x$fpl$dretinf)
    x$fpl$dretinf                            0x08002c58   Section       12  dretinf.o(x$fpl$dretinf)
    $v0                                      0x08002c64   Number         0  fpinit.o(x$fpl$fpinit)
    x$fpl$fpinit                             0x08002c64   Section       26  fpinit.o(x$fpl$fpinit)
    x$fpl$usenofp                            0x08002c7e   Section        0  usenofp.o(x$fpl$usenofp)
    .init_array                              0x08002cbc   Section        0  init_aeabi.o(.init_array)
    .bss                                     0x20000018   Section       96  libspace.o(.bss)
    Heap_Mem                                 0x20000750   Data         512  startup_stm32f407xx.o(HEAP)
    HEAP                                     0x20000750   Section      512  startup_stm32f407xx.o(HEAP)
    Stack_Mem                                0x20000950   Data        1024  startup_stm32f407xx.o(STACK)
    STACK                                    0x20000950   Section     1024  startup_stm32f407xx.o(STACK)
    __initial_sp                             0x20000d50   Data           0  startup_stm32f407xx.o(STACK)

    Global Symbols

    Symbol Name                              Value     Ov Type        Size  Object(Section)

    BuildAttributes$$THM_ISAv4$E$P$D$K$B$S$7EM$VFPi3$EXTD16$VFPS$VFMA$PE$A:L22UL41UL21$X:L11$S22US41US21$IEEE1$IW$~IW$USESV6$~STKCKD$USESV7$~SHL$OTIME$ROPI$EBA8$UX$STANDARDLIB$REQ8$PRES8$EABIv2 0x00000000   Number         0  anon$$obj.o ABSOLUTE
    __ARM_exceptions_init                     - Undefined Weak Reference
    __alloca_initialize                       - Undefined Weak Reference
    __arm_preinit_                            - Undefined Weak Reference
    __cxa_finalize                            - Undefined Weak Reference
    __rt_locale                               - Undefined Weak Reference
    __sigvec_lookup                           - Undefined Weak Reference
    _atexit_init                              - Undefined Weak Reference
    _call_atexit_fns                          - Undefined Weak Reference
    _clock_init                               - Undefined Weak Reference
    _fp_trap_init                             - Undefined Weak Reference
    _fp_trap_shutdown                         - Undefined Weak Reference
    _get_lc_collate                           - Undefined Weak Reference
    _get_lc_ctype                             - Undefined Weak Reference
    _get_lc_monetary                          - Undefined Weak Reference
    _get_lc_numeric                           - Undefined Weak Reference
    _get_lc_time                              - Undefined Weak Reference
    _getenv_init                              - Undefined Weak Reference
    _handle_redirection                       - Undefined Weak Reference
    _init_alloc                               - Undefined Weak Reference
    _init_user_alloc                          - Undefined Weak Reference
    _initio                                   - Undefined Weak Reference
    _rand_init                                - Undefined Weak Reference
    _signal_finish                            - Undefined Weak Reference
    _signal_init                              - Undefined Weak Reference
    _terminate_alloc                          - Undefined Weak Reference
    _terminate_user_alloc                     - Undefined Weak Reference
    _terminateio                              - Undefined Weak Reference
    __Vectors_Size                           0x00000188   Number         0  startup_stm32f407xx.o ABSOLUTE
    __Vectors                                0x08000000   Data           4  startup_stm32f407xx.o(RESET)
    __Vectors_End                            0x08000188   Data           0  startup_stm32f407xx.o(RESET)
    __main                                   0x08000189   Thumb Code     8  __main.o(!!!main)
    __scatterload                            0x08000191   Thumb Code     0  __scatter.o(!!!scatter)
    __scatterload_rt2                        0x08000191   Thumb Code    44  __scatter.o(!!!scatter)
    __scatterload_rt2_thumb_only             0x08000191   Thumb Code     0  __scatter.o(!!!scatter)
    __scatterload_null                       0x0800019f   Thumb Code     0  __scatter.o(!!!scatter)
    __scatterload_copy                       0x080001c5   Thumb Code    26  __scatter_copy.o(!!handler_copy)
    __scatterload_zeroinit                   0x080001e1   Thumb Code    28  __scatter_zi.o(!!handler_zi)
    __rt_lib_init                            0x080001fd   Thumb Code     0  libinit.o(.ARM.Collect$$libinit$$00000000)
    __rt_lib_init_fp_1                       0x080001ff   Thumb Code     0  libinit2.o(.ARM.Collect$$libinit$$00000001)
    __rt_lib_init_alloca_1                   0x08000203   Thumb Code     0  libinit2.o(.ARM.Collect$$libinit$$0000002E)
    __rt_lib_init_argv_1                     0x08000203   Thumb Code     0  libinit2.o(.ARM.Collect$$libinit$$0000002C)
    __rt_lib_init_atexit_1                   0x08000203   Thumb Code     0  libinit2.o(.ARM.Collect$$libinit$$0000001B)
    __rt_lib_init_clock_1                    0x08000203   Thumb Code     0  libinit2.o(.ARM.Collect$$libinit$$00000021)
    __rt_lib_init_cpp_2                      0x08000203   Thumb Code     0  libinit2.o(.ARM.Collect$$libinit$$00000031)
    __rt_lib_init_exceptions_1               0x08000203   Thumb Code     0  libinit2.o(.ARM.Collect$$libinit$$00000030)
    __rt_lib_init_fp_trap_1                  0x08000203   Thumb Code     0  libinit2.o(.ARM.Collect$$libinit$$0000001F)
    __rt_lib_init_getenv_1                   0x08000203   Thumb Code     0  libinit2.o(.ARM.Collect$$libinit$$00000023)
    __rt_lib_init_heap_1                     0x08000203   Thumb Code     0  libinit2.o(.ARM.Collect$$libinit$$0000000A)
    __rt_lib_init_lc_collate_1               0x08000203   Thumb Code     0  libinit2.o(.ARM.Collect$$libinit$$00000011)
    __rt_lib_init_lc_ctype_1                 0x08000203   Thumb Code     0  libinit2.o(.ARM.Collect$$libinit$$00000013)
    __rt_lib_init_lc_monetary_1              0x08000203   Thumb Code     0  libinit2.o(.ARM.Collect$$libinit$$00000015)
    __rt_lib_init_lc_numeric_1               0x08000203   Thumb Code     0  libinit2.o(.ARM.Collect$$libinit$$00000017)
    __rt_lib_init_lc_time_1                  0x08000203   Thumb Code     0  libinit2.o(.ARM.Collect$$libinit$$00000019)
    __rt_lib_init_preinit_1                  0x08000203   Thumb Code     0  libinit2.o(.ARM.Collect$$libinit$$00000004)
    __rt_lib_init_rand_1                     0x08000203   Thumb Code     0  libinit2.o(.ARM.Collect$$libinit$$0000000E)
    __rt_lib_init_signal_1                   0x08000203   Thumb Code     0  libinit2.o(.ARM.Collect$$libinit$$0000001D)
    __rt_lib_init_stdio_1                    0x08000203   Thumb Code     0  libinit2.o(.ARM.Collect$$libinit$$00000025)
    __rt_lib_init_user_alloc_1               0x08000203   Thumb Code     0  libinit2.o(.ARM.Collect$$libinit$$0000000C)
    __rt_lib_init_cpp_1                      0x08000207   Thumb Code     0  libinit2.o(.ARM.Collect$$libinit$$00000032)
    __rt_lib_init_return                     0x08000207   Thumb Code     0  libinit2.o(.ARM.Collect$$libinit$$00000033)
    __rt_lib_shutdown                        0x08000209   Thumb Code     0  libshutdown.o(.ARM.Collect$$libshutdown$$00000000)
    __rt_lib_shutdown_cpp_1                  0x0800020b   Thumb Code     0  libshutdown2.o(.ARM.Collect$$libshutdown$$00000002)
    __rt_lib_shutdown_fp_trap_1              0x0800020b   Thumb Code     0  libshutdown2.o(.ARM.Collect$$libshutdown$$00000007)
    __rt_lib_shutdown_heap_1                 0x0800020b   Thumb Code     0  libshutdown2.o(.ARM.Collect$$libshutdown$$0000000F)
    __rt_lib_shutdown_return                 0x0800020b   Thumb Code     0  libshutdown2.o(.ARM.Collect$$libshutdown$$00000010)
    __rt_lib_shutdown_signal_1               0x0800020b   Thumb Code     0  libshutdown2.o(.ARM.Collect$$libshutdown$$0000000A)
    __rt_lib_shutdown_stdio_1                0x0800020b   Thumb Code     0  libshutdown2.o(.ARM.Collect$$libshutdown$$00000004)
    __rt_lib_shutdown_user_alloc_1           0x0800020b   Thumb Code     0  libshutdown2.o(.ARM.Collect$$libshutdown$$0000000C)
    __rt_entry                               0x0800020d   Thumb Code     0  __rtentry.o(.ARM.Collect$$rtentry$$00000000)
    __rt_entry_presh_1                       0x0800020d   Thumb Code     0  __rtentry2.o(.ARM.Collect$$rtentry$$00000002)
    __rt_entry_sh                            0x0800020d   Thumb Code     0  __rtentry4.o(.ARM.Collect$$rtentry$$00000004)
    __rt_entry_li                            0x08000213   Thumb Code     0  __rtentry2.o(.ARM.Collect$$rtentry$$0000000A)
    __rt_entry_postsh_1                      0x08000213   Thumb Code     0  __rtentry2.o(.ARM.Collect$$rtentry$$00000009)
    __rt_entry_main                          0x08000217   Thumb Code     0  __rtentry2.o(.ARM.Collect$$rtentry$$0000000D)
    __rt_entry_postli_1                      0x08000217   Thumb Code     0  __rtentry2.o(.ARM.Collect$$rtentry$$0000000C)
    __rt_exit                                0x0800021f   Thumb Code     0  rtexit.o(.ARM.Collect$$rtexit$$00000000)
    __rt_exit_ls                             0x08000221   Thumb Code     0  rtexit2.o(.ARM.Collect$$rtexit$$00000003)
    __rt_exit_prels_1                        0x08000221   Thumb Code     0  rtexit2.o(.ARM.Collect$$rtexit$$00000002)
    __rt_exit_exit                           0x08000225   Thumb Code     0  rtexit2.o(.ARM.Collect$$rtexit$$00000004)
    Reset_Handler                            0x0800022d   Thumb Code     8  startup_stm32f407xx.o(.text)
    ADC_IRQHandler                           0x08000247   Thumb Code     0  startup_stm32f407xx.o(.text)
    CAN1_RX0_IRQHandler                      0x08000247   Thumb Code     0  startup_stm32f407xx.o(.text)
    CAN1_RX1_IRQHandler                      0x08000247   Thumb Code     0  startup_stm32f407xx.o(.text)
    CAN1_SCE_IRQHandler                      0x08000247   Thumb Code     0  startup_stm32f407xx.o(.text)
    CAN1_TX_IRQHandler                       0x08000247   Thumb Code     0  startup_stm32f407xx.o(.text)
    CAN2_RX0_IRQHandler                      0x08000247   Thumb Code     0  startup_stm32f407xx.o(.text)
    CAN2_RX1_IRQHandler                      0x08000247   Thumb Code     0  startup_stm32f407xx.o(.text)
    CAN2_SCE_IRQHandler                      0x08000247   Thumb Code     0  startup_stm32f407xx.o(.text)
    CAN2_TX_IRQHandler                       0x08000247   Thumb Code     0  startup_stm32f407xx.o(.text)
    DCMI_IRQHandler                          0x08000247   Thumb Code     0  startup_stm32f407xx.o(.text)
    DMA1_Stream0_IRQHandler                  0x08000247   Thumb Code     0  startup_stm32f407xx.o(.text)
    DMA1_Stream1_IRQHandler                  0x08000247   Thumb Code     0  startup_stm32f407xx.o(.text)
    DMA1_Stream3_IRQHandler                  0x08000247   Thumb Code     0  startup_stm32f407xx.o(.text)
    DMA1_Stream6_IRQHandler                  0x08000247   Thumb Code     0  startup_stm32f407xx.o(.text)
    DMA2_Stream0_IRQHandler                  0x08000247   Thumb Code     0  startup_stm32f407xx.o(.text)
    DMA2_Stream1_IRQHandler                  0x08000247   Thumb Code     0  startup_stm32f407xx.o(.text)
    DMA2_Stream2_IRQHandler                  0x08000247   Thumb Code     0  startup_stm32f407xx.o(.text)
    DMA2_Stream3_IRQHandler                  0x08000247   Thumb Code     0  startup_stm32f407xx.o(.text)
    DMA2_Stream4_IRQHandler                  0x08000247   Thumb Code     0  startup_stm32f407xx.o(.text)
    DMA2_Stream5_IRQHandler                  0x08000247   Thumb Code     0  startup_stm32f407xx.o(.text)
    DMA2_Stream6_IRQHandler                  0x08000247   Thumb Code     0  startup_stm32f407xx.o(.text)
    DMA2_Stream7_IRQHandler                  0x08000247   Thumb Code     0  startup_stm32f407xx.o(.text)
    ETH_IRQHandler                           0x08000247   Thumb Code     0  startup_stm32f407xx.o(.text)
    ETH_WKUP_IRQHandler                      0x08000247   Thumb Code     0  startup_stm32f407xx.o(.text)
    EXTI0_IRQHandler                         0x08000247   Thumb Code     0  startup_stm32f407xx.o(.text)
    EXTI15_10_IRQHandler                     0x08000247   Thumb Code     0  startup_stm32f407xx.o(.text)
    EXTI1_IRQHandler                         0x08000247   Thumb Code     0  startup_stm32f407xx.o(.text)
    EXTI2_IRQHandler                         0x08000247   Thumb Code     0  startup_stm32f407xx.o(.text)
    EXTI3_IRQHandler                         0x08000247   Thumb Code     0  startup_stm32f407xx.o(.text)
    EXTI4_IRQHandler                         0x08000247   Thumb Code     0  startup_stm32f407xx.o(.text)
    EXTI9_5_IRQHandler                       0x08000247   Thumb Code     0  startup_stm32f407xx.o(.text)
    FLASH_IRQHandler                         0x08000247   Thumb Code     0  startup_stm32f407xx.o(.text)
    FMC_IRQHandler                           0x08000247   Thumb Code     0  startup_stm32f407xx.o(.text)
    FPU_IRQHandler                           0x08000247   Thumb Code     0  startup_stm32f407xx.o(.text)
    HASH_RNG_IRQHandler                      0x08000247   Thumb Code     0  startup_stm32f407xx.o(.text)
    I2C1_ER_IRQHandler                       0x08000247   Thumb Code     0  startup_stm32f407xx.o(.text)
    I2C1_EV_IRQHandler                       0x08000247   Thumb Code     0  startup_stm32f407xx.o(.text)
    I2C2_ER_IRQHandler                       0x08000247   Thumb Code     0  startup_stm32f407xx.o(.text)
    I2C2_EV_IRQHandler                       0x08000247   Thumb Code     0  startup_stm32f407xx.o(.text)
    I2C3_ER_IRQHandler                       0x08000247   Thumb Code     0  startup_stm32f407xx.o(.text)
    I2C3_EV_IRQHandler                       0x08000247   Thumb Code     0  startup_stm32f407xx.o(.text)
    OTG_FS_IRQHandler                        0x08000247   Thumb Code     0  startup_stm32f407xx.o(.text)
    OTG_FS_WKUP_IRQHandler                   0x08000247   Thumb Code     0  startup_stm32f407xx.o(.text)
    OTG_HS_EP1_IN_IRQHandler                 0x08000247   Thumb Code     0  startup_stm32f407xx.o(.text)
    OTG_HS_EP1_OUT_IRQHandler                0x08000247   Thumb Code     0  startup_stm32f407xx.o(.text)
    OTG_HS_IRQHandler                        0x08000247   Thumb Code     0  startup_stm32f407xx.o(.text)
    OTG_HS_WKUP_IRQHandler                   0x08000247   Thumb Code     0  startup_stm32f407xx.o(.text)
    PVD_IRQHandler                           0x08000247   Thumb Code     0  startup_stm32f407xx.o(.text)
    RCC_IRQHandler                           0x08000247   Thumb Code     0  startup_stm32f407xx.o(.text)
    RTC_Alarm_IRQHandler                     0x08000247   Thumb Code     0  startup_stm32f407xx.o(.text)
    RTC_WKUP_IRQHandler                      0x08000247   Thumb Code     0  startup_stm32f407xx.o(.text)
    SDIO_IRQHandler                          0x08000247   Thumb Code     0  startup_stm32f407xx.o(.text)
    SPI1_IRQHandler                          0x08000247   Thumb Code     0  startup_stm32f407xx.o(.text)
    SPI2_IRQHandler                          0x08000247   Thumb Code     0  startup_stm32f407xx.o(.text)
    SPI3_IRQHandler                          0x08000247   Thumb Code     0  startup_stm32f407xx.o(.text)
    TAMP_STAMP_IRQHandler                    0x08000247   Thumb Code     0  startup_stm32f407xx.o(.text)
    TIM1_BRK_TIM9_IRQHandler                 0x08000247   Thumb Code     0  startup_stm32f407xx.o(.text)
    TIM1_CC_IRQHandler                       0x08000247   Thumb Code     0  startup_stm32f407xx.o(.text)
    TIM1_TRG_COM_TIM11_IRQHandler            0x08000247   Thumb Code     0  startup_stm32f407xx.o(.text)
    TIM1_UP_TIM10_IRQHandler                 0x08000247   Thumb Code     0  startup_stm32f407xx.o(.text)
    TIM2_IRQHandler                          0x08000247   Thumb Code     0  startup_stm32f407xx.o(.text)
    TIM3_IRQHandler                          0x08000247   Thumb Code     0  startup_stm32f407xx.o(.text)
    TIM4_IRQHandler                          0x08000247   Thumb Code     0  startup_stm32f407xx.o(.text)
    TIM5_IRQHandler                          0x08000247   Thumb Code     0  startup_stm32f407xx.o(.text)
    TIM6_DAC_IRQHandler                      0x08000247   Thumb Code     0  startup_stm32f407xx.o(.text)
    TIM7_IRQHandler                          0x08000247   Thumb Code     0  startup_stm32f407xx.o(.text)
    TIM8_BRK_TIM12_IRQHandler                0x08000247   Thumb Code     0  startup_stm32f407xx.o(.text)
    TIM8_CC_IRQHandler                       0x08000247   Thumb Code     0  startup_stm32f407xx.o(.text)
    TIM8_TRG_COM_TIM14_IRQHandler            0x08000247   Thumb Code     0  startup_stm32f407xx.o(.text)
    TIM8_UP_TIM13_IRQHandler                 0x08000247   Thumb Code     0  startup_stm32f407xx.o(.text)
    UART4_IRQHandler                         0x08000247   Thumb Code     0  startup_stm32f407xx.o(.text)
    UART5_IRQHandler                         0x08000247   Thumb Code     0  startup_stm32f407xx.o(.text)
    USART1_IRQHandler                        0x08000247   Thumb Code     0  startup_stm32f407xx.o(.text)
    USART2_IRQHandler                        0x08000247   Thumb Code     0  startup_stm32f407xx.o(.text)
    USART3_IRQHandler                        0x08000247   Thumb Code     0  startup_stm32f407xx.o(.text)
    USART6_IRQHandler                        0x08000247   Thumb Code     0  startup_stm32f407xx.o(.text)
    WWDG_IRQHandler                          0x08000247   Thumb Code     0  startup_stm32f407xx.o(.text)
    __user_initial_stackheap                 0x08000249   Thumb Code     0  startup_stm32f407xx.o(.text)
    __aeabi_uldivmod                         0x0800026d   Thumb Code     0  lludivv7m.o(.text)
    _ll_udiv                                 0x0800026d   Thumb Code   240  lludivv7m.o(.text)
    __aeabi_memclr4                          0x0800035d   Thumb Code     0  rt_memclr_w.o(.text)
    __aeabi_memclr8                          0x0800035d   Thumb Code     0  rt_memclr_w.o(.text)
    __rt_memclr_w                            0x0800035d   Thumb Code    78  rt_memclr_w.o(.text)
    _memset_w                                0x08000361   Thumb Code     0  rt_memclr_w.o(.text)
    __use_two_region_memory                  0x080003ab   Thumb Code     2  heapauxi.o(.text)
    __rt_heap_escrow$2region                 0x080003ad   Thumb Code     2  heapauxi.o(.text)
    __rt_heap_expand$2region                 0x080003af   Thumb Code     2  heapauxi.o(.text)
    __cpp_initialize__aeabi_                 0x080003b1   Thumb Code    28  init_aeabi.o(.text)
    __user_setup_stackheap                   0x080003d5   Thumb Code    74  sys_stackheap_outer.o(.text)
    exit                                     0x0800041f   Thumb Code    18  exit.o(.text)
    __user_libspace                          0x08000431   Thumb Code     8  libspace.o(.text)
    __user_perproc_libspace                  0x08000431   Thumb Code     0  libspace.o(.text)
    __user_perthread_libspace                0x08000431   Thumb Code     0  libspace.o(.text)
    _sys_exit                                0x08000439   Thumb Code     8  sys_exit.o(.text)
    __I$use$semihosting                      0x08000445   Thumb Code     0  use_no_semi.o(.text)
    __use_no_semihosting_swi                 0x08000445   Thumb Code     2  use_no_semi.o(.text)
    __semihosting_library_function           0x08000447   Thumb Code     0  indicate_semi.o(.text)
    BusFault_Handler                         0x08000449   Thumb Code     2  stm32f4xx_it.o(.text.BusFault_Handler)
    DMA1_Stream2_IRQHandler                  0x0800044d   Thumb Code    16  stm32f4xx_it.o(.text.DMA1_Stream2_IRQHandler)
    DMA1_Stream4_IRQHandler                  0x0800045d   Thumb Code    16  stm32f4xx_it.o(.text.DMA1_Stream4_IRQHandler)
    DMA1_Stream5_IRQHandler                  0x0800046d   Thumb Code    16  stm32f4xx_it.o(.text.DMA1_Stream5_IRQHandler)
    DMA1_Stream7_IRQHandler                  0x0800047d   Thumb Code    16  stm32f4xx_it.o(.text.DMA1_Stream7_IRQHandler)
    DebugMon_Handler                         0x08000549   Thumb Code     2  stm32f4xx_it.o(.text.DebugMon_Handler)
    Error_Handler                            0x0800054d   Thumb Code     2  main.o(.text.Error_Handler)
    HAL_DMA_IRQHandler                       0x08000551   Thumb Code   396  stm32f4xx_hal_dma.o(.text.HAL_DMA_IRQHandler)
    HAL_DMA_Init                             0x080006dd   Thumb Code   206  stm32f4xx_hal_dma.o(.text.HAL_DMA_Init)
    HAL_DMA_Start_IT                         0x080007ad   Thumb Code    98  stm32f4xx_hal_dma.o(.text.HAL_DMA_Start_IT)
    HAL_GPIO_Init                            0x08000811   Thumb Code   404  stm32f4xx_hal_gpio.o(.text.HAL_GPIO_Init)
    HAL_GPIO_WritePin                        0x080009a5   Thumb Code    10  stm32f4xx_hal_gpio.o(.text.HAL_GPIO_WritePin)
    HAL_GetTick                              0x080009b1   Thumb Code    12  stm32f4xx_hal.o(.text.HAL_GetTick)
    HAL_I2C_Init                             0x080009bd   Thumb Code   398  stm32f4xx_hal_i2c.o(.text.HAL_I2C_Init)
    HAL_I2C_MspInit                          0x08000b4d   Thumb Code   116  stm32f4xx_hal_msp.o(.text.HAL_I2C_MspInit)
    HAL_IncTick                              0x08000bc1   Thumb Code    26  stm32f4xx_hal.o(.text.HAL_IncTick)
    HAL_Init                                 0x08000bdd   Thumb Code    54  stm32f4xx_hal.o(.text.HAL_Init)
    HAL_InitTick                             0x08000c15   Thumb Code    80  stm32f4xx_hal.o(.text.HAL_InitTick)
    HAL_MspInit                              0x08000c65   Thumb Code    64  stm32f4xx_hal_msp.o(.text.HAL_MspInit)
    HAL_NVIC_EnableIRQ                       0x08000ca5   Thumb Code     8  stm32f4xx_hal_cortex.o(.text.HAL_NVIC_EnableIRQ)
    HAL_NVIC_SetPriority                     0x08000cad   Thumb Code    30  stm32f4xx_hal_cortex.o(.text.HAL_NVIC_SetPriority)
    HAL_NVIC_SetPriorityGrouping             0x08000ccd   Thumb Code     8  stm32f4xx_hal_cortex.o(.text.HAL_NVIC_SetPriorityGrouping)
    HAL_RCC_ClockConfig                      0x08000cd5   Thumb Code   352  stm32f4xx_hal_rcc.o(.text.HAL_RCC_ClockConfig)
    HAL_RCC_GetHCLKFreq                      0x08000e35   Thumb Code    12  stm32f4xx_hal_rcc.o(.text.HAL_RCC_GetHCLKFreq)
    HAL_RCC_GetPCLK1Freq                     0x08000e41   Thumb Code    34  stm32f4xx_hal_rcc.o(.text.HAL_RCC_GetPCLK1Freq)
    HAL_RCC_GetSysClockFreq                  0x08000e65   Thumb Code   106  stm32f4xx_hal_rcc.o(.text.HAL_RCC_GetSysClockFreq)
    HAL_RCC_OscConfig                        0x08000ed1   Thumb Code   820  stm32f4xx_hal_rcc.o(.text.HAL_RCC_OscConfig)
    HAL_SYSTICK_Config                       0x08001205   Thumb Code     8  stm32f4xx_hal_cortex.o(.text.HAL_SYSTICK_Config)
    HAL_TIMEx_BreakCallback                  0x0800120d   Thumb Code     2  stm32f4xx_hal_tim_ex.o(.text.HAL_TIMEx_BreakCallback)
    HAL_TIMEx_CommutCallback                 0x08001211   Thumb Code     2  stm32f4xx_hal_tim_ex.o(.text.HAL_TIMEx_CommutCallback)
    HAL_TIMEx_CommutHalfCpltCallback         0x08001215   Thumb Code     2  stm32f4xx_hal_tim_ex.o(.text.HAL_TIMEx_CommutHalfCpltCallback)
    HAL_TIMEx_MasterConfigSynchronization    0x08001219   Thumb Code   184  stm32f4xx_hal_tim_ex.o(.text.HAL_TIMEx_MasterConfigSynchronization)
    HAL_TIM_Base_Init                        0x080012d1   Thumb Code    74  stm32f4xx_hal_tim.o(.text.HAL_TIM_Base_Init)
    HAL_TIM_Base_MspInit                     0x0800131d   Thumb Code   242  stm32f4xx_hal_msp.o(.text.HAL_TIM_Base_MspInit)
    HAL_TIM_Base_Start_IT                    0x08001411   Thumb Code    32  stm32f4xx_hal_tim.o(.text.HAL_TIM_Base_Start_IT)
    HAL_TIM_ErrorCallback                    0x08001431   Thumb Code     2  stm32f4xx_hal_tim.o(.text.HAL_TIM_ErrorCallback)
    HAL_TIM_IC_CaptureCallback               0x08001435   Thumb Code     2  stm32f4xx_hal_tim.o(.text.HAL_TIM_IC_CaptureCallback)
    HAL_TIM_IC_CaptureHalfCpltCallback       0x08001439   Thumb Code     2  stm32f4xx_hal_tim.o(.text.HAL_TIM_IC_CaptureHalfCpltCallback)
    HAL_TIM_IC_ConfigChannel                 0x0800143d   Thumb Code   152  stm32f4xx_hal_tim.o(.text.HAL_TIM_IC_ConfigChannel)
    HAL_TIM_IC_Init                          0x080014d5   Thumb Code    74  stm32f4xx_hal_tim.o(.text.HAL_TIM_IC_Init)
    HAL_TIM_IC_MspInit                       0x08001521   Thumb Code     2  stm32f4xx_hal_tim.o(.text.HAL_TIM_IC_MspInit)
    HAL_TIM_MspPostInit                      0x08001525   Thumb Code    90  stm32f4xx_hal_msp.o(.text.HAL_TIM_MspPostInit)
    HAL_TIM_OC_DelayElapsedCallback          0x08001581   Thumb Code     2  stm32f4xx_hal_tim.o(.text.HAL_TIM_OC_DelayElapsedCallback)
    HAL_TIM_PWM_ConfigChannel                0x08001585   Thumb Code   160  stm32f4xx_hal_tim.o(.text.HAL_TIM_PWM_ConfigChannel)
    HAL_TIM_PWM_Init                         0x08001625   Thumb Code    74  stm32f4xx_hal_tim.o(.text.HAL_TIM_PWM_Init)
    HAL_TIM_PWM_MspInit                      0x08001671   Thumb Code   370  stm32f4xx_hal_msp.o(.text.HAL_TIM_PWM_MspInit)
    HAL_TIM_PWM_PulseFinishedCallback        0x080017e5   Thumb Code     2  stm32f4xx_hal_tim.o(.text.HAL_TIM_PWM_PulseFinishedCallback)
    HAL_TIM_PWM_PulseFinishedHalfCpltCallback 0x080017e9   Thumb Code     2  stm32f4xx_hal_tim.o(.text.HAL_TIM_PWM_PulseFinishedHalfCpltCallback)
    HAL_TIM_PWM_Start_DMA                    0x080017ed   Thumb Code   380  stm32f4xx_hal_tim.o(.text.HAL_TIM_PWM_Start_DMA)
    HAL_TIM_PeriodElapsedCallback            0x08001969   Thumb Code     2  stm32f4xx_hal_tim.o(.text.HAL_TIM_PeriodElapsedCallback)
    HAL_TIM_PeriodElapsedHalfCpltCallback    0x0800196d   Thumb Code     2  stm32f4xx_hal_tim.o(.text.HAL_TIM_PeriodElapsedHalfCpltCallback)
    HAL_TIM_RegisterCallback                 0x08001971   Thumb Code   252  stm32f4xx_hal_tim.o(.text.HAL_TIM_RegisterCallback)
    HAL_TIM_SlaveConfigSynchro               0x08001a6d   Thumb Code    74  stm32f4xx_hal_tim.o(.text.HAL_TIM_SlaveConfigSynchro)
    HAL_TIM_TriggerCallback                  0x08001ab9   Thumb Code     2  stm32f4xx_hal_tim.o(.text.HAL_TIM_TriggerCallback)
    HAL_TIM_TriggerHalfCpltCallback          0x08001abd   Thumb Code     2  stm32f4xx_hal_tim.o(.text.HAL_TIM_TriggerHalfCpltCallback)
    HardFault_Handler                        0x08001ac1   Thumb Code     2  stm32f4xx_it.o(.text.HardFault_Handler)
    MemManage_Handler                        0x08001ac5   Thumb Code     2  stm32f4xx_it.o(.text.MemManage_Handler)
    NMI_Handler                              0x08001ac9   Thumb Code     2  stm32f4xx_it.o(.text.NMI_Handler)
    PendSV_Handler                           0x08001af9   Thumb Code     2  stm32f4xx_it.o(.text.PendSV_Handler)
    SVC_Handler                              0x08001afd   Thumb Code     2  stm32f4xx_it.o(.text.SVC_Handler)
    SysTick_Handler                          0x08001b31   Thumb Code     8  stm32f4xx_it.o(.text.SysTick_Handler)
    SystemInit                               0x08001b39   Thumb Code    26  system_stm32f4xx.o(.text.SystemInit)
    TIM_Base_SetConfig                       0x08001b55   Thumb Code   292  stm32f4xx_hal_tim.o(.text.TIM_Base_SetConfig)
    TIM_CCxChannelCmd                        0x08001c79   Thumb Code    36  stm32f4xx_hal_tim.o(.text.TIM_CCxChannelCmd)
    TIM_DMADelayPulseCplt                    0x08001c9d   Thumb Code    60  stm32f4xx_hal_tim.o(.text.TIM_DMADelayPulseCplt)
    TIM_DMADelayPulseHalfCplt                0x08001cd9   Thumb Code    60  stm32f4xx_hal_tim.o(.text.TIM_DMADelayPulseHalfCplt)
    TIM_DMAError                             0x08001d15   Thumb Code    18  stm32f4xx_hal_tim.o(.text.TIM_DMAError)
    TIM_ETR_SetConfig                        0x08001d29   Thumb Code    22  stm32f4xx_hal_tim.o(.text.TIM_ETR_SetConfig)
    TIM_OC2_SetConfig                        0x08001da5   Thumb Code   106  stm32f4xx_hal_tim.o(.text.TIM_OC2_SetConfig)
    TIM_ResetCallback                        0x08001ecd   Thumb Code   142  stm32f4xx_hal_tim.o(.text.TIM_ResetCallback)
    TIM_TI1_SetConfig                        0x08002009   Thumb Code   168  stm32f4xx_hal_tim.o(.text.TIM_TI1_SetConfig)
    UsageFault_Handler                       0x08002181   Thumb Code     2  stm32f4xx_it.o(.text.UsageFault_Handler)
    SystemClock_Config()                     0x08002191   Thumb Code   154  main.o(.text._Z18SystemClock_Configv)
    DShot_PWM_Array_Update(__TIM_HandleTypeDef*) 0x0800222d   Thumb Code   144  main.o(.text._Z22DShot_PWM_Array_UpdateP19__TIM_HandleTypeDef)
    PID_Loop(__TIM_HandleTypeDef*)           0x080022bd   Thumb Code     2  main.o(.text._Z8PID_LoopP19__TIM_HandleTypeDef)
    PozyxClass::PozyxClass__sub_object(I2C_HandleTypeDef*, unsigned) 0x0800277d   Thumb Code     6  main.o(.text._ZN10PozyxClassC2EP17I2C_HandleTypeDefj)
    DShot::computeChecksum(unsigned short)   0x08002785   Thumb Code    22  dshot.o(.text._ZN5DShot15computeChecksumEt)
    DShot::prepareDshotPacket(dshotProtocolControl*) 0x0800279d   Thumb Code    30  dshot.o(.text._ZN5DShot18prepareDshotPacketEP20dshotProtocolControl)
    DShot::convertDshotPacketToPWM_Array(unsigned short) 0x080027bd   Thumb Code    78  dshot.o(.text._ZN5DShot29convertDshotPacketToPWM_ArrayEt)
    DShot::update(unsigned short, bool)      0x0800280d   Thumb Code    38  dshot.o(.text._ZN5DShot6updateEtb)
    DShot::bitToPWM(bool)                    0x08002835   Thumb Code     6  dshot.o(.text._ZN5DShot8bitToPWMEb)
    DShot::DShot(unsigned)                   0x08002841   Thumb Code    56  dshot.o(.text._ZN5DShotC2Ej)
    DShot::DShot__sub_object(unsigned)       0x08002841   Thumb Code    56  dshot.o(.text._ZN5DShotC2Ej)
    main                                     0x0800293d   Thumb Code   170  main.o(.text.main)
    __aeabi_d2uiz                            0x080029e9   Thumb Code     0  dfixu.o(x$fpl$dfixu)
    _dfixu                                   0x080029e9   Thumb Code    90  dfixu.o(x$fpl$dfixu)
    __aeabi_ui2d                             0x08002a43   Thumb Code     0  dflt_clz.o(x$fpl$dfltu)
    _dfltu                                   0x08002a43   Thumb Code    38  dflt_clz.o(x$fpl$dfltu)
    __aeabi_dmul                             0x08002a69   Thumb Code     0  dmul.o(x$fpl$dmul)
    _dmul                                    0x08002a69   Thumb Code   332  dmul.o(x$fpl$dmul)
    __fpl_dnaninf                            0x08002bbd   Thumb Code   156  dnaninf.o(x$fpl$dnaninf)
    __fpl_dretinf                            0x08002c59   Thumb Code    12  dretinf.o(x$fpl$dretinf)
    _fp_init                                 0x08002c65   Thumb Code    26  fpinit.o(x$fpl$fpinit)
    __fplib_config_fpu_vfp                   0x08002c7d   Thumb Code     0  fpinit.o(x$fpl$fpinit)
    __fplib_config_pureend_doubles           0x08002c7d   Thumb Code     0  fpinit.o(x$fpl$fpinit)
    AHBPrescTable                            0x08002c7e   Data          16  system_stm32f4xx.o(.rodata.AHBPrescTable)
    __I$use$fp                               0x08002c7e   Number         0  usenofp.o(x$fpl$usenofp)
    APBPrescTable                            0x08002c8e   Data           8  system_stm32f4xx.o(.rodata.APBPrescTable)
    Region$$Table$$Base                      0x08002c98   Number         0  anon$$obj.o(Region$$Table)
    Region$$Table$$Limit                     0x08002cb8   Number         0  anon$$obj.o(Region$$Table)
    SHT$$INIT_ARRAY$$Base                    0x08002cb8   Number         0  main.o(.init_array)
    SHT$$INIT_ARRAY$$Limit                   0x08002cbc   Number         0  init_aeabi.o(.init_array)
    SystemCoreClock                          0x20000000   Data           4  system_stm32f4xx.o(.data.SystemCoreClock)
    motorNo                                  0x20000004   Data           4  main.o(.data.motorNo)
    throttle                                 0x20000008   Data           8  main.o(.data.throttle)
    uwTickFreq                               0x20000010   Data           1  stm32f4xx_hal.o(.data.uwTickFreq)
    uwTickPrio                               0x20000014   Data           4  stm32f4xx_hal.o(.data.uwTickPrio)
    __libspace_start                         0x20000018   Data          96  libspace.o(.bss)
    Pozyx                                    0x20000078   Data          24  main.o(.bss.Pozyx)
    __temporary_stack_top$libspace           0x20000078   Data           0  libspace.o(.bss)
    dshot                                    0x20000090   Data         560  main.o(.bss.dshot)
    emniyet                                  0x200002c0   Data           1  main.o(.bss.emniyet)
    hdma_tim3_ch1_trig                       0x200002c4   Data          96  main.o(.bss.hdma_tim3_ch1_trig)
    hdma_tim3_ch2                            0x20000324   Data          96  main.o(.bss.hdma_tim3_ch2)
    hdma_tim3_ch3                            0x20000384   Data          96  main.o(.bss.hdma_tim3_ch3)
    hdma_tim3_ch4_up                         0x200003e4   Data          96  main.o(.bss.hdma_tim3_ch4_up)
    hi2c1                                    0x20000444   Data          84  main.o(.bss.hi2c1)
    htim2                                    0x20000498   Data         172  main.o(.bss.htim2)
    htim3                                    0x20000544   Data         172  main.o(.bss.htim3)
    htim5                                    0x200005f0   Data         172  main.o(.bss.htim5)
    htim6                                    0x2000069c   Data         172  main.o(.bss.htim6)
    uwTick                                   0x20000748   Data           4  stm32f4xx_hal.o(.bss.uwTick)



==============================================================================

Memory Map of the image

  Image Entry point : 0x08000189

  Load Region LR_IROM1 (Base: 0x08000000, Size: 0x00002cd8, Max: 0x00100000, ABSOLUTE)

    Execution Region ER_IROM1 (Exec base: 0x08000000, Load base: 0x08000000, Size: 0x00002cbc, Max: 0x00100000, ABSOLUTE)

    Exec Addr    Load Addr    Size         Type   Attr      Idx    E Section Name        Object

    0x08000000   0x08000000   0x00000188   Data   RO            3    RESET               startup_stm32f407xx.o
    0x08000188   0x08000188   0x00000008   Code   RO         1390  * !!!main             c_w.l(__main.o)
    0x08000190   0x08000190   0x00000034   Code   RO         1620    !!!scatter          c_w.l(__scatter.o)
    0x080001c4   0x080001c4   0x0000001a   Code   RO         1622    !!handler_copy      c_w.l(__scatter_copy.o)
    0x080001de   0x080001de   0x00000002   PAD
    0x080001e0   0x080001e0   0x0000001c   Code   RO         1624    !!handler_zi        c_w.l(__scatter_zi.o)
    0x080001fc   0x080001fc   0x00000002   Code   RO         1537    .ARM.Collect$$libinit$$00000000  c_w.l(libinit.o)
    0x080001fe   0x080001fe   0x00000004   Code   RO         1435    .ARM.Collect$$libinit$$00000001  c_w.l(libinit2.o)
    0x08000202   0x08000202   0x00000000   Code   RO         1438    .ARM.Collect$$libinit$$00000004  c_w.l(libinit2.o)
    0x08000202   0x08000202   0x00000000   Code   RO         1441    .ARM.Collect$$libinit$$0000000A  c_w.l(libinit2.o)
    0x08000202   0x08000202   0x00000000   Code   RO         1443    .ARM.Collect$$libinit$$0000000C  c_w.l(libinit2.o)
    0x08000202   0x08000202   0x00000000   Code   RO         1445    .ARM.Collect$$libinit$$0000000E  c_w.l(libinit2.o)
    0x08000202   0x08000202   0x00000000   Code   RO         1448    .ARM.Collect$$libinit$$00000011  c_w.l(libinit2.o)
    0x08000202   0x08000202   0x00000000   Code   RO         1450    .ARM.Collect$$libinit$$00000013  c_w.l(libinit2.o)
    0x08000202   0x08000202   0x00000000   Code   RO         1452    .ARM.Collect$$libinit$$00000015  c_w.l(libinit2.o)
    0x08000202   0x08000202   0x00000000   Code   RO         1454    .ARM.Collect$$libinit$$00000017  c_w.l(libinit2.o)
    0x08000202   0x08000202   0x00000000   Code   RO         1456    .ARM.Collect$$libinit$$00000019  c_w.l(libinit2.o)
    0x08000202   0x08000202   0x00000000   Code   RO         1458    .ARM.Collect$$libinit$$0000001B  c_w.l(libinit2.o)
    0x08000202   0x08000202   0x00000000   Code   RO         1460    .ARM.Collect$$libinit$$0000001D  c_w.l(libinit2.o)
    0x08000202   0x08000202   0x00000000   Code   RO         1462    .ARM.Collect$$libinit$$0000001F  c_w.l(libinit2.o)
    0x08000202   0x08000202   0x00000000   Code   RO         1464    .ARM.Collect$$libinit$$00000021  c_w.l(libinit2.o)
    0x08000202   0x08000202   0x00000000   Code   RO         1466    .ARM.Collect$$libinit$$00000023  c_w.l(libinit2.o)
    0x08000202   0x08000202   0x00000000   Code   RO         1468    .ARM.Collect$$libinit$$00000025  c_w.l(libinit2.o)
    0x08000202   0x08000202   0x00000000   Code   RO         1472    .ARM.Collect$$libinit$$0000002C  c_w.l(libinit2.o)
    0x08000202   0x08000202   0x00000000   Code   RO         1474    .ARM.Collect$$libinit$$0000002E  c_w.l(libinit2.o)
    0x08000202   0x08000202   0x00000000   Code   RO         1476    .ARM.Collect$$libinit$$00000030  c_w.l(libinit2.o)
    0x08000202   0x08000202   0x00000004   Code   RO         1477    .ARM.Collect$$libinit$$00000031  c_w.l(libinit2.o)
    0x08000206   0x08000206   0x00000000   Code   RO         1478    .ARM.Collect$$libinit$$00000032  c_w.l(libinit2.o)
    0x08000206   0x08000206   0x00000002   Code   RO         1479    .ARM.Collect$$libinit$$00000033  c_w.l(libinit2.o)
    0x08000208   0x08000208   0x00000002   Code   RO         1587    .ARM.Collect$$libshutdown$$00000000  c_w.l(libshutdown.o)
    0x0800020a   0x0800020a   0x00000000   Code   RO         1603    .ARM.Collect$$libshutdown$$00000002  c_w.l(libshutdown2.o)
    0x0800020a   0x0800020a   0x00000000   Code   RO         1605    .ARM.Collect$$libshutdown$$00000004  c_w.l(libshutdown2.o)
    0x0800020a   0x0800020a   0x00000000   Code   RO         1608    .ARM.Collect$$libshutdown$$00000007  c_w.l(libshutdown2.o)
    0x0800020a   0x0800020a   0x00000000   Code   RO         1611    .ARM.Collect$$libshutdown$$0000000A  c_w.l(libshutdown2.o)
    0x0800020a   0x0800020a   0x00000000   Code   RO         1613    .ARM.Collect$$libshutdown$$0000000C  c_w.l(libshutdown2.o)
    0x0800020a   0x0800020a   0x00000000   Code   RO         1616    .ARM.Collect$$libshutdown$$0000000F  c_w.l(libshutdown2.o)
    0x0800020a   0x0800020a   0x00000002   Code   RO         1617    .ARM.Collect$$libshutdown$$00000010  c_w.l(libshutdown2.o)
    0x0800020c   0x0800020c   0x00000000   Code   RO         1428    .ARM.Collect$$rtentry$$00000000  c_w.l(__rtentry.o)
    0x0800020c   0x0800020c   0x00000000   Code   RO         1498    .ARM.Collect$$rtentry$$00000002  c_w.l(__rtentry2.o)
    0x0800020c   0x0800020c   0x00000006   Code   RO         1510    .ARM.Collect$$rtentry$$00000004  c_w.l(__rtentry4.o)
    0x08000212   0x08000212   0x00000000   Code   RO         1500    .ARM.Collect$$rtentry$$00000009  c_w.l(__rtentry2.o)
    0x08000212   0x08000212   0x00000004   Code   RO         1501    .ARM.Collect$$rtentry$$0000000A  c_w.l(__rtentry2.o)
    0x08000216   0x08000216   0x00000000   Code   RO         1503    .ARM.Collect$$rtentry$$0000000C  c_w.l(__rtentry2.o)
    0x08000216   0x08000216   0x00000008   Code   RO         1504    .ARM.Collect$$rtentry$$0000000D  c_w.l(__rtentry2.o)
    0x0800021e   0x0800021e   0x00000002   Code   RO         1545    .ARM.Collect$$rtexit$$00000000  c_w.l(rtexit.o)
    0x08000220   0x08000220   0x00000000   Code   RO         1567    .ARM.Collect$$rtexit$$00000002  c_w.l(rtexit2.o)
    0x08000220   0x08000220   0x00000004   Code   RO         1568    .ARM.Collect$$rtexit$$00000003  c_w.l(rtexit2.o)
    0x08000224   0x08000224   0x00000006   Code   RO         1569    .ARM.Collect$$rtexit$$00000004  c_w.l(rtexit2.o)
    0x0800022a   0x0800022a   0x00000002   PAD
    0x0800022c   0x0800022c   0x00000040   Code   RO            4    .text               startup_stm32f407xx.o
    0x0800026c   0x0800026c   0x000000f0   Code   RO         1380    .text               c_w.l(lludivv7m.o)
    0x0800035c   0x0800035c   0x0000004e   Code   RO         1386    .text               c_w.l(rt_memclr_w.o)
    0x080003aa   0x080003aa   0x00000006   Code   RO         1388    .text               c_w.l(heapauxi.o)
    0x080003b0   0x080003b0   0x00000024   Code   RO         1395    .text               c_w.l(init_aeabi.o)
    0x080003d4   0x080003d4   0x0000004a   Code   RO         1520    .text               c_w.l(sys_stackheap_outer.o)
    0x0800041e   0x0800041e   0x00000012   Code   RO         1522    .text               c_w.l(exit.o)
    0x08000430   0x08000430   0x00000008   Code   RO         1542    .text               c_w.l(libspace.o)
    0x08000438   0x08000438   0x0000000c   Code   RO         1559    .text               c_w.l(sys_exit.o)
    0x08000444   0x08000444   0x00000002   Code   RO         1563    .text               c_w.l(use_no_semi.o)
    0x08000446   0x08000446   0x00000000   Code   RO         1565    .text               c_w.l(indicate_semi.o)
    0x08000446   0x08000446   0x00000002   PAD
    0x08000448   0x08000448   0x00000002   Code   RO          371    .text.BusFault_Handler  stm32f4xx_it.o
    0x0800044a   0x0800044a   0x00000002   PAD
    0x0800044c   0x0800044c   0x00000010   Code   RO          383    .text.DMA1_Stream2_IRQHandler  stm32f4xx_it.o
    0x0800045c   0x0800045c   0x00000010   Code   RO          385    .text.DMA1_Stream4_IRQHandler  stm32f4xx_it.o
    0x0800046c   0x0800046c   0x00000010   Code   RO          387    .text.DMA1_Stream5_IRQHandler  stm32f4xx_it.o
    0x0800047c   0x0800047c   0x00000010   Code   RO          389    .text.DMA1_Stream7_IRQHandler  stm32f4xx_it.o
    0x0800048c   0x0800048c   0x0000003c   Code   RO          777    .text.DMA_CalcBaseAndBitshift  stm32f4xx_hal_dma.o
    0x080004c8   0x080004c8   0x00000050   Code   RO          775    .text.DMA_CheckFifoParam  stm32f4xx_hal_dma.o
    0x08000518   0x08000518   0x00000030   Code   RO          783    .text.DMA_SetConfig  stm32f4xx_hal_dma.o
    0x08000548   0x08000548   0x00000002   Code   RO          377    .text.DebugMon_Handler  stm32f4xx_it.o
    0x0800054a   0x0800054a   0x00000002   PAD
    0x0800054c   0x0800054c   0x00000002   Code   RO          327    .text.Error_Handler  main.o
    0x0800054e   0x0800054e   0x00000002   PAD
    0x08000550   0x08000550   0x0000018c   Code   RO          793    .text.HAL_DMA_IRQHandler  stm32f4xx_hal_dma.o
    0x080006dc   0x080006dc   0x000000ce   Code   RO          773    .text.HAL_DMA_Init  stm32f4xx_hal_dma.o
    0x080007aa   0x080007aa   0x00000002   PAD
    0x080007ac   0x080007ac   0x00000062   Code   RO          785    .text.HAL_DMA_Start_IT  stm32f4xx_hal_dma.o
    0x0800080e   0x0800080e   0x00000002   PAD
    0x08000810   0x08000810   0x00000194   Code   RO          733    .text.HAL_GPIO_Init  stm32f4xx_hal_gpio.o
    0x080009a4   0x080009a4   0x0000000a   Code   RO          739    .text.HAL_GPIO_WritePin  stm32f4xx_hal_gpio.o
    0x080009ae   0x080009ae   0x00000002   PAD
    0x080009b0   0x080009b0   0x0000000c   Code   RO          957    .text.HAL_GetTick   stm32f4xx_hal.o
    0x080009bc   0x080009bc   0x0000018e   Code   RO          422    .text.HAL_I2C_Init  stm32f4xx_hal_i2c.o
    0x08000b4a   0x08000b4a   0x00000002   PAD
    0x08000b4c   0x08000b4c   0x00000074   Code   RO          400    .text.HAL_I2C_MspInit  stm32f4xx_hal_msp.o
    0x08000bc0   0x08000bc0   0x0000001a   Code   RO          955    .text.HAL_IncTick   stm32f4xx_hal.o
    0x08000bda   0x08000bda   0x00000002   PAD
    0x08000bdc   0x08000bdc   0x00000036   Code   RO          945    .text.HAL_Init      stm32f4xx_hal.o
    0x08000c12   0x08000c12   0x00000002   PAD
    0x08000c14   0x08000c14   0x00000050   Code   RO          947    .text.HAL_InitTick  stm32f4xx_hal.o
    0x08000c64   0x08000c64   0x00000040   Code   RO          398    .text.HAL_MspInit   stm32f4xx_hal_msp.o
    0x08000ca4   0x08000ca4   0x00000008   Code   RO          885    .text.HAL_NVIC_EnableIRQ  stm32f4xx_hal_cortex.o
    0x08000cac   0x08000cac   0x0000001e   Code   RO          877    .text.HAL_NVIC_SetPriority  stm32f4xx_hal_cortex.o
    0x08000cca   0x08000cca   0x00000002   PAD
    0x08000ccc   0x08000ccc   0x00000008   Code   RO          873    .text.HAL_NVIC_SetPriorityGrouping  stm32f4xx_hal_cortex.o
    0x08000cd4   0x08000cd4   0x00000160   Code   RO          597    .text.HAL_RCC_ClockConfig  stm32f4xx_hal_rcc.o
    0x08000e34   0x08000e34   0x0000000c   Code   RO          607    .text.HAL_RCC_GetHCLKFreq  stm32f4xx_hal_rcc.o
    0x08000e40   0x08000e40   0x00000022   Code   RO          609    .text.HAL_RCC_GetPCLK1Freq  stm32f4xx_hal_rcc.o
    0x08000e62   0x08000e62   0x00000002   PAD
    0x08000e64   0x08000e64   0x0000006a   Code   RO          599    .text.HAL_RCC_GetSysClockFreq  stm32f4xx_hal_rcc.o
    0x08000ece   0x08000ece   0x00000002   PAD
    0x08000ed0   0x08000ed0   0x00000334   Code   RO          595    .text.HAL_RCC_OscConfig  stm32f4xx_hal_rcc.o
    0x08001204   0x08001204   0x00000008   Code   RO          897    .text.HAL_SYSTICK_Config  stm32f4xx_hal_cortex.o
    0x0800120c   0x0800120c   0x00000002   Code   RO         1352    .text.HAL_TIMEx_BreakCallback  stm32f4xx_hal_tim_ex.o
    0x0800120e   0x0800120e   0x00000002   PAD
    0x08001210   0x08001210   0x00000002   Code   RO         1348    .text.HAL_TIMEx_CommutCallback  stm32f4xx_hal_tim_ex.o
    0x08001212   0x08001212   0x00000002   PAD
    0x08001214   0x08001214   0x00000002   Code   RO         1350    .text.HAL_TIMEx_CommutHalfCpltCallback  stm32f4xx_hal_tim_ex.o
    0x08001216   0x08001216   0x00000002   PAD
    0x08001218   0x08001218   0x000000b8   Code   RO         1342    .text.HAL_TIMEx_MasterConfigSynchronization  stm32f4xx_hal_tim_ex.o
    0x080012d0   0x080012d0   0x0000004a   Code   RO         1036    .text.HAL_TIM_Base_Init  stm32f4xx_hal_tim.o
    0x0800131a   0x0800131a   0x00000002   PAD
    0x0800131c   0x0800131c   0x000000f2   Code   RO          404    .text.HAL_TIM_Base_MspInit  stm32f4xx_hal_msp.o
    0x0800140e   0x0800140e   0x00000002   PAD
    0x08001410   0x08001410   0x00000020   Code   RO         1052    .text.HAL_TIM_Base_Start_IT  stm32f4xx_hal_tim.o
    0x08001430   0x08001430   0x00000002   Code   RO         1252    .text.HAL_TIM_ErrorCallback  stm32f4xx_hal_tim.o
    0x08001432   0x08001432   0x00000002   PAD
    0x08001434   0x08001434   0x00000002   Code   RO         1240    .text.HAL_TIM_IC_CaptureCallback  stm32f4xx_hal_tim.o
    0x08001436   0x08001436   0x00000002   PAD
    0x08001438   0x08001438   0x00000002   Code   RO         1242    .text.HAL_TIM_IC_CaptureHalfCpltCallback  stm32f4xx_hal_tim.o
    0x0800143a   0x0800143a   0x00000002   PAD
    0x0800143c   0x0800143c   0x00000098   Code   RO         1184    .text.HAL_TIM_IC_ConfigChannel  stm32f4xx_hal_tim.o
    0x080014d4   0x080014d4   0x0000004a   Code   RO         1112    .text.HAL_TIM_IC_Init  stm32f4xx_hal_tim.o
    0x0800151e   0x0800151e   0x00000002   PAD
    0x08001520   0x08001520   0x00000002   Code   RO         1114    .text.HAL_TIM_IC_MspInit  stm32f4xx_hal_tim.o
    0x08001522   0x08001522   0x00000002   PAD
    0x08001524   0x08001524   0x0000005a   Code   RO          408    .text.HAL_TIM_MspPostInit  stm32f4xx_hal_msp.o
    0x0800157e   0x0800157e   0x00000002   PAD
    0x08001580   0x08001580   0x00000002   Code   RO         1238    .text.HAL_TIM_OC_DelayElapsedCallback  stm32f4xx_hal_tim.o
    0x08001582   0x08001582   0x00000002   PAD
    0x08001584   0x08001584   0x000000a0   Code   RO         1194    .text.HAL_TIM_PWM_ConfigChannel  stm32f4xx_hal_tim.o
    0x08001624   0x08001624   0x0000004a   Code   RO         1092    .text.HAL_TIM_PWM_Init  stm32f4xx_hal_tim.o
    0x0800166e   0x0800166e   0x00000002   PAD
    0x08001670   0x08001670   0x00000172   Code   RO          406    .text.HAL_TIM_PWM_MspInit  stm32f4xx_hal_msp.o
    0x080017e2   0x080017e2   0x00000002   PAD
    0x080017e4   0x080017e4   0x00000002   Code   RO         1244    .text.HAL_TIM_PWM_PulseFinishedCallback  stm32f4xx_hal_tim.o
    0x080017e6   0x080017e6   0x00000002   PAD
    0x080017e8   0x080017e8   0x00000002   Code   RO         1246    .text.HAL_TIM_PWM_PulseFinishedHalfCpltCallback  stm32f4xx_hal_tim.o
    0x080017ea   0x080017ea   0x00000002   PAD
    0x080017ec   0x080017ec   0x0000017c   Code   RO         1108    .text.HAL_TIM_PWM_Start_DMA  stm32f4xx_hal_tim.o
    0x08001968   0x08001968   0x00000002   Code   RO         1234    .text.HAL_TIM_PeriodElapsedCallback  stm32f4xx_hal_tim.o
    0x0800196a   0x0800196a   0x00000002   PAD
    0x0800196c   0x0800196c   0x00000002   Code   RO         1236    .text.HAL_TIM_PeriodElapsedHalfCpltCallback  stm32f4xx_hal_tim.o
    0x0800196e   0x0800196e   0x00000002   PAD
    0x08001970   0x08001970   0x000000fc   Code   RO         1254    .text.HAL_TIM_RegisterCallback  stm32f4xx_hal_tim.o
    0x08001a6c   0x08001a6c   0x0000004a   Code   RO         1226    .text.HAL_TIM_SlaveConfigSynchro  stm32f4xx_hal_tim.o
    0x08001ab6   0x08001ab6   0x00000002   PAD
    0x08001ab8   0x08001ab8   0x00000002   Code   RO         1248    .text.HAL_TIM_TriggerCallback  stm32f4xx_hal_tim.o
    0x08001aba   0x08001aba   0x00000002   PAD
    0x08001abc   0x08001abc   0x00000002   Code   RO         1250    .text.HAL_TIM_TriggerHalfCpltCallback  stm32f4xx_hal_tim.o
    0x08001abe   0x08001abe   0x00000002   PAD
    0x08001ac0   0x08001ac0   0x00000002   Code   RO          367    .text.HardFault_Handler  stm32f4xx_it.o
    0x08001ac2   0x08001ac2   0x00000002   PAD
    0x08001ac4   0x08001ac4   0x00000002   Code   RO          369    .text.MemManage_Handler  stm32f4xx_it.o
    0x08001ac6   0x08001ac6   0x00000002   PAD
    0x08001ac8   0x08001ac8   0x00000002   Code   RO          365    .text.NMI_Handler   stm32f4xx_it.o
    0x08001aca   0x08001aca   0x00000002   PAD
    0x08001acc   0x08001acc   0x0000002c   Code   RO          883    .text.NVIC_EncodePriority  stm32f4xx_hal_cortex.o
    0x08001af8   0x08001af8   0x00000002   Code   RO          379    .text.PendSV_Handler  stm32f4xx_it.o
    0x08001afa   0x08001afa   0x00000002   PAD
    0x08001afc   0x08001afc   0x00000002   Code   RO          375    .text.SVC_Handler   stm32f4xx_it.o
    0x08001afe   0x08001afe   0x00000002   PAD
    0x08001b00   0x08001b00   0x0000002e   Code   RO          899    .text.SysTick_Config  stm32f4xx_hal_cortex.o
    0x08001b2e   0x08001b2e   0x00000002   PAD
    0x08001b30   0x08001b30   0x00000008   Code   RO          381    .text.SysTick_Handler  stm32f4xx_it.o
    0x08001b38   0x08001b38   0x0000001a   Code   RO         1364    .text.SystemInit    system_stm32f4xx.o
    0x08001b52   0x08001b52   0x00000002   PAD
    0x08001b54   0x08001b54   0x00000124   Code   RO         1042    .text.TIM_Base_SetConfig  stm32f4xx_hal_tim.o
    0x08001c78   0x08001c78   0x00000024   Code   RO         1076    .text.TIM_CCxChannelCmd  stm32f4xx_hal_tim.o
    0x08001c9c   0x08001c9c   0x0000003c   Code   RO         1086    .text.TIM_DMADelayPulseCplt  stm32f4xx_hal_tim.o
    0x08001cd8   0x08001cd8   0x0000003c   Code   RO         1088    .text.TIM_DMADelayPulseHalfCplt  stm32f4xx_hal_tim.o
    0x08001d14   0x08001d14   0x00000012   Code   RO         1062    .text.TIM_DMAError  stm32f4xx_hal_tim.o
    0x08001d26   0x08001d26   0x00000002   PAD
    0x08001d28   0x08001d28   0x00000016   Code   RO         1214    .text.TIM_ETR_SetConfig  stm32f4xx_hal_tim.o
    0x08001d3e   0x08001d3e   0x00000002   PAD
    0x08001d40   0x08001d40   0x00000064   Code   RO         1176    .text.TIM_OC1_SetConfig  stm32f4xx_hal_tim.o
    0x08001da4   0x08001da4   0x0000006a   Code   RO         1178    .text.TIM_OC2_SetConfig  stm32f4xx_hal_tim.o
    0x08001e0e   0x08001e0e   0x00000002   PAD
    0x08001e10   0x08001e10   0x0000006a   Code   RO         1180    .text.TIM_OC3_SetConfig  stm32f4xx_hal_tim.o
    0x08001e7a   0x08001e7a   0x00000002   PAD
    0x08001e7c   0x08001e7c   0x00000050   Code   RO         1182    .text.TIM_OC4_SetConfig  stm32f4xx_hal_tim.o
    0x08001ecc   0x08001ecc   0x0000008e   Code   RO         1038    .text.TIM_ResetCallback  stm32f4xx_hal_tim.o
    0x08001f5a   0x08001f5a   0x00000002   PAD
    0x08001f5c   0x08001f5c   0x00000086   Code   RO         1228    .text.TIM_SlaveTimer_SetConfig  stm32f4xx_hal_tim.o
    0x08001fe2   0x08001fe2   0x00000002   PAD
    0x08001fe4   0x08001fe4   0x00000022   Code   RO         1218    .text.TIM_TI1_ConfigInputStage  stm32f4xx_hal_tim.o
    0x08002006   0x08002006   0x00000002   PAD
    0x08002008   0x08002008   0x000000a8   Code   RO         1186    .text.TIM_TI1_SetConfig  stm32f4xx_hal_tim.o
    0x080020b0   0x080020b0   0x00000024   Code   RO         1222    .text.TIM_TI2_ConfigInputStage  stm32f4xx_hal_tim.o
    0x080020d4   0x080020d4   0x0000003c   Code   RO         1188    .text.TIM_TI2_SetConfig  stm32f4xx_hal_tim.o
    0x08002110   0x08002110   0x00000034   Code   RO         1190    .text.TIM_TI3_SetConfig  stm32f4xx_hal_tim.o
    0x08002144   0x08002144   0x0000003c   Code   RO         1192    .text.TIM_TI4_SetConfig  stm32f4xx_hal_tim.o
    0x08002180   0x08002180   0x00000002   Code   RO          373    .text.UsageFault_Handler  stm32f4xx_it.o
    0x08002182   0x08002182   0x00000002   PAD
    0x08002184   0x08002184   0x0000000c   Code   RO          331    .text._GLOBAL__sub_I_main.c  main.o
    0x08002190   0x08002190   0x0000009a   Code   RO          307    .text._Z18SystemClock_Configv  main.o
    0x0800222a   0x0800222a   0x00000002   PAD
    0x0800222c   0x0800222c   0x00000090   Code   RO          323    .text._Z22DShot_PWM_Array_UpdateP19__TIM_HandleTypeDef  main.o
    0x080022bc   0x080022bc   0x00000002   Code   RO          325    .text._Z8PID_LoopP19__TIM_HandleTypeDef  main.o
    0x080022be   0x080022be   0x00000002   PAD
    0x080022c0   0x080022c0   0x00000066   Code   RO          311    .text._ZL11MX_DMA_Initv  main.o
    0x08002326   0x08002326   0x00000002   PAD
    0x08002328   0x08002328   0x00000206   Code   RO          309    .text._ZL12MX_GPIO_Initv  main.o
    0x0800252e   0x0800252e   0x00000002   PAD
    0x08002530   0x08002530   0x00000036   Code   RO          317    .text._ZL12MX_I2C1_Initv  main.o
    0x08002566   0x08002566   0x00000002   PAD
    0x08002568   0x08002568   0x000000a4   Code   RO          319    .text._ZL12MX_TIM2_Initv  main.o
    0x0800260c   0x0800260c   0x00000086   Code   RO          313    .text._ZL12MX_TIM3_Initv  main.o
    0x08002692   0x08002692   0x00000002   PAD
    0x08002694   0x08002694   0x000000a8   Code   RO          315    .text._ZL12MX_TIM5_Initv  main.o
    0x0800273c   0x0800273c   0x0000003e   Code   RO          321    .text._ZL12MX_TIM6_Initv  main.o
    0x0800277a   0x0800277a   0x00000002   PAD
    0x0800277c   0x0800277c   0x00000006   Code   RO          362    .text._ZN10PozyxClassC2EP17I2C_HandleTypeDefj  main.o
    0x08002782   0x08002782   0x00000002   PAD
    0x08002784   0x08002784   0x00000016   Code   RO           15    .text._ZN5DShot15computeChecksumEt  dshot.o
    0x0800279a   0x0800279a   0x00000002   PAD
    0x0800279c   0x0800279c   0x0000001e   Code   RO           17    .text._ZN5DShot18prepareDshotPacketEP20dshotProtocolControl  dshot.o
    0x080027ba   0x080027ba   0x00000002   PAD
    0x080027bc   0x080027bc   0x0000004e   Code   RO           19    .text._ZN5DShot29convertDshotPacketToPWM_ArrayEt  dshot.o
    0x0800280a   0x0800280a   0x00000002   PAD
    0x0800280c   0x0800280c   0x00000026   Code   RO           21    .text._ZN5DShot6updateEtb  dshot.o
    0x08002832   0x08002832   0x00000002   PAD
    0x08002834   0x08002834   0x00000006   Code   RO           13    .text._ZN5DShot8bitToPWMEb  dshot.o
    0x0800283a   0x0800283a   0x00000006   PAD
    0x08002840   0x08002840   0x00000038   Code   RO           11    .text._ZN5DShotC2Ej  dshot.o
    0x08002878   0x08002878   0x00000020   Code   RO          887    .text.__NVIC_EnableIRQ  stm32f4xx_hal_cortex.o
    0x08002898   0x08002898   0x00000010   Code   RO          879    .text.__NVIC_GetPriorityGrouping  stm32f4xx_hal_cortex.o
    0x080028a8   0x080028a8   0x00000022   Code   RO          881    .text.__NVIC_SetPriority  stm32f4xx_hal_cortex.o
    0x080028ca   0x080028ca   0x00000002   PAD
    0x080028cc   0x080028cc   0x00000020   Code   RO          875    .text.__NVIC_SetPriorityGrouping  stm32f4xx_hal_cortex.o
    0x080028ec   0x080028ec   0x00000032   Code   RO          301    .text.__cxx_global_var_init  main.o
    0x0800291e   0x0800291e   0x00000002   PAD
    0x08002920   0x08002920   0x0000001c   Code   RO          303    .text.__cxx_global_var_init.1  main.o
    0x0800293c   0x0800293c   0x000000aa   Code   RO          305    .text.main          main.o
    0x080029e6   0x080029e6   0x00000002   PAD
    0x080029e8   0x080029e8   0x0000005a   Code   RO         1414    x$fpl$dfixu         fz_wm.l(dfixu.o)
    0x08002a42   0x08002a42   0x00000026   Code   RO         1418    x$fpl$dfltu         fz_wm.l(dflt_clz.o)
    0x08002a68   0x08002a68   0x00000154   Code   RO         1424    x$fpl$dmul          fz_wm.l(dmul.o)
    0x08002bbc   0x08002bbc   0x0000009c   Code   RO         1490    x$fpl$dnaninf       fz_wm.l(dnaninf.o)
    0x08002c58   0x08002c58   0x0000000c   Code   RO         1492    x$fpl$dretinf       fz_wm.l(dretinf.o)
    0x08002c64   0x08002c64   0x0000001a   Code   RO         1518    x$fpl$fpinit        fz_wm.l(fpinit.o)
    0x08002c7e   0x08002c7e   0x00000000   Code   RO         1496    x$fpl$usenofp       fz_wm.l(usenofp.o)
    0x08002c7e   0x08002c7e   0x00000010   Data   RO         1369    .rodata.AHBPrescTable  system_stm32f4xx.o
    0x08002c8e   0x08002c8e   0x00000008   Data   RO         1370    .rodata.APBPrescTable  system_stm32f4xx.o
    0x08002c96   0x08002c96   0x00000002   PAD
    0x08002c98   0x08002c98   0x00000020   Data   RO         1619    Region$$Table       anon$$obj.o
    0x08002cb8   0x08002cb8   0x00000004   Data   RO          353    .init_array         main.o
    0x08002cbc   0x08002cb8   0x00000000   Data   RO         1393    .init_array         c_w.l(init_aeabi.o)


    Execution Region RW_IRAM2 (Exec base: 0x10000000, Load base: 0x08002cd8, Size: 0x00000000, Max: 0x00010000, ABSOLUTE)

    **** No section assigned to this execution region ****


    Execution Region RW_IRAM1 (Exec base: 0x20000000, Load base: 0x08002cc0, Size: 0x00000d50, Max: 0x00020000, ABSOLUTE)

    Exec Addr    Load Addr    Size         Type   Attr      Idx    E Section Name        Object

    0x20000000   0x08002cc0   0x00000004   Data   RW         1368    .data.SystemCoreClock  system_stm32f4xx.o
    0x20000004   0x08002cc4   0x00000004   Data   RW          343    .data.motorNo       main.o
    0x20000008   0x08002cc8   0x00000008   Data   RW          344    .data.throttle      main.o
    0x20000010   0x08002cd0   0x00000001   Data   RW         1000    .data.uwTickFreq    stm32f4xx_hal.o
    0x20000011   0x08002cd1   0x00000003   PAD
    0x20000014   0x08002cd4   0x00000004   Data   RW          999    .data.uwTickPrio    stm32f4xx_hal.o
    0x20000018        -       0x00000060   Zero   RW         1543    .bss                c_w.l(libspace.o)
    0x20000078        -       0x00000018   Zero   RW          346    .bss.Pozyx          main.o
    0x20000090        -       0x00000230   Zero   RW          342    .bss.dshot          main.o
    0x200002c0        -       0x00000001   Zero   RW          345    .bss.emniyet        main.o
    0x200002c1   0x08002cd8   0x00000003   PAD
    0x200002c4        -       0x00000060   Zero   RW          338    .bss.hdma_tim3_ch1_trig  main.o
    0x20000324        -       0x00000060   Zero   RW          339    .bss.hdma_tim3_ch2  main.o
    0x20000384        -       0x00000060   Zero   RW          340    .bss.hdma_tim3_ch3  main.o
    0x200003e4        -       0x00000060   Zero   RW          341    .bss.hdma_tim3_ch4_up  main.o
    0x20000444        -       0x00000054   Zero   RW          333    .bss.hi2c1          main.o
    0x20000498        -       0x000000ac   Zero   RW          334    .bss.htim2          main.o
    0x20000544        -       0x000000ac   Zero   RW          335    .bss.htim3          main.o
    0x200005f0        -       0x000000ac   Zero   RW          336    .bss.htim5          main.o
    0x2000069c        -       0x000000ac   Zero   RW          337    .bss.htim6          main.o
    0x20000748        -       0x00000004   Zero   RW         1001    .bss.uwTick         stm32f4xx_hal.o
    0x2000074c   0x08002cd8   0x00000004   PAD
    0x20000750        -       0x00000200   Zero   RW            2    HEAP                startup_stm32f407xx.o
    0x20000950        -       0x00000400   Zero   RW            1    STACK               startup_stm32f407xx.o


==============================================================================

Image component sizes


      Code (inc. data)   RO Data    RW Data    ZI Data      Debug   Object Name

       230          8          0          0          0       4411   dshot.o
      1770         64          4         12       1741      29710   main.o
        64         26        392          0       1536        840   startup_stm32f407xx.o
       172          0          0          5          4       7282   stm32f4xx_hal.o
       258          0          0          0          0      10323   stm32f4xx_hal_cortex.o
       888         12          0          0          0       8918   stm32f4xx_hal_dma.o
       414          0          0          0          0       5078   stm32f4xx_hal_gpio.o
       398          0          0          0          0      38845   stm32f4xx_hal_i2c.o
       882          0          0          0          0       8749   stm32f4xx_hal_msp.o
      1324          0          0          0          0       7287   stm32f4xx_hal_rcc.o
      2860         54          0          0          0      39949   stm32f4xx_hal_tim.o
       190          0          0          0          0      15357   stm32f4xx_hal_tim_ex.o
        88          0          0          0          0       1418   stm32f4xx_it.o
        26          0         24          4          0       2628   system_stm32f4xx.o

    ----------------------------------------------------------------------
      9696        164        454         24       3288     180795   Object Totals
         0          0         32          0          0          0   (incl. Generated)
       132          0          2          3          7          0   (incl. Padding)

    ----------------------------------------------------------------------

      Code (inc. data)   RO Data    RW Data    ZI Data      Debug   Library Member Name

         8          0          0          0          0         68   __main.o
         0          0          0          0          0          0   __rtentry.o
        12          0          0          0          0          0   __rtentry2.o
         6          0          0          0          0          0   __rtentry4.o
        52          8          0          0          0          0   __scatter.o
        26          0          0          0          0          0   __scatter_copy.o
        28          0          0          0          0          0   __scatter_zi.o
        18          0          0          0          0         80   exit.o
         6          0          0          0          0        152   heapauxi.o
         0          0          0          0          0          0   indicate_semi.o
        36          8          0          0          0         80   init_aeabi.o
         2          0          0          0          0          0   libinit.o
        10          0          0          0          0          0   libinit2.o
         2          0          0          0          0          0   libshutdown.o
         2          0          0          0          0          0   libshutdown2.o
         8          4          0          0         96         68   libspace.o
       240          0          0          0          0        100   lludivv7m.o
        78          0          0          0          0         80   rt_memclr_w.o
         2          0          0          0          0          0   rtexit.o
        10          0          0          0          0          0   rtexit2.o
        12          4          0          0          0         68   sys_exit.o
        74          0          0          0          0         80   sys_stackheap_outer.o
         2          0          0          0          0         68   use_no_semi.o
        90          4          0          0          0        140   dfixu.o
        38          0          0          0          0        116   dflt_clz.o
       340         12          0          0          0        152   dmul.o
       156          4          0          0          0        140   dnaninf.o
        12          0          0          0          0        116   dretinf.o
        26          0          0          0          0        116   fpinit.o
         0          0          0          0          0          0   usenofp.o

    ----------------------------------------------------------------------
      1302         44          0          0         96       1624   Library Totals
         6          0          0          0          0          0   (incl. Padding)

    ----------------------------------------------------------------------

      Code (inc. data)   RO Data    RW Data    ZI Data      Debug   Library Name

       634         24          0          0         96        844   c_w.l
       662         20          0          0          0        780   fz_wm.l

    ----------------------------------------------------------------------
      1302         44          0          0         96       1624   Library Totals

    ----------------------------------------------------------------------

==============================================================================


      Code (inc. data)   RO Data    RW Data    ZI Data      Debug   

     10998        208        454         24       3384     181415   Grand Totals
     10998        208        454         24       3384     181415   ELF Image Totals
     10998        208        454         24          0          0   ROM Totals

==============================================================================

    Total RO  Size (Code + RO Data)                11452 (  11.18kB)
    Total RW  Size (RW Data + ZI Data)              3408 (   3.33kB)
    Total ROM Size (Code + RO Data + RW Data)      11476 (  11.21kB)

==============================================================================

