Component: ARM Compiler 6.15 Tool: armlink [5dd79300]

==============================================================================

Section Cross References

    startup_stm32f407xx.o(STACK) refers (Special) to heapauxi.o(.text) for __use_two_region_memory
    startup_stm32f407xx.o(HEAP) refers (Special) to heapauxi.o(.text) for __use_two_region_memory
    startup_stm32f407xx.o(RESET) refers (Special) to heapauxi.o(.text) for __use_two_region_memory
    startup_stm32f407xx.o(RESET) refers to startup_stm32f407xx.o(STACK) for __initial_sp
    startup_stm32f407xx.o(RESET) refers to startup_stm32f407xx.o(.text) for Reset_Handler
    startup_stm32f407xx.o(RESET) refers to stm32f4xx_it.o(.text.NMI_Handler) for NMI_Handler
    startup_stm32f407xx.o(RESET) refers to stm32f4xx_it.o(.text.HardFault_Handler) for HardFault_Handler
    startup_stm32f407xx.o(RESET) refers to stm32f4xx_it.o(.text.MemManage_Handler) for MemManage_Handler
    startup_stm32f407xx.o(RESET) refers to stm32f4xx_it.o(.text.BusFault_Handler) for BusFault_Handler
    startup_stm32f407xx.o(RESET) refers to stm32f4xx_it.o(.text.UsageFault_Handler) for UsageFault_Handler
    startup_stm32f407xx.o(RESET) refers to stm32f4xx_it.o(.text.SVC_Handler) for SVC_Handler
    startup_stm32f407xx.o(RESET) refers to stm32f4xx_it.o(.text.DebugMon_Handler) for DebugMon_Handler
    startup_stm32f407xx.o(RESET) refers to stm32f4xx_it.o(.text.PendSV_Handler) for PendSV_Handler
    startup_stm32f407xx.o(RESET) refers to stm32f4xx_it.o(.text.SysTick_Handler) for SysTick_Handler
    startup_stm32f407xx.o(RESET) refers to stm32f4xx_it.o(.text.DMA1_Stream2_IRQHandler) for DMA1_Stream2_IRQHandler
    startup_stm32f407xx.o(RESET) refers to stm32f4xx_it.o(.text.DMA1_Stream4_IRQHandler) for DMA1_Stream4_IRQHandler
    startup_stm32f407xx.o(RESET) refers to stm32f4xx_it.o(.text.DMA1_Stream5_IRQHandler) for DMA1_Stream5_IRQHandler
    startup_stm32f407xx.o(RESET) refers to stm32f4xx_it.o(.text.DMA1_Stream7_IRQHandler) for DMA1_Stream7_IRQHandler
    startup_stm32f407xx.o(RESET) refers to stm32f4xx_it.o(.text.TIM5_IRQHandler) for TIM5_IRQHandler
    startup_stm32f407xx.o(RESET) refers to stm32f4xx_it.o(.text.TIM7_IRQHandler) for TIM7_IRQHandler
    startup_stm32f407xx.o(RESET) refers to stm32f4xx_it.o(.text.DMA2_Stream1_IRQHandler) for DMA2_Stream1_IRQHandler
    startup_stm32f407xx.o(.text) refers (Special) to heapauxi.o(.text) for __use_two_region_memory
    startup_stm32f407xx.o(.text) refers to system_stm32f4xx.o(.text.SystemInit) for SystemInit
    startup_stm32f407xx.o(.text) refers to __main.o(!!!main) for __main
    startup_stm32f407xx.o(.text) refers to startup_stm32f407xx.o(HEAP) for Heap_Mem
    startup_stm32f407xx.o(.text) refers to startup_stm32f407xx.o(STACK) for Stack_Mem
    dshot.o(.text._ZN5DShotC2Ej) refers to dflt_clz.o(x$fpl$dfltu) for __aeabi_ui2d
    dshot.o(.text._ZN5DShotC2Ej) refers to dmul.o(x$fpl$dmul) for __aeabi_dmul
    dshot.o(.text._ZN5DShotC2Ej) refers to dfixu.o(x$fpl$dfixu) for __aeabi_d2uiz
    dshot.o(.ARM.exidx.text._ZN5DShotC2Ej) refers to dshot.o(.text._ZN5DShotC2Ej) for [Anonymous Symbol]
    dshot.o(.ARM.exidx.text._ZN5DShot8bitToPWMEb) refers to dshot.o(.text._ZN5DShot8bitToPWMEb) for [Anonymous Symbol]
    dshot.o(.ARM.exidx.text._ZN5DShot15computeChecksumEt) refers to dshot.o(.text._ZN5DShot15computeChecksumEt) for [Anonymous Symbol]
    dshot.o(.text._ZN5DShot18prepareDshotPacketEP20dshotProtocolControl) refers to dshot.o(.text._ZN5DShot15computeChecksumEt) for DShot::computeChecksum(unsigned short)
    dshot.o(.ARM.exidx.text._ZN5DShot18prepareDshotPacketEP20dshotProtocolControl) refers to dshot.o(.text._ZN5DShot18prepareDshotPacketEP20dshotProtocolControl) for [Anonymous Symbol]
    dshot.o(.text._ZN5DShot29convertDshotPacketToPWM_ArrayEt) refers to rt_memclr_w.o(.text) for __aeabi_memclr4
    dshot.o(.text._ZN5DShot29convertDshotPacketToPWM_ArrayEt) refers to dshot.o(.text._ZN5DShot8bitToPWMEb) for DShot::bitToPWM(bool)
    dshot.o(.ARM.exidx.text._ZN5DShot29convertDshotPacketToPWM_ArrayEt) refers to dshot.o(.text._ZN5DShot29convertDshotPacketToPWM_ArrayEt) for [Anonymous Symbol]
    dshot.o(.text._ZN5DShot6updateEtb) refers to dshot.o(.text._ZN5DShot18prepareDshotPacketEP20dshotProtocolControl) for DShot::prepareDshotPacket(dshotProtocolControl*)
    dshot.o(.text._ZN5DShot6updateEtb) refers to dshot.o(.text._ZN5DShot29convertDshotPacketToPWM_ArrayEt) for DShot::convertDshotPacketToPWM_Array(unsigned short)
    dshot.o(.ARM.exidx.text._ZN5DShot6updateEtb) refers to dshot.o(.text._ZN5DShot6updateEtb) for [Anonymous Symbol]
    dshot.o(.ARM.exidx.text._ZN5DShot7setWaitEt) refers to dshot.o(.text._ZN5DShot7setWaitEt) for [Anonymous Symbol]
    dshot.o(.ARM.exidx.text._ZN5DShot9setRepeatEt) refers to dshot.o(.text._ZN5DShot9setRepeatEt) for [Anonymous Symbol]
    pozyx_core.o(.ARM.exidx.text._ZN10PozyxClass3IRQEv) refers to pozyx_core.o(.text._ZN10PozyxClass3IRQEv) for [Anonymous Symbol]
[...]
    x$fpl$dfltu                              0x080043c2   Section       38  dflt_clz.o(x$fpl$dfltu)
    $v0                                      0x080043e8   Number         0  dgeqf.o(x$fpl$dgeqf)
    x$fpl$dgeqf                              0x080043e8   Section      120  dgeqf.o(x$fpl$dgeqf)
    $v0                                      0x08004460   Number         0  dleqf.o(x$fpl$dleqf)
    x$fpl$dleqf                              0x08004460   Section      120  dleqf.o(x$fpl$dleqf)
    $v0                                      0x080044d8   Number         0  dmul.o(x$fpl$dmul)
    x$fpl$dmul                               0x080044d8   Section      340  dmul.o(x$fpl$dmul)
    $v0                                      0x0800462c   Number         0  dnaninf.o(x$fpl$dnaninf)
    x$fpl$dnaninf                            0x0800462c   Section      156  dnaninf.o(x$fpl$dnaninf)
    $v0                                      0x080046c8   Number         0  dretinf.o(x$fpl$dretinf)
    x$fpl$dretinf                            0x080046c8   Section       12  dretinf.o(x$fpl$dretinf)
    $v0                                      0x080046d4   Number         0  daddsub_clz.o(x$fpl$dsub)
    x$fpl$dsub                               0x080046d4   Section      468  daddsub_clz.o(x$fpl$dsub)
    _dsub1                                   0x080046e5   Thumb Code     0  daddsub_clz.o(x$fpl$dsub)
    $v0                                      0x080048a8   Number         0  f2d.o(x$fpl$f2d)
    x$fpl$f2d                                0x080048a8   Section       86  f2d.o(x$fpl$f2d)
    $v0                                      0x080048fe   Number         0  dcmp.o(x$fpl$fcmp)
    x$fpl$fcmp                               0x080048fe   Section       84  dcmp.o(x$fpl$fcmp)
    $v0                                      0x08004952   Number         0  fnaninf.o(x$fpl$fnaninf)
    x$fpl$fnaninf                            0x08004952   Section      140  fnaninf.o(x$fpl$fnaninf)
    $v0                                      0x080049de   Number         0  fpinit.o(x$fpl$fpinit)
    x$fpl$fpinit                             0x080049de   Section       26  fpinit.o(x$fpl$fpinit)
    x$fpl$usenofp                            0x080049f8   Section        0  usenofp.o(x$fpl$usenofp)
    .init_array                              0x08004a34   Section        0  init_aeabi.o(.init_array)
    .bss                                     0x20000018   Section       96  libspace.o(.bss)
    Heap_Mem                                 0x200008b8   Data         512  startup_stm32f407xx.o(HEAP)
    HEAP                                     0x200008b8   Section      512  startup_stm32f407xx.o(HEAP)
    Stack_Mem                                0x20000ab8   Data        1024  startup_stm32f407xx.o(STACK)
    STACK                                    0x20000ab8   Section     1024  startup_stm32f407xx.o(STACK)
    __initial_sp                             0x20000eb8   Data           0  startup_stm32f407xx.o(STACK)

    Global Symbols

    Symbol Name                              Value     Ov Type        Size  Object(Section)

    BuildAttributes$$THM_ISAv4$E$P$D$K$B$S$7EM$VFPi3$EXTD16$VFPS$VFMA$PE$A:L22UL41UL21$X:L11$S22US41US21$IEEE1$IW$~IW$USESV6$~STKCKD$USESV7$~SHL$OTIME$ROPI$EBA8$UX$STANDARDLIB$REQ8$PRES8$EABIv2 0x00000000   Number         0  anon$$obj.o ABSOLUTE
    __ARM_exceptions_init                     - Undefined Weak Reference
    __alloca_initialize                       - Undefined Weak Reference
    __arm_preinit_                            - Undefined Weak Reference
    __cxa_finalize                            - Undefined Weak Reference
    __rt_locale                               - Undefined Weak Reference
    __sigvec_lookup                           - Undefined Weak Reference
    __user_heap_extent                        - Undefined Weak Reference
    _atexit_init                              - Undefined Weak Reference
    _call_atexit_fns                          - Undefined Weak Reference
    _clock_init                               - Undefined Weak Reference
    _fp_trap_init                             - Undefined Weak Reference
    _fp_trap_shutdown                         - Undefined Weak Reference
    _get_lc_collate                           - Undefined Weak Reference
    _get_lc_ctype                             - Undefined Weak Reference
    _get_lc_monetary                          - Undefined Weak Reference
    _get_lc_numeric                           - Undefined Weak Reference
    _get_lc_time                              - Undefined Weak Reference
    _getenv_init                              - Undefined Weak Reference
    _handle_redirection                       - Undefined Weak Reference
    _initio                                   - Undefined Weak Reference
    _mutex_acquire                            - Undefined Weak Reference
    _mutex_free                               - Undefined Weak Reference
    _mutex_release                            - Undefined Weak Reference
    _rand_init                                - Undefined Weak Reference
    _signal_finish                            - Undefined Weak Reference
    _signal_init                              - Undefined Weak Reference
    _terminateio                              - Undefined Weak Reference
    __Vectors_Size                           0x00000188   Number         0  startup_stm32f407xx.o ABSOLUTE
    __Vectors                                0x08000000   Data           4  startup_stm32f407xx.o(RESET)
    __Vectors_End                            0x08000188   Data           0  startup_stm32f407xx.o(RESET)
    __main                                   0x08000189   Thumb Code     8  __main.o(!!!main)
    __scatterload                            0x08000191   Thumb Code     0  __scatter.o(!!!scatter)
    __scatterload_rt2                        0x08000191   Thumb Code    44  __scatter.o(!!!scatter)
    __scatterload_rt2_thumb_only             0x08000191   Thumb Code     0  __scatter.o(!!!scatter)
    __scatterload_null                       0x0800019f   Thumb Code     0  __scatter.o(!!!scatter)
    __scatterload_copy                       0x080001c5   Thumb Code    26  __scatter_copy.o(!!handler_copy)
    __scatterload_zeroinit                   0x080001e1   Thumb Code    28  __scatter_zi.o(!!handler_zi)
    __rt_lib_init                            0x080001fd   Thumb Code     0  libinit.o(.ARM.Collect$$libinit$$00000000)
    __rt_lib_init_fp_1                       0x080001ff   Thumb Code     0  libinit2.o(.ARM.Collect$$libinit$$00000001)
    __rt_lib_init_heap_2                     0x08000203   Thumb Code     0  libinit2.o(.ARM.Collect$$libinit$$00000005)
    __rt_lib_init_preinit_1                  0x08000203   Thumb Code     0  libinit2.o(.ARM.Collect$$libinit$$00000004)
    __rt_lib_init_alloca_1                   0x0800020b   Thumb Code     0  libinit2.o(.ARM.Collect$$libinit$$0000002E)
    __rt_lib_init_argv_1                     0x0800020b   Thumb Code     0  libinit2.o(.ARM.Collect$$libinit$$0000002C)
    __rt_lib_init_atexit_1                   0x0800020b   Thumb Code     0  libinit2.o(.ARM.Collect$$libinit$$0000001B)
    __rt_lib_init_clock_1                    0x0800020b   Thumb Code     0  libinit2.o(.ARM.Collect$$libinit$$00000021)
    __rt_lib_init_cpp_2                      0x0800020b   Thumb Code     0  libinit2.o(.ARM.Collect$$libinit$$00000031)
    __rt_lib_init_exceptions_1               0x0800020b   Thumb Code     0  libinit2.o(.ARM.Collect$$libinit$$00000030)
    __rt_lib_init_fp_trap_1                  0x0800020b   Thumb Code     0  libinit2.o(.ARM.Collect$$libinit$$0000001F)
    __rt_lib_init_getenv_1                   0x0800020b   Thumb Code     0  libinit2.o(.ARM.Collect$$libinit$$00000023)
    __rt_lib_init_heap_1                     0x0800020b   Thumb Code     0  libinit2.o(.ARM.Collect$$libinit$$0000000A)
    __rt_lib_init_lc_collate_1               0x0800020b   Thumb Code     0  libinit2.o(.ARM.Collect$$libinit$$00000011)
    __rt_lib_init_lc_ctype_1                 0x0800020b   Thumb Code     0  libinit2.o(.ARM.Collect$$libinit$$00000013)
    __rt_lib_init_lc_monetary_1              0x0800020b   Thumb Code     0  libinit2.o(.ARM.Collect$$libinit$$00000015)
    __rt_lib_init_lc_numeric_1               0x0800020b   Thumb Code     0  libinit2.o(.ARM.Collect$$libinit$$00000017)
    __rt_lib_init_lc_time_1                  0x0800020b   Thumb Code     0  libinit2.o(.ARM.Collect$$libinit$$00000019)
    __rt_lib_init_rand_1                     0x0800020b   Thumb Code     0  libinit2.o(.ARM.Collect$$libinit$$0000000E)
    __rt_lib_init_signal_1                   0x0800020b   Thumb Code     0  libinit2.o(.ARM.Collect$$libinit$$0000001D)
    __rt_lib_init_stdio_1                    0x0800020b   Thumb Code     0  libinit2.o(.ARM.Collect$$libinit$$00000025)
    __rt_lib_init_user_alloc_1               0x0800020b   Thumb Code     0  libinit2.o(.ARM.Collect$$libinit$$0000000C)
    __rt_lib_init_cpp_1                      0x0800020f   Thumb Code     0  libinit2.o(.ARM.Collect$$libinit$$00000032)
    __rt_lib_init_return                     0x0800020f   Thumb Code     0  libinit2.o(.ARM.Collect$$libinit$$00000033)
    __rt_lib_shutdown                        0x08000211   Thumb Code     0  libshutdown.o(.ARM.Collect$$libshutdown$$00000000)
    __rt_lib_shutdown_cpp_1                  0x08000213   Thumb Code     0  libshutdown2.o(.ARM.Collect$$libshutdown$$00000002)
    __rt_lib_shutdown_fp_trap_1              0x08000213   Thumb Code     0  libshutdown2.o(.ARM.Collect$$libshutdown$$00000007)
    __rt_lib_shutdown_heap_1                 0x08000213   Thumb Code     0  libshutdown2.o(.ARM.Collect$$libshutdown$$0000000F)
    __rt_lib_shutdown_return                 0x08000213   Thumb Code     0  libshutdown2.o(.ARM.Collect$$libshutdown$$00000010)
    __rt_lib_shutdown_signal_1               0x08000213   Thumb Code     0  libshutdown2.o(.ARM.Collect$$libshutdown$$0000000A)
    __rt_lib_shutdown_stdio_1                0x08000213   Thumb Code     0  libshutdown2.o(.ARM.Collect$$libshutdown$$00000004)
    __rt_lib_shutdown_user_alloc_1           0x08000213   Thumb Code     0  libshutdown2.o(.ARM.Collect$$libshutdown$$0000000C)
    __rt_entry                               0x08000215   Thumb Code     0  __rtentry.o(.ARM.Collect$$rtentry$$00000000)
    __rt_entry_presh_1                       0x08000215   Thumb Code     0  __rtentry2.o(.ARM.Collect$$rtentry$$00000002)
    __rt_entry_sh                            0x08000215   Thumb Code     0  __rtentry4.o(.ARM.Collect$$rtentry$$00000004)
    __rt_entry_li                            0x0800021b   Thumb Code     0  __rtentry2.o(.ARM.Collect$$rtentry$$0000000A)
    __rt_entry_postsh_1                      0x0800021b   Thumb Code     0  __rtentry2.o(.ARM.Collect$$rtentry$$00000009)
    __rt_entry_main                          0x0800021f   Thumb Code     0  __rtentry2.o(.ARM.Collect$$rtentry$$0000000D)
    __rt_entry_postli_1                      0x0800021f   Thumb Code     0  __rtentry2.o(.ARM.Collect$$rtentry$$0000000C)
    __rt_exit                                0x08000227   Thumb Code     0  rtexit.o(.ARM.Collect$$rtexit$$00000000)
    __rt_exit_ls                             0x08000229   Thumb Code     0  rtexit2.o(.ARM.Collect$$rtexit$$00000003)
    __rt_exit_prels_1                        0x08000229   Thumb Code     0  rtexit2.o(.ARM.Collect$$rtexit$$00000002)
    __rt_exit_exit                           0x0800022d   Thumb Code     0  rtexit2.o(.ARM.Collect$$rtexit$$00000004)
    Reset_Handler                            0x08000235   Thumb Code     8  startup_stm32f407xx.o(.text)
    ADC_IRQHandler                           0x0800024f   Thumb Code     0  startup_stm32f407xx.o(.text)
    CAN1_RX0_IRQHandler                      0x0800024f   Thumb Code     0  startup_stm32f407xx.o(.text)
    CAN1_RX1_IRQHandler                      0x0800024f   Thumb Code     0  startup_stm32f407xx.o(.text)
    CAN1_SCE_IRQHandler                      0x0800024f   Thumb Code     0  startup_stm32f407xx.o(.text)
    CAN1_TX_IRQHandler                       0x0800024f   Thumb Code     0  startup_stm32f407xx.o(.text)
    CAN2_RX0_IRQHandler                      0x0800024f   Thumb Code     0  startup_stm32f407xx.o(.text)
    CAN2_RX1_IRQHandler                      0x0800024f   Thumb Code     0  startup_stm32f407xx.o(.text)
    CAN2_SCE_IRQHandler                      0x0800024f   Thumb Code     0  startup_stm32f407xx.o(.text)
    CAN2_TX_IRQHandler                       0x0800024f   Thumb Code     0  startup_stm32f407xx.o(.text)
    DCMI_IRQHandler                          0x0800024f   Thumb Code     0  startup_stm32f407xx.o(.text)
    DMA1_Stream0_IRQHandler                  0x0800024f   Thumb Code     0  startup_stm32f407xx.o(.text)
    DMA1_Stream1_IRQHandler                  0x0800024f   Thumb Code     0  startup_stm32f407xx.o(.text)
    DMA1_Stream3_IRQHandler                  0x0800024f   Thumb Code     0  startup_stm32f407xx.o(.text)
    DMA1_Stream6_IRQHandler                  0x0800024f   Thumb Code     0  startup_stm32f407xx.o(.text)
    DMA2_Stream0_IRQHandler                  0x0800024f   Thumb Code     0  startup_stm32f407xx.o(.text)
    DMA2_Stream2_IRQHandler                  0x0800024f   Thumb Code     0  startup_stm32f407xx.o(.text)
    DMA2_Stream3_IRQHandler                  0x0800024f   Thumb Code     0  startup_stm32f407xx.o(.text)
    DMA2_Stream4_IRQHandler                  0x0800024f   Thumb Code     0  startup_stm32f407xx.o(.text)
    DMA2_Stream5_IRQHandler                  0x0800024f   Thumb Code     0  startup_stm32f407xx.o(.text)
    DMA2_Stream6_IRQHandler                  0x0800024f   Thumb Code     0  startup_stm32f407xx.o(.text)
    DMA2_Stream7_IRQHandler                  0x0800024f   Thumb Code     0  startup_stm32f407xx.o(.text)
    ETH_IRQHandler                           0x0800024f   Thumb Code     0  startup_stm32f407xx.o(.text)
    ETH_WKUP_IRQHandler                      0x0800024f   Thumb Code     0  startup_stm32f407xx.o(.text)
    EXTI0_IRQHandler                         0x0800024f   Thumb Code     0  startup_stm32f407xx.o(.text)
    EXTI15_10_IRQHandler                     0x0800024f   Thumb Code     0  startup_stm32f407xx.o(.text)
    EXTI1_IRQHandler                         0x0800024f   Thumb Code     0  startup_stm32f407xx.o(.text)
    EXTI2_IRQHandler                         0x0800024f   Thumb Code     0  startup_stm32f407xx.o(.text)
    EXTI3_IRQHandler                         0x0800024f   Thumb Code     0  startup_stm32f407xx.o(.text)
    EXTI4_IRQHandler                         0x0800024f   Thumb Code     0  startup_stm32f407xx.o(.text)
    EXTI9_5_IRQHandler                       0x0800024f   Thumb Code     0  startup_stm32f407xx.o(.text)
    FLASH_IRQHandler                         0x0800024f   Thumb Code     0  startup_stm32f407xx.o(.text)
    FMC_IRQHandler                           0x0800024f   Thumb Code     0  startup_stm32f407xx.o(.text)
    FPU_IRQHandler                           0x0800024f   Thumb Code     0  startup_stm32f407xx.o(.text)
    HASH_RNG_IRQHandler                      0x0800024f   Thumb Code     0  startup_stm32f407xx.o(.text)
    I2C1_ER_IRQHandler                       0x0800024f   Thumb Code     0  startup_stm32f407xx.o(.text)
    I2C1_EV_IRQHandler                       0x0800024f   Thumb Code     0  startup_stm32f407xx.o(.text)
    I2C2_ER_IRQHandler                       0x0800024f   Thumb Code     0  startup_stm32f407xx.o(.text)
    I2C2_EV_IRQHandler                       0x0800024f   Thumb Code     0  startup_stm32f407xx.o(.text)
    I2C3_ER_IRQHandler                       0x0800024f   Thumb Code     0  startup_stm32f407xx.o(.text)
    I2C3_EV_IRQHandler                       0x0800024f   Thumb Code     0  startup_stm32f407xx.o(.text)
    OTG_FS_IRQHandler                        0x0800024f   Thumb Code     0  startup_stm32f407xx.o(.text)
    OTG_FS_WKUP_IRQHandler                   0x0800024f   Thumb Code     0  startup_stm32f407xx.o(.text)
    OTG_HS_EP1_IN_IRQHandler                 0x0800024f   Thumb Code     0  startup_stm32f407xx.o(.text)
    OTG_HS_EP1_OUT_IRQHandler                0x0800024f   Thumb Code     0  startup_stm32f407xx.o(.text)
    OTG_HS_IRQHandler                        0x0800024f   Thumb Code     0  startup_stm32f407xx.o(.text)
    OTG_HS_WKUP_IRQHandler                   0x0800024f   Thumb Code     0  startup_stm32f407xx.o(.text)
    PVD_IRQHandler                           0x0800024f   Thumb Code     0  startup_stm32f407xx.o(.text)
    RCC_IRQHandler                           0x0800024f   Thumb Code     0  startup_stm32f407xx.o(.text)
    RTC_Alarm_IRQHandler                     0x0800024f   Thumb Code     0  startup_stm32f407xx.o(.text)
    RTC_WKUP_IRQHandler                      0x0800024f   Thumb Code     0  startup_stm32f407xx.o(.text)
    SDIO_IRQHandler                          0x0800024f   Thumb Code     0  startup_stm32f407xx.o(.text)
    SPI1_IRQHandler                          0x0800024f   Thumb Code     0  startup_stm32f407xx.o(.text)
    SPI2_IRQHandler                          0x0800024f   Thumb Code     0  startup_stm32f407xx.o(.text)
    SPI3_IRQHandler                          0x0800024f   Thumb Code     0  startup_stm32f407xx.o(.text)
    TAMP_STAMP_IRQHandler                    0x0800024f   Thumb Code     0  startup_stm32f407xx.o(.text)
    TIM1_BRK_TIM9_IRQHandler                 0x0800024f   Thumb Code     0  startup_stm32f407xx.o(.text)
    TIM1_CC_IRQHandler                       0x0800024f   Thumb Code     0  startup_stm32f407xx.o(.text)
    TIM1_TRG_COM_TIM11_IRQHandler            0x0800024f   Thumb Code     0  startup_stm32f407xx.o(.text)
    TIM1_UP_TIM10_IRQHandler                 0x0800024f   Thumb Code     0  startup_stm32f407xx.o(.text)
    TIM2_IRQHandler                          0x0800024f   Thumb Code     0  startup_stm32f407xx.o(.text)
    TIM3_IRQHandler                          0x0800024f   Thumb Code     0  startup_stm32f407xx.o(.text)
    TIM4_IRQHandler                          0x0800024f   Thumb Code     0  startup_stm32f407xx.o(.text)
    TIM6_DAC_IRQHandler                      0x0800024f   Thumb Code     0  startup_stm32f407xx.o(.text)
    TIM8_BRK_TIM12_IRQHandler                0x0800024f   Thumb Code     0  startup_stm32f407xx.o(.text)
    TIM8_CC_IRQHandler                       0x0800024f   Thumb Code     0  startup_stm32f407xx.o(.text)
    TIM8_TRG_COM_TIM14_IRQHandler            0x0800024f   Thumb Code     0  startup_stm32f407xx.o(.text)
    TIM8_UP_TIM13_IRQHandler                 0x0800024f   Thumb Code     0  startup_stm32f407xx.o(.text)
    UART4_IRQHandler                         0x0800024f   Thumb Code     0  startup_stm32f407xx.o(.text)
    UART5_IRQHandler                         0x0800024f   Thumb Code     0  startup_stm32f407xx.o(.text)
    USART1_IRQHandler                        0x0800024f   Thumb Code     0  startup_stm32f407xx.o(.text)
    USART2_IRQHandler                        0x0800024f   Thumb Code     0  startup_stm32f407xx.o(.text)
    USART3_IRQHandler                        0x0800024f   Thumb Code     0  startup_stm32f407xx.o(.text)
    USART6_IRQHandler                        0x0800024f   Thumb Code     0  startup_stm32f407xx.o(.text)
    WWDG_IRQHandler                          0x0800024f   Thumb Code     0  startup_stm32f407xx.o(.text)
    __user_initial_stackheap                 0x08000251   Thumb Code     0  startup_stm32f407xx.o(.text)
    __aeabi_uldivmod                         0x08000275   Thumb Code     0  lludivv7m.o(.text)
    _ll_udiv                                 0x08000275   Thumb Code   240  lludivv7m.o(.text)
    __aeabi_memclr4                          0x08000365   Thumb Code     0  rt_memclr_w.o(.text)
    __aeabi_memclr8                          0x08000365   Thumb Code     0  rt_memclr_w.o(.text)
    __rt_memclr_w                            0x08000365   Thumb Code    78  rt_memclr_w.o(.text)
    _memset_w                                0x08000369   Thumb Code     0  rt_memclr_w.o(.text)
    __use_two_region_memory                  0x080003b3   Thumb Code     2  heapauxi.o(.text)
    __rt_heap_escrow                         0x080003b5   Thumb Code     2  heapauxi.o(.text)
    __rt_heap_expand                         0x080003b7   Thumb Code     2  heapauxi.o(.text)
    __cpp_initialize__aeabi_                 0x080003b9   Thumb Code    28  init_aeabi.o(.text)
    malloc                                   0x080003dd   Thumb Code    94  h1_alloc.o(.text)
    free                                     0x0800043b   Thumb Code    78  h1_free.o(.text)
    _sys_exit                                0x08000489   Thumb Code     8  sys_exit.o(.text)
    __rt_heap_descriptor                     0x08000495   Thumb Code     8  rt_heap_descriptor_intlibspace.o(.text)
    __use_no_heap                            0x0800049d   Thumb Code     2  hguard.o(.text)
    __heap$guard                             0x0800049f   Thumb Code     2  hguard.o(.text)
    _terminate_user_alloc                    0x080004a1   Thumb Code     2  init_alloc.o(.text)
    _init_user_alloc                         0x080004a3   Thumb Code     2  init_alloc.o(.text)
    __Heap_Full                              0x080004a5   Thumb Code    34  init_alloc.o(.text)
    __Heap_Broken                            0x080004c7   Thumb Code     6  init_alloc.o(.text)
    _init_alloc                              0x080004cd   Thumb Code    94  init_alloc.o(.text)
    __Heap_Initialize                        0x0800052b   Thumb Code    10  h1_init.o(.text)
    __Heap_DescSize                          0x08000535   Thumb Code     4  h1_init.o(.text)
    __user_libspace                          0x08000539   Thumb Code     8  libspace.o(.text)
    __user_perproc_libspace                  0x08000539   Thumb Code     0  libspace.o(.text)
    __user_perthread_libspace                0x08000539   Thumb Code     0  libspace.o(.text)
    __I$use$semihosting                      0x08000541   Thumb Code     0  use_no_semi.o(.text)
    __use_no_semihosting_swi                 0x08000541   Thumb Code     2  use_no_semi.o(.text)
    __semihosting_library_function           0x08000543   Thumb Code     0  indicate_semi.o(.text)
    __user_setup_stackheap                   0x08000543   Thumb Code    74  sys_stackheap_outer.o(.text)
    __Heap_ProvideMemory                     0x0800058d   Thumb Code    52  h1_extend.o(.text)
    _maybe_terminate_alloc                   0x0800058d   Thumb Code     0  maybetermalloc1.o(.text)
    exit                                     0x080005c1   Thumb Code    18  exit.o(.text)
    __sig_exit                               0x080005d3   Thumb Code    10  defsig_exit.o(.text)
    __rt_SIGRTMEM                            0x080005dd   Thumb Code    14  defsig_rtmem_outer.o(.text)
    __default_signal_display                 0x080005eb   Thumb Code    50  defsig_general.o(.text)
    __rt_SIGRTMEM_inner                      0x0800061d   Thumb Code    22  defsig_rtmem_inner.o(.text)
    _ttywrch                                 0x0800066d   Thumb Code    14  sys_wrch.o(.text)
    BusFault_Handler                         0x0800067d   Thumb Code     2  stm32f4xx_it.o(.text.BusFault_Handler)
    DMA1_Stream2_IRQHandler                  0x08000681   Thumb Code    16  stm32f4xx_it.o(.text.DMA1_Stream2_IRQHandler)
    DMA1_Stream4_IRQHandler                  0x08000691   Thumb Code    16  stm32f4xx_it.o(.text.DMA1_Stream4_IRQHandler)
    DMA1_Stream5_IRQHandler                  0x080006a1   Thumb Code    16  stm32f4xx_it.o(.text.DMA1_Stream5_IRQHandler)
    DMA1_Stream7_IRQHandler                  0x080006b1   Thumb Code    16  stm32f4xx_it.o(.text.DMA1_Stream7_IRQHandler)
    DMA2_Stream1_IRQHandler                  0x080006c1   Thumb Code    16  stm32f4xx_it.o(.text.DMA2_Stream1_IRQHandler)
    DebugMon_Handler                         0x0800078d   Thumb Code     2  stm32f4xx_it.o(.text.DebugMon_Handler)
    Error_Handler                            0x08000791   Thumb Code     2  main.o(.text.Error_Handler)
    HAL_DMA_Abort                            0x08000795   Thumb Code   138  stm32f4xx_hal_dma.o(.text.HAL_DMA_Abort)
    HAL_DMA_IRQHandler                       0x08000821   Thumb Code   396  stm32f4xx_hal_dma.o(.text.HAL_DMA_IRQHandler)
    HAL_DMA_Init                             0x080009ad   Thumb Code   206  stm32f4xx_hal_dma.o(.text.HAL_DMA_Init)
    HAL_DMA_Start_IT                         0x08000a7d   Thumb Code    98  stm32f4xx_hal_dma.o(.text.HAL_DMA_Start_IT)
    HAL_GPIO_Init                            0x08000ae1   Thumb Code   406  stm32f4xx_hal_gpio.o(.text.HAL_GPIO_Init)
    HAL_GPIO_TogglePin                       0x08000c79   Thumb Code    16  stm32f4xx_hal_gpio.o(.text.HAL_GPIO_TogglePin)
    HAL_GPIO_WritePin                        0x08000c89   Thumb Code    10  stm32f4xx_hal_gpio.o(.text.HAL_GPIO_WritePin)
    HAL_GetTick                              0x08000c95   Thumb Code    12  stm32f4xx_hal.o(.text.HAL_GetTick)
    HAL_HalfDuplex_Init                      0x08000ca1   Thumb Code   122  stm32f4xx_hal_uart.o(.text.HAL_HalfDuplex_Init)
    HAL_I2C_Init                             0x08000d1d   Thumb Code   398  stm32f4xx_hal_i2c.o(.text.HAL_I2C_Init)
    HAL_I2C_MspInit                          0x08000ead   Thumb Code   116  stm32f4xx_hal_msp.o(.text.HAL_I2C_MspInit)
    HAL_IncTick                              0x08000f21   Thumb Code    26  stm32f4xx_hal.o(.text.HAL_IncTick)
    HAL_Init                                 0x08000f3d   Thumb Code    54  stm32f4xx_hal.o(.text.HAL_Init)
    HAL_InitTick                             0x08000f75   Thumb Code    80  stm32f4xx_hal.o(.text.HAL_InitTick)
    HAL_MspInit                              0x08000fc5   Thumb Code    64  stm32f4xx_hal_msp.o(.text.HAL_MspInit)
    HAL_NVIC_EnableIRQ                       0x08001005   Thumb Code     8  stm32f4xx_hal_cortex.o(.text.HAL_NVIC_EnableIRQ)
    HAL_NVIC_SetPriority                     0x0800100d   Thumb Code    30  stm32f4xx_hal_cortex.o(.text.HAL_NVIC_SetPriority)
    HAL_NVIC_SetPriorityGrouping             0x0800102d   Thumb Code     8  stm32f4xx_hal_cortex.o(.text.HAL_NVIC_SetPriorityGrouping)
    HAL_RCC_ClockConfig                      0x08001035   Thumb Code   352  stm32f4xx_hal_rcc.o(.text.HAL_RCC_ClockConfig)
    HAL_RCC_GetHCLKFreq                      0x08001195   Thumb Code    12  stm32f4xx_hal_rcc.o(.text.HAL_RCC_GetHCLKFreq)
    HAL_RCC_GetPCLK1Freq                     0x080011a1   Thumb Code    34  stm32f4xx_hal_rcc.o(.text.HAL_RCC_GetPCLK1Freq)
    HAL_RCC_GetPCLK2Freq                     0x080011c5   Thumb Code    34  stm32f4xx_hal_rcc.o(.text.HAL_RCC_GetPCLK2Freq)
    HAL_RCC_GetSysClockFreq                  0x080011e9   Thumb Code   106  stm32f4xx_hal_rcc.o(.text.HAL_RCC_GetSysClockFreq)
    HAL_RCC_OscConfig                        0x08001255   Thumb Code   836  stm32f4xx_hal_rcc.o(.text.HAL_RCC_OscConfig)
    HAL_SYSTICK_Config                       0x08001599   Thumb Code     8  stm32f4xx_hal_cortex.o(.text.HAL_SYSTICK_Config)
    HAL_TIMEx_BreakCallback                  0x080015a1   Thumb Code     2  stm32f4xx_hal_tim_ex.o(.text.HAL_TIMEx_BreakCallback)
    HAL_TIMEx_CommutCallback                 0x080015a5   Thumb Code     2  stm32f4xx_hal_tim_ex.o(.text.HAL_TIMEx_CommutCallback)
    HAL_TIMEx_CommutHalfCpltCallback         0x080015a9   Thumb Code     2  stm32f4xx_hal_tim_ex.o(.text.HAL_TIMEx_CommutHalfCpltCallback)
    HAL_TIMEx_MasterConfigSynchronization    0x080015ad   Thumb Code   184  stm32f4xx_hal_tim_ex.o(.text.HAL_TIMEx_MasterConfigSynchronization)
    HAL_TIM_Base_Init                        0x08001665   Thumb Code   110  stm32f4xx_hal_tim.o(.text.HAL_TIM_Base_Init)
    HAL_TIM_Base_MspInit                     0x080016d5   Thumb Code   176  stm32f4xx_hal_msp.o(.text.HAL_TIM_Base_MspInit)
    HAL_TIM_Base_Start_IT                    0x08001785   Thumb Code   168  stm32f4xx_hal_tim.o(.text.HAL_TIM_Base_Start_IT)
    HAL_TIM_ErrorCallback                    0x0800182d   Thumb Code     2  stm32f4xx_hal_tim.o(.text.HAL_TIM_ErrorCallback)
    HAL_TIM_IC_CaptureCallback               0x08001831   Thumb Code     2  stm32f4xx_hal_tim.o(.text.HAL_TIM_IC_CaptureCallback)
    HAL_TIM_IC_CaptureHalfCpltCallback       0x08001835   Thumb Code     2  stm32f4xx_hal_tim.o(.text.HAL_TIM_IC_CaptureHalfCpltCallback)
    HAL_TIM_IC_ConfigChannel                 0x08001839   Thumb Code   144  stm32f4xx_hal_tim.o(.text.HAL_TIM_IC_ConfigChannel)
    HAL_TIM_IC_Init                          0x080018c9   Thumb Code   110  stm32f4xx_hal_tim.o(.text.HAL_TIM_IC_Init)
    HAL_TIM_IC_MspInit                       0x08001939   Thumb Code     2  stm32f4xx_hal_tim.o(.text.HAL_TIM_IC_MspInit)
    HAL_TIM_IC_Start_IT                      0x0800193d   Thumb Code   336  stm32f4xx_hal_tim.o(.text.HAL_TIM_IC_Start_IT)
    HAL_TIM_IRQHandler                       0x08001a8d   Thumb Code   378  stm32f4xx_hal_tim.o(.text.HAL_TIM_IRQHandler)
    HAL_TIM_MspPostInit                      0x08001c09   Thumb Code    90  stm32f4xx_hal_msp.o(.text.HAL_TIM_MspPostInit)
    HAL_TIM_OC_ConfigChannel                 0x08001c65   Thumb Code    80  stm32f4xx_hal_tim.o(.text.HAL_TIM_OC_ConfigChannel)
    HAL_TIM_OC_DelayElapsedCallback          0x08001cb5   Thumb Code     2  stm32f4xx_hal_tim.o(.text.HAL_TIM_OC_DelayElapsedCallback)
    HAL_TIM_OC_Init                          0x08001cb9   Thumb Code   110  stm32f4xx_hal_tim.o(.text.HAL_TIM_OC_Init)
    HAL_TIM_OC_MspInit                       0x08001d29   Thumb Code     2  stm32f4xx_hal_tim.o(.text.HAL_TIM_OC_MspInit)
    HAL_TIM_OC_Start_IT                      0x08001d2d   Thumb Code   284  stm32f4xx_hal_tim.o(.text.HAL_TIM_OC_Start_IT)
    HAL_TIM_PWM_ConfigChannel                0x08001e49   Thumb Code   150  stm32f4xx_hal_tim.o(.text.HAL_TIM_PWM_ConfigChannel)
    HAL_TIM_PWM_Init                         0x08001ee1   Thumb Code   110  stm32f4xx_hal_tim.o(.text.HAL_TIM_PWM_Init)
    HAL_TIM_PWM_MspInit                      0x08001f51   Thumb Code   370  stm32f4xx_hal_msp.o(.text.HAL_TIM_PWM_MspInit)
    HAL_TIM_PWM_PulseFinishedCallback        0x080020c5   Thumb Code     2  stm32f4xx_hal_tim.o(.text.HAL_TIM_PWM_PulseFinishedCallback)
    HAL_TIM_PWM_PulseFinishedHalfCpltCallback 0x080020c9   Thumb Code     2  stm32f4xx_hal_tim.o(.text.HAL_TIM_PWM_PulseFinishedHalfCpltCallback)
    HAL_TIM_PWM_Start_DMA                    0x080020cd   Thumb Code   578  stm32f4xx_hal_tim.o(.text.HAL_TIM_PWM_Start_DMA)
    HAL_TIM_PeriodElapsedCallback            0x08002311   Thumb Code     2  stm32f4xx_hal_tim.o(.text.HAL_TIM_PeriodElapsedCallback)
    HAL_TIM_PeriodElapsedHalfCpltCallback    0x08002315   Thumb Code     2  stm32f4xx_hal_tim.o(.text.HAL_TIM_PeriodElapsedHalfCpltCallback)
    HAL_TIM_RegisterCallback                 0x08002319   Thumb Code   256  stm32f4xx_hal_tim.o(.text.HAL_TIM_RegisterCallback)
    HAL_TIM_SlaveConfigSynchro               0x08002419   Thumb Code    74  stm32f4xx_hal_tim.o(.text.HAL_TIM_SlaveConfigSynchro)
    HAL_TIM_TriggerCallback                  0x08002465   Thumb Code     2  stm32f4xx_hal_tim.o(.text.HAL_TIM_TriggerCallback)
    HAL_TIM_TriggerHalfCpltCallback          0x08002469   Thumb Code     2  stm32f4xx_hal_tim.o(.text.HAL_TIM_TriggerHalfCpltCallback)
    HAL_UARTEx_RxEventCallback               0x0800246d   Thumb Code     2  stm32f4xx_hal_uart.o(.text.HAL_UARTEx_RxEventCallback)
    HAL_UART_AbortCpltCallback               0x08002471   Thumb Code     2  stm32f4xx_hal_uart.o(.text.HAL_UART_AbortCpltCallback)
    HAL_UART_AbortReceiveCpltCallback        0x08002475   Thumb Code     2  stm32f4xx_hal_uart.o(.text.HAL_UART_AbortReceiveCpltCallback)
    HAL_UART_AbortTransmitCpltCallback       0x08002479   Thumb Code     2  stm32f4xx_hal_uart.o(.text.HAL_UART_AbortTransmitCpltCallback)
    HAL_UART_DMAStop                         0x0800247d   Thumb Code    92  stm32f4xx_hal_uart.o(.text.HAL_UART_DMAStop)
    HAL_UART_ErrorCallback                   0x080024d9   Thumb Code     2  stm32f4xx_hal_uart.o(.text.HAL_UART_ErrorCallback)
    HAL_UART_MspInit                         0x080024dd   Thumb Code   186  stm32f4xx_hal_msp.o(.text.HAL_UART_MspInit)
    HAL_UART_Receive_DMA                     0x08002599   Thumb Code    56  stm32f4xx_hal_uart.o(.text.HAL_UART_Receive_DMA)
    HAL_UART_RegisterCallback                0x080025d1   Thumb Code   156  stm32f4xx_hal_uart.o(.text.HAL_UART_RegisterCallback)
    HAL_UART_RxCpltCallback                  0x0800266d   Thumb Code     2  stm32f4xx_hal_uart.o(.text.HAL_UART_RxCpltCallback)
    HAL_UART_RxHalfCpltCallback              0x08002671   Thumb Code     2  stm32f4xx_hal_uart.o(.text.HAL_UART_RxHalfCpltCallback)
    HAL_UART_TxCpltCallback                  0x08002675   Thumb Code     2  stm32f4xx_hal_uart.o(.text.HAL_UART_TxCpltCallback)
    HAL_UART_TxHalfCpltCallback              0x08002679   Thumb Code     2  stm32f4xx_hal_uart.o(.text.HAL_UART_TxHalfCpltCallback)
    HardFault_Handler                        0x0800267d   Thumb Code     2  stm32f4xx_it.o(.text.HardFault_Handler)
    MemManage_Handler                        0x08002681   Thumb Code     2  stm32f4xx_it.o(.text.MemManage_Handler)
    NMI_Handler                              0x08002685   Thumb Code     2  stm32f4xx_it.o(.text.NMI_Handler)
    PendSV_Handler                           0x080026b5   Thumb Code     2  stm32f4xx_it.o(.text.PendSV_Handler)
    SVC_Handler                              0x080026b9   Thumb Code     2  stm32f4xx_it.o(.text.SVC_Handler)
    SysTick_Handler                          0x080026ed   Thumb Code     8  stm32f4xx_it.o(.text.SysTick_Handler)
    SystemInit                               0x080026f5   Thumb Code    26  system_stm32f4xx.o(.text.SystemInit)
    TIM5_IRQHandler                          0x08002711   Thumb Code    16  stm32f4xx_it.o(.text.TIM5_IRQHandler)
    TIM7_IRQHandler                          0x08002721   Thumb Code    16  stm32f4xx_it.o(.text.TIM7_IRQHandler)
    TIM_Base_SetConfig                       0x08002731   Thumb Code   292  stm32f4xx_hal_tim.o(.text.TIM_Base_SetConfig)
    TIM_CCxChannelCmd                        0x08002855   Thumb Code    36  stm32f4xx_hal_tim.o(.text.TIM_CCxChannelCmd)
    TIM_DMADelayPulseHalfCplt                0x080028e5   Thumb Code    58  stm32f4xx_hal_tim.o(.text.TIM_DMADelayPulseHalfCplt)
    TIM_DMAError                             0x08002921   Thumb Code    94  stm32f4xx_hal_tim.o(.text.TIM_DMAError)
    TIM_ETR_SetConfig                        0x08002981   Thumb Code    22  stm32f4xx_hal_tim.o(.text.TIM_ETR_SetConfig)
    TIM_OC2_SetConfig                        0x080029f9   Thumb Code   104  stm32f4xx_hal_tim.o(.text.TIM_OC2_SetConfig)
    TIM_ResetCallback                        0x08002b19   Thumb Code   146  stm32f4xx_hal_tim.o(.text.TIM_ResetCallback)
    TIM_TI1_SetConfig                        0x08002c59   Thumb Code   168  stm32f4xx_hal_tim.o(.text.TIM_TI1_SetConfig)
    UART_InitCallbacksToDefault              0x08002ecd   Thumb Code    98  stm32f4xx_hal_uart.o(.text.UART_InitCallbacksToDefault)
    UART_Start_Receive_DMA                   0x0800300d   Thumb Code   114  stm32f4xx_hal_uart.o(.text.UART_Start_Receive_DMA)
    UsageFault_Handler                       0x08003081   Thumb Code     2  stm32f4xx_it.o(.text.UsageFault_Handler)
    SystemClock_Config()                     0x08003099   Thumb Code   150  main.o(.text._Z18SystemClock_Configv)
    DShot_PWM_Array_Update(__TIM_HandleTypeDef*) 0x08003131   Thumb Code   244  main.o(.text._Z22DShot_PWM_Array_UpdateP19__TIM_HandleTypeDef)
    Bitti(__UART_HandleTypeDef*)             0x08003225   Thumb Code    62  main.o(.text._Z5BittiP20__UART_HandleTypeDef)
    Geliyor(__TIM_HandleTypeDef*)            0x08003265   Thumb Code    18  main.o(.text._Z7GeliyorP19__TIM_HandleTypeDef)
    Gelmiyor(__TIM_HandleTypeDef*)           0x08003279   Thumb Code    46  main.o(.text._Z8GelmiyorP19__TIM_HandleTypeDef)
    PID_Loop(__TIM_HandleTypeDef*)           0x080032a9   Thumb Code   130  main.o(.text._Z8PID_LoopP19__TIM_HandleTypeDef)
    PozyxClass::PozyxClass__sub_object(I2C_HandleTypeDef*, unsigned int) 0x080037a9   Thumb Code     6  main.o(.text._ZN10PozyxClassC2EP17I2C_HandleTypeDefj)
    PID::CalculateD()                        0x080037b1   Thumb Code   170  pid.o(.text._ZN3PID10CalculateDEv)
    PID::CalculateI()                        0x08003861   Thumb Code   144  pid.o(.text._ZN3PID10CalculateIEv)
    PID::CalculateP()                        0x080038f1   Thumb Code    34  pid.o(.text._ZN3PID10CalculatePEv)
    PID::Saturation()                        0x08003915   Thumb Code    90  pid.o(.text._ZN3PID10SaturationEv)
    PID::CalculatePID()                      0x08003971   Thumb Code    70  pid.o(.text._ZN3PID12CalculatePIDEv)
    PID::sign(double)                        0x080039b9   Thumb Code    72  pid.o(.text._ZN3PID4signEd)
    PID::Update(double)                      0x08003a01   Thumb Code    34  pid.o(.text._ZN3PID6UpdateEd)
    PID::Clamping()                          0x08003a25   Thumb Code    72  pid.o(.text._ZN3PID8ClampingEv)
    PID::PID()                               0x08003a6d   Thumb Code    12  pid.o(.text._ZN3PIDC2Ev)
    PID::PID__sub_object()                   0x08003a6d   Thumb Code    12  pid.o(.text._ZN3PIDC2Ev)
    iBus::RXComplete()                       0x08003a79   Thumb Code    52  ibus.o(.text._ZN4iBus10RXCompleteEv)
    iBus::NotReceiving()                     0x08003aad   Thumb Code    28  ibus.o(.text._ZN4iBus12NotReceivingEv)
    iBus::ComputeChecksum()                  0x08003ac9   Thumb Code    36  ibus.o(.text._ZN4iBus15ComputeChecksumEv)
    iBus::ReturnChannelPointer(unsigned char) 0x08003aed   Thumb Code     6  ibus.o(.text._ZN4iBus20ReturnChannelPointerEh)
    iBus::Idle()                             0x08003af5   Thumb Code    28  ibus.o(.text._ZN4iBus4IdleEv)
    iBus::Receiving()                        0x08003b11   Thumb Code    16  ibus.o(.text._ZN4iBus9ReceivingEv)
    iBus::iBus(__UART_HandleTypeDef*, __TIM_HandleTypeDef*, unsigned int, unsigned int, unsigned int) 0x08003b21   Thumb Code    40  ibus.o(.text._ZN4iBusC2EP20__UART_HandleTypeDefP19__TIM_HandleTypeDefjjj)
    iBus::iBus__sub_object(__UART_HandleTypeDef*, __TIM_HandleTypeDef*, unsigned int, unsigned int, unsigned int) 0x08003b21   Thumb Code    40  ibus.o(.text._ZN4iBusC2EP20__UART_HandleTypeDefP19__TIM_HandleTypeDefjjj)
    DShot::computeChecksum(unsigned short)   0x08003b49   Thumb Code    22  dshot.o(.text._ZN5DShot15computeChecksumEt)
    DShot::prepareDshotPacket(dshotProtocolControl*) 0x08003b61   Thumb Code    30  dshot.o(.text._ZN5DShot18prepareDshotPacketEP20dshotProtocolControl)
    DShot::convertDshotPacketToPWM_Array(unsigned short) 0x08003b81   Thumb Code    78  dshot.o(.text._ZN5DShot29convertDshotPacketToPWM_ArrayEt)
    DShot::update(unsigned short, bool)      0x08003bd1   Thumb Code    38  dshot.o(.text._ZN5DShot6updateEtb)
    DShot::bitToPWM(bool)                    0x08003bf9   Thumb Code     6  dshot.o(.text._ZN5DShot8bitToPWMEb)
    DShot::DShot(unsigned int)               0x08003c01   Thumb Code    56  dshot.o(.text._ZN5DShotC2Ej)
    DShot::DShot__sub_object(unsigned int)   0x08003c01   Thumb Code    56  dshot.o(.text._ZN5DShotC2Ej)
    Servo::ChannelValue()                    0x08003c39   Thumb Code    30  servo.o(.text._ZN5Servo12ChannelValueEv)
    Servo::Servo(iBus*, unsigned char, float, float) 0x08003c59   Thumb Code    42  servo.o(.text._ZN5ServoC2EP4iBushff)
    Servo::Servo__sub_object(iBus*, unsigned char, float, float) 0x08003c59   Thumb Code    42  servo.o(.text._ZN5ServoC2EP4iBushff)
    std::get_new_handler()                   0x08003c83   Thumb Code    12  cxa_handlers.cpp.o(.text._ZSt15get_new_handlerv)
    operator new(unsigned int)               0x08003c91   Thumb Code    38  new.cpp.o(.text._Znwj)
    main                                     0x08003d9d   Thumb Code   316  main.o(.text.main)
    __aeabi_dadd                             0x08003ed9   Thumb Code     0  daddsub_clz.o(x$fpl$dadd)
    _dadd                                    0x08003ed9   Thumb Code   332  daddsub_clz.o(x$fpl$dadd)
    __fpl_dcmp_Inf                           0x08004029   Thumb Code    24  dcmpi.o(x$fpl$dcmpinf)
    __aeabi_ddiv                             0x08004041   Thumb Code     0  ddiv.o(x$fpl$ddiv)
    _ddiv                                    0x08004041   Thumb Code   552  ddiv.o(x$fpl$ddiv)
    __aeabi_cdcmpeq                          0x080042f1   Thumb Code     0  deqf.o(x$fpl$deqf)
    _dcmpeq                                  0x080042f1   Thumb Code   120  deqf.o(x$fpl$deqf)
    __aeabi_d2uiz                            0x08004369   Thumb Code     0  dfixu.o(x$fpl$dfixu)
    _dfixu                                   0x08004369   Thumb Code    90  dfixu.o(x$fpl$dfixu)
    __aeabi_ui2d                             0x080043c3   Thumb Code     0  dflt_clz.o(x$fpl$dfltu)
    _dfltu                                   0x080043c3   Thumb Code    38  dflt_clz.o(x$fpl$dfltu)
    __aeabi_cdcmpge                          0x080043e9   Thumb Code     0  dgeqf.o(x$fpl$dgeqf)
    _dcmpge                                  0x080043e9   Thumb Code   120  dgeqf.o(x$fpl$dgeqf)
    __aeabi_cdcmple                          0x08004461   Thumb Code     0  dleqf.o(x$fpl$dleqf)
    _dcmple                                  0x08004461   Thumb Code   120  dleqf.o(x$fpl$dleqf)
    __fpl_dcmple_InfNaN                      0x080044c3   Thumb Code     0  dleqf.o(x$fpl$dleqf)
    __aeabi_dmul                             0x080044d9   Thumb Code     0  dmul.o(x$fpl$dmul)
    _dmul                                    0x080044d9   Thumb Code   332  dmul.o(x$fpl$dmul)
    __fpl_dnaninf                            0x0800462d   Thumb Code   156  dnaninf.o(x$fpl$dnaninf)
    __fpl_dretinf                            0x080046c9   Thumb Code    12  dretinf.o(x$fpl$dretinf)
    __aeabi_dsub                             0x080046d5   Thumb Code     0  daddsub_clz.o(x$fpl$dsub)
    _dsub                                    0x080046d5   Thumb Code   464  daddsub_clz.o(x$fpl$dsub)
    __aeabi_f2d                              0x080048a9   Thumb Code     0  f2d.o(x$fpl$f2d)
    _f2d                                     0x080048a9   Thumb Code    86  f2d.o(x$fpl$f2d)
    __aeabi_dcmpeq                           0x080048ff   Thumb Code     0  dcmp.o(x$fpl$fcmp)
    _deq                                     0x080048ff   Thumb Code    14  dcmp.o(x$fpl$fcmp)
    _dneq                                    0x0800490d   Thumb Code    14  dcmp.o(x$fpl$fcmp)
    __aeabi_dcmpgt                           0x0800491b   Thumb Code     0  dcmp.o(x$fpl$fcmp)
    _dgr                                     0x0800491b   Thumb Code    14  dcmp.o(x$fpl$fcmp)
    __aeabi_dcmpge                           0x08004929   Thumb Code     0  dcmp.o(x$fpl$fcmp)
    _dgeq                                    0x08004929   Thumb Code    14  dcmp.o(x$fpl$fcmp)
    __aeabi_dcmple                           0x08004937   Thumb Code     0  dcmp.o(x$fpl$fcmp)
    _dleq                                    0x08004937   Thumb Code    14  dcmp.o(x$fpl$fcmp)
    __aeabi_dcmplt                           0x08004945   Thumb Code     0  dcmp.o(x$fpl$fcmp)
    _dls                                     0x08004945   Thumb Code    14  dcmp.o(x$fpl$fcmp)
    __fpl_fnaninf                            0x08004953   Thumb Code   140  fnaninf.o(x$fpl$fnaninf)
    _fp_init                                 0x080049df   Thumb Code    26  fpinit.o(x$fpl$fpinit)
    __fplib_config_fpu_vfp                   0x080049f7   Thumb Code     0  fpinit.o(x$fpl$fpinit)
    __fplib_config_pureend_doubles           0x080049f7   Thumb Code     0  fpinit.o(x$fpl$fpinit)
    AHBPrescTable                            0x080049f8   Data          16  system_stm32f4xx.o(.rodata.AHBPrescTable)
    __I$use$fp                               0x080049f8   Number         0  usenofp.o(x$fpl$usenofp)
    APBPrescTable                            0x08004a08   Data           8  system_stm32f4xx.o(.rodata.APBPrescTable)
    Region$$Table$$Base                      0x08004a10   Number         0  anon$$obj.o(Region$$Table)
    Region$$Table$$Limit                     0x08004a30   Number         0  anon$$obj.o(Region$$Table)
    SHT$$INIT_ARRAY$$Base                    0x08004a30   Number         0  main.o(.init_array)
    SHT$$INIT_ARRAY$$Limit                   0x08004a34   Number         0  init_aeabi.o(.init_array)
    SystemCoreClock                          0x20000000   Data           4  system_stm32f4xx.o(.data.SystemCoreClock)
    emniyet                                  0x20000004   Data           1  main.o(.data.emniyet)
    motorNo                                  0x20000005   Data           4  main.o(.data.motorNo)
    throttle                                 0x2000000a   Data           8  main.o(.data.throttle)
    uwTickFreq                               0x20000012   Data           1  stm32f4xx_hal.o(.data.uwTickFreq)
    uwTickPrio                               0x20000014   Data           4  stm32f4xx_hal.o(.data.uwTickPrio)
    __libspace_start                         0x20000018   Data          96  libspace.o(.bss)
    Pozyx                                    0x20000078   Data          24  main.o(.bss.Pozyx)
    __temporary_stack_top$libspace           0x20000078   Data           0  libspace.o(.bss)
    __cxa_new_handler                        0x20000090   Data           4  cxa_handlers.cpp.o(.bss.__cxa_new_handler)
    acilar                                   0x20000094   Data          12  main.o(.bss.acilar)
    dshot                                    0x200000a0   Data         560  main.o(.bss.dshot)
    durum                                    0x200002d0   Data           1  main.o(.bss.durum)
    hdma_tim3_ch1_trig                       0x200002d4   Data          96  main.o(.bss.hdma_tim3_ch1_trig)
    hdma_tim3_ch2                            0x20000334   Data          96  main.o(.bss.hdma_tim3_ch2)
    hdma_tim3_ch3                            0x20000394   Data          96  main.o(.bss.hdma_tim3_ch3)
    hdma_tim3_ch4_up                         0x200003f4   Data          96  main.o(.bss.hdma_tim3_ch4_up)
    hdma_usart6_rx                           0x20000454   Data          96  main.o(.bss.hdma_usart6_rx)
    hi2c1                                    0x200004b4   Data          84  main.o(.bss.hi2c1)
    htim3                                    0x20000508   Data         180  main.o(.bss.htim3)
    htim5                                    0x200005bc   Data         180  main.o(.bss.htim5)
    htim7                                    0x20000670   Data         180  main.o(.bss.htim7)
    huart6                                   0x20000724   Data         116  main.o(.bss.huart6)
    ibus                                     0x20000798   Data           4  main.o(.bss.ibus)
    pid_pitch                                0x200007a0   Data         128  main.o(.bss.pid_pitch)
    pid_roll                                 0x20000820   Data         128  main.o(.bss.pid_roll)
    referans                                 0x200008a0   Data          12  main.o(.bss.referans)
    servo                                    0x200008ac   Data           4  main.o(.bss.servo)
    uwTick                                   0x200008b0   Data           4  stm32f4xx_hal.o(.bss.uwTick)



==============================================================================

Memory Map of the image

  Image Entry point : 0x08000189

  Load Region LR_IROM1 (Base: 0x08000000, Size: 0x00004a50, Max: 0x00100000, ABSOLUTE)

    Execution Region ER_IROM1 (Exec base: 0x08000000, Load base: 0x08000000, Size: 0x00004a34, Max: 0x00100000, ABSOLUTE)

    Exec Addr    Load Addr    Size         Type   Attr      Idx    E Section Name        Object

    0x08000000   0x08000000   0x00000188   Data   RO            3    RESET               startup_stm32f407xx.o
    0x08000188   0x08000188   0x00000008   Code   RO         1633  * !!!main             c_w.l(__main.o)
    0x08000190   0x08000190   0x00000034   Code   RO         2053    !!!scatter          c_w.l(__scatter.o)
    0x080001c4   0x080001c4   0x0000001a   Code   RO         2055    !!handler_copy      c_w.l(__scatter_copy.o)
    0x080001de   0x080001de   0x00000002   PAD
    0x080001e0   0x080001e0   0x0000001c   Code   RO         2057    !!handler_zi        c_w.l(__scatter_zi.o)
    0x080001fc   0x080001fc   0x00000002   Code   RO         1990    .ARM.Collect$$libinit$$00000000  c_w.l(libinit.o)
    0x080001fe   0x080001fe   0x00000004   Code   RO         1791    .ARM.Collect$$libinit$$00000001  c_w.l(libinit2.o)
    0x08000202   0x08000202   0x00000000   Code   RO         1794    .ARM.Collect$$libinit$$00000004  c_w.l(libinit2.o)
    0x08000202   0x08000202   0x00000008   Code   RO         1795    .ARM.Collect$$libinit$$00000005  c_w.l(libinit2.o)
    0x0800020a   0x0800020a   0x00000000   Code   RO         1797    .ARM.Collect$$libinit$$0000000A  c_w.l(libinit2.o)
    0x0800020a   0x0800020a   0x00000000   Code   RO         1799    .ARM.Collect$$libinit$$0000000C  c_w.l(libinit2.o)
    0x0800020a   0x0800020a   0x00000000   Code   RO         1801    .ARM.Collect$$libinit$$0000000E  c_w.l(libinit2.o)
    0x0800020a   0x0800020a   0x00000000   Code   RO         1804    .ARM.Collect$$libinit$$00000011  c_w.l(libinit2.o)
    0x0800020a   0x0800020a   0x00000000   Code   RO         1806    .ARM.Collect$$libinit$$00000013  c_w.l(libinit2.o)
    0x0800020a   0x0800020a   0x00000000   Code   RO         1808    .ARM.Collect$$libinit$$00000015  c_w.l(libinit2.o)
    0x0800020a   0x0800020a   0x00000000   Code   RO         1810    .ARM.Collect$$libinit$$00000017  c_w.l(libinit2.o)
    0x0800020a   0x0800020a   0x00000000   Code   RO         1812    .ARM.Collect$$libinit$$00000019  c_w.l(libinit2.o)
    0x0800020a   0x0800020a   0x00000000   Code   RO         1814    .ARM.Collect$$libinit$$0000001B  c_w.l(libinit2.o)
    0x0800020a   0x0800020a   0x00000000   Code   RO         1816    .ARM.Collect$$libinit$$0000001D  c_w.l(libinit2.o)
    0x0800020a   0x0800020a   0x00000000   Code   RO         1818    .ARM.Collect$$libinit$$0000001F  c_w.l(libinit2.o)
    0x0800020a   0x0800020a   0x00000000   Code   RO         1820    .ARM.Collect$$libinit$$00000021  c_w.l(libinit2.o)
    0x0800020a   0x0800020a   0x00000000   Code   RO         1822    .ARM.Collect$$libinit$$00000023  c_w.l(libinit2.o)
    0x0800020a   0x0800020a   0x00000000   Code   RO         1824    .ARM.Collect$$libinit$$00000025  c_w.l(libinit2.o)
    0x0800020a   0x0800020a   0x00000000   Code   RO         1828    .ARM.Collect$$libinit$$0000002C  c_w.l(libinit2.o)
    0x0800020a   0x0800020a   0x00000000   Code   RO         1830    .ARM.Collect$$libinit$$0000002E  c_w.l(libinit2.o)
    0x0800020a   0x0800020a   0x00000000   Code   RO         1832    .ARM.Collect$$libinit$$00000030  c_w.l(libinit2.o)
    0x0800020a   0x0800020a   0x00000004   Code   RO         1833    .ARM.Collect$$libinit$$00000031  c_w.l(libinit2.o)
    0x0800020e   0x0800020e   0x00000000   Code   RO         1834    .ARM.Collect$$libinit$$00000032  c_w.l(libinit2.o)
    0x0800020e   0x0800020e   0x00000002   Code   RO         1835    .ARM.Collect$$libinit$$00000033  c_w.l(libinit2.o)
    0x08000210   0x08000210   0x00000002   Code   RO         2050    .ARM.Collect$$libshutdown$$00000000  c_w.l(libshutdown.o)
    0x08000212   0x08000212   0x00000000   Code   RO         2021    .ARM.Collect$$libshutdown$$00000002  c_w.l(libshutdown2.o)
    0x08000212   0x08000212   0x00000000   Code   RO         2023    .ARM.Collect$$libshutdown$$00000004  c_w.l(libshutdown2.o)
    0x08000212   0x08000212   0x00000000   Code   RO         2026    .ARM.Collect$$libshutdown$$00000007  c_w.l(libshutdown2.o)
    0x08000212   0x08000212   0x00000000   Code   RO         2029    .ARM.Collect$$libshutdown$$0000000A  c_w.l(libshutdown2.o)
    0x08000212   0x08000212   0x00000000   Code   RO         2031    .ARM.Collect$$libshutdown$$0000000C  c_w.l(libshutdown2.o)
    0x08000212   0x08000212   0x00000000   Code   RO         2034    .ARM.Collect$$libshutdown$$0000000F  c_w.l(libshutdown2.o)
    0x08000212   0x08000212   0x00000002   Code   RO         2035    .ARM.Collect$$libshutdown$$00000010  c_w.l(libshutdown2.o)
    0x08000214   0x08000214   0x00000000   Code   RO         1716    .ARM.Collect$$rtentry$$00000000  c_w.l(__rtentry.o)
    0x08000214   0x08000214   0x00000000   Code   RO         1879    .ARM.Collect$$rtentry$$00000002  c_w.l(__rtentry2.o)
    0x08000214   0x08000214   0x00000006   Code   RO         1891    .ARM.Collect$$rtentry$$00000004  c_w.l(__rtentry4.o)
    0x0800021a   0x0800021a   0x00000000   Code   RO         1881    .ARM.Collect$$rtentry$$00000009  c_w.l(__rtentry2.o)
    0x0800021a   0x0800021a   0x00000004   Code   RO         1882    .ARM.Collect$$rtentry$$0000000A  c_w.l(__rtentry2.o)
    0x0800021e   0x0800021e   0x00000000   Code   RO         1884    .ARM.Collect$$rtentry$$0000000C  c_w.l(__rtentry2.o)
    0x0800021e   0x0800021e   0x00000008   Code   RO         1885    .ARM.Collect$$rtentry$$0000000D  c_w.l(__rtentry2.o)
    0x08000226   0x08000226   0x00000002   Code   RO         1991    .ARM.Collect$$rtexit$$00000000  c_w.l(rtexit.o)
    0x08000228   0x08000228   0x00000000   Code   RO         2008    .ARM.Collect$$rtexit$$00000002  c_w.l(rtexit2.o)
    0x08000228   0x08000228   0x00000004   Code   RO         2009    .ARM.Collect$$rtexit$$00000003  c_w.l(rtexit2.o)
    0x0800022c   0x0800022c   0x00000006   Code   RO         2010    .ARM.Collect$$rtexit$$00000004  c_w.l(rtexit2.o)
    0x08000232   0x08000232   0x00000002   PAD
    0x08000234   0x08000234   0x00000040   Code   RO            4    .text               startup_stm32f407xx.o
    0x08000274   0x08000274   0x000000f0   Code   RO         1623    .text               c_w.l(lludivv7m.o)
    0x08000364   0x08000364   0x0000004e   Code   RO         1629    .text               c_w.l(rt_memclr_w.o)
    0x080003b2   0x080003b2   0x00000006   Code   RO         1631    .text               c_w.l(heapauxi.o)
    0x080003b8   0x080003b8   0x00000024   Code   RO         1638    .text               c_w.l(init_aeabi.o)
    0x080003dc   0x080003dc   0x0000005e   Code   RO         1725    .text               c_w.l(h1_alloc.o)
    0x0800043a   0x0800043a   0x0000004e   Code   RO         1727    .text               c_w.l(h1_free.o)
    0x08000488   0x08000488   0x0000000c   Code   RO         1872    .text               c_w.l(sys_exit.o)
    0x08000494   0x08000494   0x00000008   Code   RO         1898    .text               c_w.l(rt_heap_descriptor_intlibspace.o)
    0x0800049c   0x0800049c   0x00000004   Code   RO         1900    .text               c_w.l(hguard.o)
    0x080004a0   0x080004a0   0x0000008a   Code   RO         1902    .text               c_w.l(init_alloc.o)
    0x0800052a   0x0800052a   0x0000000e   Code   RO         1906    .text               c_w.l(h1_init.o)
    0x08000538   0x08000538   0x00000008   Code   RO         1946    .text               c_w.l(libspace.o)
    0x08000540   0x08000540   0x00000002   Code   RO         1949    .text               c_w.l(use_no_semi.o)
    0x08000542   0x08000542   0x00000000   Code   RO         1951    .text               c_w.l(indicate_semi.o)
    0x08000542   0x08000542   0x0000004a   Code   RO         1952    .text               c_w.l(sys_stackheap_outer.o)
    0x0800058c   0x0800058c   0x00000000   Code   RO         1958    .text               c_w.l(maybetermalloc1.o)
    0x0800058c   0x0800058c   0x00000034   Code   RO         1960    .text               c_w.l(h1_extend.o)
    0x080005c0   0x080005c0   0x00000012   Code   RO         1964    .text               c_w.l(exit.o)
    0x080005d2   0x080005d2   0x0000000a   Code   RO         1966    .text               c_w.l(defsig_exit.o)
    0x080005dc   0x080005dc   0x0000000e   Code   RO         1974    .text               c_w.l(defsig_rtmem_outer.o)
    0x080005ea   0x080005ea   0x00000032   Code   RO         1997    .text               c_w.l(defsig_general.o)
    0x0800061c   0x0800061c   0x00000050   Code   RO         2001    .text               c_w.l(defsig_rtmem_inner.o)
    0x0800066c   0x0800066c   0x0000000e   Code   RO         2003    .text               c_w.l(sys_wrch.o)
    0x0800067a   0x0800067a   0x00000002   PAD
    0x0800067c   0x0800067c   0x00000002   Code   RO          436    .text.BusFault_Handler  stm32f4xx_it.o
    0x0800067e   0x0800067e   0x00000002   PAD
    0x08000680   0x08000680   0x00000010   Code   RO          448    .text.DMA1_Stream2_IRQHandler  stm32f4xx_it.o
    0x08000690   0x08000690   0x00000010   Code   RO          450    .text.DMA1_Stream4_IRQHandler  stm32f4xx_it.o
    0x080006a0   0x080006a0   0x00000010   Code   RO          452    .text.DMA1_Stream5_IRQHandler  stm32f4xx_it.o
    0x080006b0   0x080006b0   0x00000010   Code   RO          454    .text.DMA1_Stream7_IRQHandler  stm32f4xx_it.o
    0x080006c0   0x080006c0   0x00000010   Code   RO          460    .text.DMA2_Stream1_IRQHandler  stm32f4xx_it.o
    0x080006d0   0x080006d0   0x0000003c   Code   RO          864    .text.DMA_CalcBaseAndBitshift  stm32f4xx_hal_dma.o
    0x0800070c   0x0800070c   0x00000050   Code   RO          862    .text.DMA_CheckFifoParam  stm32f4xx_hal_dma.o
    0x0800075c   0x0800075c   0x00000030   Code   RO          870    .text.DMA_SetConfig  stm32f4xx_hal_dma.o
    0x0800078c   0x0800078c   0x00000002   Code   RO          442    .text.DebugMon_Handler  stm32f4xx_it.o
    0x0800078e   0x0800078e   0x00000002   PAD
    0x08000790   0x08000790   0x00000002   Code   RO          385    .text.Error_Handler  main.o
    0x08000792   0x08000792   0x00000002   PAD
    0x08000794   0x08000794   0x0000008a   Code   RO          874    .text.HAL_DMA_Abort  stm32f4xx_hal_dma.o
    0x0800081e   0x0800081e   0x00000002   PAD
    0x08000820   0x08000820   0x0000018c   Code   RO          880    .text.HAL_DMA_IRQHandler  stm32f4xx_hal_dma.o
    0x080009ac   0x080009ac   0x000000ce   Code   RO          860    .text.HAL_DMA_Init  stm32f4xx_hal_dma.o
    0x08000a7a   0x08000a7a   0x00000002   PAD
    0x08000a7c   0x08000a7c   0x00000062   Code   RO          872    .text.HAL_DMA_Start_IT  stm32f4xx_hal_dma.o
    0x08000ade   0x08000ade   0x00000002   PAD
    0x08000ae0   0x08000ae0   0x00000196   Code   RO          820    .text.HAL_GPIO_Init  stm32f4xx_hal_gpio.o
    0x08000c76   0x08000c76   0x00000002   PAD
    0x08000c78   0x08000c78   0x00000010   Code   RO          828    .text.HAL_GPIO_TogglePin  stm32f4xx_hal_gpio.o
    0x08000c88   0x08000c88   0x0000000a   Code   RO          826    .text.HAL_GPIO_WritePin  stm32f4xx_hal_gpio.o
    0x08000c92   0x08000c92   0x00000002   PAD
    0x08000c94   0x08000c94   0x0000000c   Code   RO         1044    .text.HAL_GetTick   stm32f4xx_hal.o
    0x08000ca0   0x08000ca0   0x0000007a   Code   RO         1475    .text.HAL_HalfDuplex_Init  stm32f4xx_hal_uart.o
    0x08000d1a   0x08000d1a   0x00000002   PAD
    0x08000d1c   0x08000d1c   0x0000018e   Code   RO          509    .text.HAL_I2C_Init  stm32f4xx_hal_i2c.o
    0x08000eaa   0x08000eaa   0x00000002   PAD
    0x08000eac   0x08000eac   0x00000074   Code   RO          471    .text.HAL_I2C_MspInit  stm32f4xx_hal_msp.o
    0x08000f20   0x08000f20   0x0000001a   Code   RO         1042    .text.HAL_IncTick   stm32f4xx_hal.o
    0x08000f3a   0x08000f3a   0x00000002   PAD
    0x08000f3c   0x08000f3c   0x00000036   Code   RO         1032    .text.HAL_Init      stm32f4xx_hal.o
    0x08000f72   0x08000f72   0x00000002   PAD
    0x08000f74   0x08000f74   0x00000050   Code   RO         1034    .text.HAL_InitTick  stm32f4xx_hal.o
    0x08000fc4   0x08000fc4   0x00000040   Code   RO          469    .text.HAL_MspInit   stm32f4xx_hal_msp.o
    0x08001004   0x08001004   0x00000008   Code   RO          972    .text.HAL_NVIC_EnableIRQ  stm32f4xx_hal_cortex.o
    0x0800100c   0x0800100c   0x0000001e   Code   RO          964    .text.HAL_NVIC_SetPriority  stm32f4xx_hal_cortex.o
    0x0800102a   0x0800102a   0x00000002   PAD
    0x0800102c   0x0800102c   0x00000008   Code   RO          960    .text.HAL_NVIC_SetPriorityGrouping  stm32f4xx_hal_cortex.o
    0x08001034   0x08001034   0x00000160   Code   RO          684    .text.HAL_RCC_ClockConfig  stm32f4xx_hal_rcc.o
    0x08001194   0x08001194   0x0000000c   Code   RO          694    .text.HAL_RCC_GetHCLKFreq  stm32f4xx_hal_rcc.o
    0x080011a0   0x080011a0   0x00000022   Code   RO          696    .text.HAL_RCC_GetPCLK1Freq  stm32f4xx_hal_rcc.o
    0x080011c2   0x080011c2   0x00000002   PAD
    0x080011c4   0x080011c4   0x00000022   Code   RO          698    .text.HAL_RCC_GetPCLK2Freq  stm32f4xx_hal_rcc.o
    0x080011e6   0x080011e6   0x00000002   PAD
    0x080011e8   0x080011e8   0x0000006a   Code   RO          686    .text.HAL_RCC_GetSysClockFreq  stm32f4xx_hal_rcc.o
    0x08001252   0x08001252   0x00000002   PAD
    0x08001254   0x08001254   0x00000344   Code   RO          682    .text.HAL_RCC_OscConfig  stm32f4xx_hal_rcc.o
    0x08001598   0x08001598   0x00000008   Code   RO          984    .text.HAL_SYSTICK_Config  stm32f4xx_hal_cortex.o
    0x080015a0   0x080015a0   0x00000002   Code   RO         1453    .text.HAL_TIMEx_BreakCallback  stm32f4xx_hal_tim_ex.o
    0x080015a2   0x080015a2   0x00000002   PAD
    0x080015a4   0x080015a4   0x00000002   Code   RO         1449    .text.HAL_TIMEx_CommutCallback  stm32f4xx_hal_tim_ex.o
    0x080015a6   0x080015a6   0x00000002   PAD
    0x080015a8   0x080015a8   0x00000002   Code   RO         1451    .text.HAL_TIMEx_CommutHalfCpltCallback  stm32f4xx_hal_tim_ex.o
    0x080015aa   0x080015aa   0x00000002   PAD
    0x080015ac   0x080015ac   0x000000b8   Code   RO         1443    .text.HAL_TIMEx_MasterConfigSynchronization  stm32f4xx_hal_tim_ex.o
    0x08001664   0x08001664   0x0000006e   Code   RO         1123    .text.HAL_TIM_Base_Init  stm32f4xx_hal_tim.o
    0x080016d2   0x080016d2   0x00000002   PAD
    0x080016d4   0x080016d4   0x000000b0   Code   RO          477    .text.HAL_TIM_Base_MspInit  stm32f4xx_hal_msp.o
    0x08001784   0x08001784   0x000000a8   Code   RO         1139    .text.HAL_TIM_Base_Start_IT  stm32f4xx_hal_tim.o
    0x0800182c   0x0800182c   0x00000002   Code   RO         1343    .text.HAL_TIM_ErrorCallback  stm32f4xx_hal_tim.o
    0x0800182e   0x0800182e   0x00000002   PAD
    0x08001830   0x08001830   0x00000002   Code   RO         1331    .text.HAL_TIM_IC_CaptureCallback  stm32f4xx_hal_tim.o
    0x08001832   0x08001832   0x00000002   PAD
    0x08001834   0x08001834   0x00000002   Code   RO         1333    .text.HAL_TIM_IC_CaptureHalfCpltCallback  stm32f4xx_hal_tim.o
    0x08001836   0x08001836   0x00000002   PAD
    0x08001838   0x08001838   0x00000090   Code   RO         1271    .text.HAL_TIM_IC_ConfigChannel  stm32f4xx_hal_tim.o
    0x080018c8   0x080018c8   0x0000006e   Code   RO         1199    .text.HAL_TIM_IC_Init  stm32f4xx_hal_tim.o
    0x08001936   0x08001936   0x00000002   PAD
    0x08001938   0x08001938   0x00000002   Code   RO         1201    .text.HAL_TIM_IC_MspInit  stm32f4xx_hal_tim.o
    0x0800193a   0x0800193a   0x00000002   PAD
    0x0800193c   0x0800193c   0x00000150   Code   RO         1211    .text.HAL_TIM_IC_Start_IT  stm32f4xx_hal_tim.o
    0x08001a8c   0x08001a8c   0x0000017a   Code   RO         1259    .text.HAL_TIM_IRQHandler  stm32f4xx_hal_tim.o
    0x08001c06   0x08001c06   0x00000002   PAD
    0x08001c08   0x08001c08   0x0000005a   Code   RO          479    .text.HAL_TIM_MspPostInit  stm32f4xx_hal_msp.o
    0x08001c62   0x08001c62   0x00000002   PAD
    0x08001c64   0x08001c64   0x00000050   Code   RO         1261    .text.HAL_TIM_OC_ConfigChannel  stm32f4xx_hal_tim.o
    0x08001cb4   0x08001cb4   0x00000002   Code   RO         1329    .text.HAL_TIM_OC_DelayElapsedCallback  stm32f4xx_hal_tim.o
    0x08001cb6   0x08001cb6   0x00000002   PAD
    0x08001cb8   0x08001cb8   0x0000006e   Code   RO         1153    .text.HAL_TIM_OC_Init  stm32f4xx_hal_tim.o
    0x08001d26   0x08001d26   0x00000002   PAD
    0x08001d28   0x08001d28   0x00000002   Code   RO         1155    .text.HAL_TIM_OC_MspInit  stm32f4xx_hal_tim.o
    0x08001d2a   0x08001d2a   0x00000002   PAD
    0x08001d2c   0x08001d2c   0x0000011c   Code   RO         1167    .text.HAL_TIM_OC_Start_IT  stm32f4xx_hal_tim.o
    0x08001e48   0x08001e48   0x00000096   Code   RO         1281    .text.HAL_TIM_PWM_ConfigChannel  stm32f4xx_hal_tim.o
    0x08001ede   0x08001ede   0x00000002   PAD
    0x08001ee0   0x08001ee0   0x0000006e   Code   RO         1179    .text.HAL_TIM_PWM_Init  stm32f4xx_hal_tim.o
    0x08001f4e   0x08001f4e   0x00000002   PAD
    0x08001f50   0x08001f50   0x00000172   Code   RO          475    .text.HAL_TIM_PWM_MspInit  stm32f4xx_hal_msp.o
    0x080020c2   0x080020c2   0x00000002   PAD
    0x080020c4   0x080020c4   0x00000002   Code   RO         1335    .text.HAL_TIM_PWM_PulseFinishedCallback  stm32f4xx_hal_tim.o
    0x080020c6   0x080020c6   0x00000002   PAD
    0x080020c8   0x080020c8   0x00000002   Code   RO         1337    .text.HAL_TIM_PWM_PulseFinishedHalfCpltCallback  stm32f4xx_hal_tim.o
    0x080020ca   0x080020ca   0x00000002   PAD
    0x080020cc   0x080020cc   0x00000242   Code   RO         1195    .text.HAL_TIM_PWM_Start_DMA  stm32f4xx_hal_tim.o
    0x0800230e   0x0800230e   0x00000002   PAD
    0x08002310   0x08002310   0x00000002   Code   RO         1325    .text.HAL_TIM_PeriodElapsedCallback  stm32f4xx_hal_tim.o
    0x08002312   0x08002312   0x00000002   PAD
    0x08002314   0x08002314   0x00000002   Code   RO         1327    .text.HAL_TIM_PeriodElapsedHalfCpltCallback  stm32f4xx_hal_tim.o
    0x08002316   0x08002316   0x00000002   PAD
    0x08002318   0x08002318   0x00000100   Code   RO         1345    .text.HAL_TIM_RegisterCallback  stm32f4xx_hal_tim.o
    0x08002418   0x08002418   0x0000004a   Code   RO         1317    .text.HAL_TIM_SlaveConfigSynchro  stm32f4xx_hal_tim.o
    0x08002462   0x08002462   0x00000002   PAD
    0x08002464   0x08002464   0x00000002   Code   RO         1339    .text.HAL_TIM_TriggerCallback  stm32f4xx_hal_tim.o
    0x08002466   0x08002466   0x00000002   PAD
    0x08002468   0x08002468   0x00000002   Code   RO         1341    .text.HAL_TIM_TriggerHalfCpltCallback  stm32f4xx_hal_tim.o
    0x0800246a   0x0800246a   0x00000002   PAD
    0x0800246c   0x0800246c   0x00000002   Code   RO         1509    .text.HAL_UARTEx_RxEventCallback  stm32f4xx_hal_uart.o
    0x0800246e   0x0800246e   0x00000002   PAD
    0x08002470   0x08002470   0x00000002   Code   RO         1499    .text.HAL_UART_AbortCpltCallback  stm32f4xx_hal_uart.o
    0x08002472   0x08002472   0x00000002   PAD
    0x08002474   0x08002474   0x00000002   Code   RO         1503    .text.HAL_UART_AbortReceiveCpltCallback  stm32f4xx_hal_uart.o
    0x08002476   0x08002476   0x00000002   PAD
    0x08002478   0x08002478   0x00000002   Code   RO         1501    .text.HAL_UART_AbortTransmitCpltCallback  stm32f4xx_hal_uart.o
    0x0800247a   0x0800247a   0x00000002   PAD
    0x0800247c   0x0800247c   0x0000005c   Code   RO         1539    .text.HAL_UART_DMAStop  stm32f4xx_hal_uart.o
    0x080024d8   0x080024d8   0x00000002   Code   RO         1497    .text.HAL_UART_ErrorCallback  stm32f4xx_hal_uart.o
    0x080024da   0x080024da   0x00000002   PAD
    0x080024dc   0x080024dc   0x000000ba   Code   RO          485    .text.HAL_UART_MspInit  stm32f4xx_hal_msp.o
    0x08002596   0x08002596   0x00000002   PAD
    0x08002598   0x08002598   0x00000038   Code   RO         1531    .text.HAL_UART_Receive_DMA  stm32f4xx_hal_uart.o
    0x080025d0   0x080025d0   0x0000009c   Code   RO         1485    .text.HAL_UART_RegisterCallback  stm32f4xx_hal_uart.o
    0x0800266c   0x0800266c   0x00000002   Code   RO         1495    .text.HAL_UART_RxCpltCallback  stm32f4xx_hal_uart.o
    0x0800266e   0x0800266e   0x00000002   PAD
    0x08002670   0x08002670   0x00000002   Code   RO         1493    .text.HAL_UART_RxHalfCpltCallback  stm32f4xx_hal_uart.o
    0x08002672   0x08002672   0x00000002   PAD
    0x08002674   0x08002674   0x00000002   Code   RO         1491    .text.HAL_UART_TxCpltCallback  stm32f4xx_hal_uart.o
    0x08002676   0x08002676   0x00000002   PAD
    0x08002678   0x08002678   0x00000002   Code   RO         1489    .text.HAL_UART_TxHalfCpltCallback  stm32f4xx_hal_uart.o
    0x0800267a   0x0800267a   0x00000002   PAD
    0x0800267c   0x0800267c   0x00000002   Code   RO          432    .text.HardFault_Handler  stm32f4xx_it.o
    0x0800267e   0x0800267e   0x00000002   PAD
    0x08002680   0x08002680   0x00000002   Code   RO          434    .text.MemManage_Handler  stm32f4xx_it.o
    0x08002682   0x08002682   0x00000002   PAD
    0x08002684   0x08002684   0x00000002   Code   RO          430    .text.NMI_Handler   stm32f4xx_it.o
    0x08002686   0x08002686   0x00000002   PAD
    0x08002688   0x08002688   0x0000002c   Code   RO          970    .text.NVIC_EncodePriority  stm32f4xx_hal_cortex.o
    0x080026b4   0x080026b4   0x00000002   Code   RO          444    .text.PendSV_Handler  stm32f4xx_it.o
    0x080026b6   0x080026b6   0x00000002   PAD
    0x080026b8   0x080026b8   0x00000002   Code   RO          440    .text.SVC_Handler   stm32f4xx_it.o
    0x080026ba   0x080026ba   0x00000002   PAD
    0x080026bc   0x080026bc   0x0000002e   Code   RO          986    .text.SysTick_Config  stm32f4xx_hal_cortex.o
    0x080026ea   0x080026ea   0x00000002   PAD
    0x080026ec   0x080026ec   0x00000008   Code   RO          446    .text.SysTick_Handler  stm32f4xx_it.o
    0x080026f4   0x080026f4   0x0000001a   Code   RO         1607    .text.SystemInit    system_stm32f4xx.o
    0x0800270e   0x0800270e   0x00000002   PAD
    0x08002710   0x08002710   0x00000010   Code   RO          456    .text.TIM5_IRQHandler  stm32f4xx_it.o
    0x08002720   0x08002720   0x00000010   Code   RO          458    .text.TIM7_IRQHandler  stm32f4xx_it.o
    0x08002730   0x08002730   0x00000124   Code   RO         1129    .text.TIM_Base_SetConfig  stm32f4xx_hal_tim.o
    0x08002854   0x08002854   0x00000024   Code   RO         1163    .text.TIM_CCxChannelCmd  stm32f4xx_hal_tim.o
    0x08002878   0x08002878   0x0000006a   Code   RO         1173    .text.TIM_DMADelayPulseCplt  stm32f4xx_hal_tim.o
    0x080028e2   0x080028e2   0x00000002   PAD
    0x080028e4   0x080028e4   0x0000003a   Code   RO         1175    .text.TIM_DMADelayPulseHalfCplt  stm32f4xx_hal_tim.o
    0x0800291e   0x0800291e   0x00000002   PAD
    0x08002920   0x08002920   0x0000005e   Code   RO         1149    .text.TIM_DMAError  stm32f4xx_hal_tim.o
    0x0800297e   0x0800297e   0x00000002   PAD
    0x08002980   0x08002980   0x00000016   Code   RO         1305    .text.TIM_ETR_SetConfig  stm32f4xx_hal_tim.o
    0x08002996   0x08002996   0x00000002   PAD
    0x08002998   0x08002998   0x00000060   Code   RO         1263    .text.TIM_OC1_SetConfig  stm32f4xx_hal_tim.o
    0x080029f8   0x080029f8   0x00000068   Code   RO         1265    .text.TIM_OC2_SetConfig  stm32f4xx_hal_tim.o
    0x08002a60   0x08002a60   0x00000068   Code   RO         1267    .text.TIM_OC3_SetConfig  stm32f4xx_hal_tim.o
    0x08002ac8   0x08002ac8   0x0000004e   Code   RO         1269    .text.TIM_OC4_SetConfig  stm32f4xx_hal_tim.o
    0x08002b16   0x08002b16   0x00000002   PAD
    0x08002b18   0x08002b18   0x00000092   Code   RO         1125    .text.TIM_ResetCallback  stm32f4xx_hal_tim.o
    0x08002baa   0x08002baa   0x00000002   PAD
    0x08002bac   0x08002bac   0x00000086   Code   RO         1319    .text.TIM_SlaveTimer_SetConfig  stm32f4xx_hal_tim.o
    0x08002c32   0x08002c32   0x00000002   PAD
    0x08002c34   0x08002c34   0x00000022   Code   RO         1309    .text.TIM_TI1_ConfigInputStage  stm32f4xx_hal_tim.o
    0x08002c56   0x08002c56   0x00000002   PAD
    0x08002c58   0x08002c58   0x000000a8   Code   RO         1273    .text.TIM_TI1_SetConfig  stm32f4xx_hal_tim.o
    0x08002d00   0x08002d00   0x00000024   Code   RO         1313    .text.TIM_TI2_ConfigInputStage  stm32f4xx_hal_tim.o
    0x08002d24   0x08002d24   0x0000003c   Code   RO         1275    .text.TIM_TI2_SetConfig  stm32f4xx_hal_tim.o
    0x08002d60   0x08002d60   0x00000034   Code   RO         1277    .text.TIM_TI3_SetConfig  stm32f4xx_hal_tim.o
    0x08002d94   0x08002d94   0x0000003c   Code   RO         1279    .text.TIM_TI4_SetConfig  stm32f4xx_hal_tim.o
    0x08002dd0   0x08002dd0   0x0000004c   Code   RO         1529    .text.UART_DMAError  stm32f4xx_hal_uart.o
    0x08002e1c   0x08002e1c   0x00000052   Code   RO         1595    .text.UART_DMAReceiveCplt  stm32f4xx_hal_uart.o
    0x08002e6e   0x08002e6e   0x00000002   PAD
    0x08002e70   0x08002e70   0x0000001a   Code   RO         1597    .text.UART_DMARxHalfCplt  stm32f4xx_hal_uart.o
    0x08002e8a   0x08002e8a   0x00000002   PAD
    0x08002e8c   0x08002e8c   0x0000002c   Code   RO         1543    .text.UART_EndRxTransfer  stm32f4xx_hal_uart.o
    0x08002eb8   0x08002eb8   0x00000012   Code   RO         1541    .text.UART_EndTxTransfer  stm32f4xx_hal_uart.o
    0x08002eca   0x08002eca   0x00000002   PAD
    0x08002ecc   0x08002ecc   0x00000062   Code   RO         1469    .text.UART_InitCallbacksToDefault  stm32f4xx_hal_uart.o
    0x08002f2e   0x08002f2e   0x00000002   PAD
    0x08002f30   0x08002f30   0x000000dc   Code   RO         1473    .text.UART_SetConfig  stm32f4xx_hal_uart.o
    0x0800300c   0x0800300c   0x00000072   Code   RO         1533    .text.UART_Start_Receive_DMA  stm32f4xx_hal_uart.o
    0x0800307e   0x0800307e   0x00000002   PAD
    0x08003080   0x08003080   0x00000002   Code   RO          438    .text.UsageFault_Handler  stm32f4xx_it.o
    0x08003082   0x08003082   0x00000002   PAD
    0x08003084   0x08003084   0x00000014   Code   RO          387    .text._GLOBAL__sub_I_main.c  main.o
    0x08003098   0x08003098   0x00000096   Code   RO          359    .text._Z18SystemClock_Configv  main.o
    0x0800312e   0x0800312e   0x00000002   PAD
    0x08003130   0x08003130   0x000000f4   Code   RO          375    .text._Z22DShot_PWM_Array_UpdateP19__TIM_HandleTypeDef  main.o
    0x08003224   0x08003224   0x0000003e   Code   RO          383    .text._Z5BittiP20__UART_HandleTypeDef  main.o
    0x08003262   0x08003262   0x00000002   PAD
    0x08003264   0x08003264   0x00000012   Code   RO          377    .text._Z7GeliyorP19__TIM_HandleTypeDef  main.o
    0x08003276   0x08003276   0x00000002   PAD
    0x08003278   0x08003278   0x0000002e   Code   RO          379    .text._Z8GelmiyorP19__TIM_HandleTypeDef  main.o
    0x080032a6   0x080032a6   0x00000002   PAD
    0x080032a8   0x080032a8   0x00000082   Code   RO          381    .text._Z8PID_LoopP19__TIM_HandleTypeDef  main.o
    0x0800332a   0x0800332a   0x00000002   PAD
    0x0800332c   0x0800332c   0x0000008a   Code   RO          363    .text._ZL11MX_DMA_Initv  main.o
    0x080033b6   0x080033b6   0x00000002   PAD
    0x080033b8   0x080033b8   0x00000206   Code   RO          361    .text._ZL12MX_GPIO_Initv  main.o
    0x080035be   0x080035be   0x00000002   PAD
    0x080035c0   0x080035c0   0x00000036   Code   RO          367    .text._ZL12MX_I2C1_Initv  main.o
    0x080035f6   0x080035f6   0x00000002   PAD
    0x080035f8   0x080035f8   0x00000086   Code   RO          365    .text._ZL12MX_TIM3_Initv  main.o
    0x0800367e   0x0800367e   0x00000002   PAD
    0x08003680   0x08003680   0x000000b8   Code   RO          371    .text._ZL12MX_TIM5_Initv  main.o
    0x08003738   0x08003738   0x0000003e   Code   RO          373    .text._ZL12MX_TIM7_Initv  main.o
    0x08003776   0x08003776   0x00000002   PAD
    0x08003778   0x08003778   0x00000030   Code   RO          369    .text._ZL19MX_USART6_UART_Initv  main.o
    0x080037a8   0x080037a8   0x00000006   Code   RO          427    .text._ZN10PozyxClassC2EP17I2C_HandleTypeDefj  main.o
    0x080037ae   0x080037ae   0x00000002   PAD
    0x080037b0   0x080037b0   0x000000aa   Code   RO          305    .text._ZN3PID10CalculateDEv  pid.o
    0x0800385a   0x0800385a   0x00000006   PAD
    0x08003860   0x08003860   0x00000090   Code   RO          303    .text._ZN3PID10CalculateIEv  pid.o
    0x080038f0   0x080038f0   0x00000022   Code   RO          301    .text._ZN3PID10CalculatePEv  pid.o
    0x08003912   0x08003912   0x00000002   PAD
    0x08003914   0x08003914   0x0000005a   Code   RO          295    .text._ZN3PID10SaturationEv  pid.o
    0x0800396e   0x0800396e   0x00000002   PAD
    0x08003970   0x08003970   0x00000046   Code   RO          293    .text._ZN3PID12CalculatePIDEv  pid.o
    0x080039b6   0x080039b6   0x00000002   PAD
    0x080039b8   0x080039b8   0x00000048   Code   RO          307    .text._ZN3PID4signEd  pid.o
    0x08003a00   0x08003a00   0x00000022   Code   RO          291    .text._ZN3PID6UpdateEd  pid.o
    0x08003a22   0x08003a22   0x00000002   PAD
    0x08003a24   0x08003a24   0x00000048   Code   RO          297    .text._ZN3PID8ClampingEv  pid.o
    0x08003a6c   0x08003a6c   0x0000000c   Code   RO          275    .text._ZN3PIDC2Ev   pid.o
    0x08003a78   0x08003a78   0x00000034   Code   RO          329    .text._ZN4iBus10RXCompleteEv  ibus.o
    0x08003aac   0x08003aac   0x0000001c   Code   RO          339    .text._ZN4iBus12NotReceivingEv  ibus.o
    0x08003ac8   0x08003ac8   0x00000024   Code   RO          331    .text._ZN4iBus15ComputeChecksumEv  ibus.o
    0x08003aec   0x08003aec   0x00000006   Code   RO          333    .text._ZN4iBus20ReturnChannelPointerEh  ibus.o
    0x08003af2   0x08003af2   0x00000002   PAD
    0x08003af4   0x08003af4   0x0000001c   Code   RO          337    .text._ZN4iBus4IdleEv  ibus.o
    0x08003b10   0x08003b10   0x00000010   Code   RO          335    .text._ZN4iBus9ReceivingEv  ibus.o
    0x08003b20   0x08003b20   0x00000028   Code   RO          327    .text._ZN4iBusC2EP20__UART_HandleTypeDefP19__TIM_HandleTypeDefjjj  ibus.o
    0x08003b48   0x08003b48   0x00000016   Code   RO           15    .text._ZN5DShot15computeChecksumEt  dshot.o
    0x08003b5e   0x08003b5e   0x00000002   PAD
    0x08003b60   0x08003b60   0x0000001e   Code   RO           17    .text._ZN5DShot18prepareDshotPacketEP20dshotProtocolControl  dshot.o
    0x08003b7e   0x08003b7e   0x00000002   PAD
    0x08003b80   0x08003b80   0x0000004e   Code   RO           19    .text._ZN5DShot29convertDshotPacketToPWM_ArrayEt  dshot.o
    0x08003bce   0x08003bce   0x00000002   PAD
    0x08003bd0   0x08003bd0   0x00000026   Code   RO           21    .text._ZN5DShot6updateEtb  dshot.o
    0x08003bf6   0x08003bf6   0x00000002   PAD
    0x08003bf8   0x08003bf8   0x00000006   Code   RO           13    .text._ZN5DShot8bitToPWMEb  dshot.o
    0x08003bfe   0x08003bfe   0x00000002   PAD
    0x08003c00   0x08003c00   0x00000038   Code   RO           11    .text._ZN5DShotC2Ej  dshot.o
    0x08003c38   0x08003c38   0x0000001e   Code   RO          499    .text._ZN5Servo12ChannelValueEv  servo.o
    0x08003c56   0x08003c56   0x00000002   PAD
    0x08003c58   0x08003c58   0x0000002a   Code   RO          497    .text._ZN5ServoC2EP4iBushff  servo.o
    0x08003c82   0x08003c82   0x0000000c   Code   RO         1868    .text._ZSt15get_new_handlerv  libcppabi_w.l(cxa_handlers.cpp.o)
    0x08003c8e   0x08003c8e   0x00000002   PAD
    0x08003c90   0x08003c90   0x00000026   Code   RO         1674    .text._Znwj         libcpp_w.l(new.cpp.o)
    0x08003cb6   0x08003cb6   0x00000002   PAD
    0x08003cb8   0x08003cb8   0x00000020   Code   RO          974    .text.__NVIC_EnableIRQ  stm32f4xx_hal_cortex.o
    0x08003cd8   0x08003cd8   0x00000010   Code   RO          966    .text.__NVIC_GetPriorityGrouping  stm32f4xx_hal_cortex.o
    0x08003ce8   0x08003ce8   0x00000022   Code   RO          968    .text.__NVIC_SetPriority  stm32f4xx_hal_cortex.o
    0x08003d0a   0x08003d0a   0x00000002   PAD
    0x08003d0c   0x08003d0c   0x00000020   Code   RO          962    .text.__NVIC_SetPriorityGrouping  stm32f4xx_hal_cortex.o
    0x08003d2c   0x08003d2c   0x00000032   Code   RO          349    .text.__cxx_global_var_init  main.o
    0x08003d5e   0x08003d5e   0x00000002   PAD
    0x08003d60   0x08003d60   0x0000001a   Code   RO          351    .text.__cxx_global_var_init.1  main.o
    0x08003d7a   0x08003d7a   0x00000002   PAD
    0x08003d7c   0x08003d7c   0x00000010   Code   RO          353    .text.__cxx_global_var_init.2  main.o
    0x08003d8c   0x08003d8c   0x00000010   Code   RO          355    .text.__cxx_global_var_init.3  main.o
    0x08003d9c   0x08003d9c   0x0000013c   Code   RO          357    .text.main          main.o
    0x08003ed8   0x08003ed8   0x00000150   Code   RO         1641    x$fpl$dadd          fz_wm.l(daddsub_clz.o)
    0x08004028   0x08004028   0x00000018   Code   RO         1926    x$fpl$dcmpinf       fz_wm.l(dcmpi.o)
    0x08004040   0x08004040   0x000002b0   Code   RO         1650    x$fpl$ddiv          fz_wm.l(ddiv.o)
    0x080042f0   0x080042f0   0x00000078   Code   RO         1840    x$fpl$deqf          fz_wm.l(deqf.o)
    0x08004368   0x08004368   0x0000005a   Code   RO         1657    x$fpl$dfixu         fz_wm.l(dfixu.o)
    0x080043c2   0x080043c2   0x00000026   Code   RO         1661    x$fpl$dfltu         fz_wm.l(dflt_clz.o)
    0x080043e8   0x080043e8   0x00000078   Code   RO         1842    x$fpl$dgeqf         fz_wm.l(dgeqf.o)
    0x08004460   0x08004460   0x00000078   Code   RO         1844    x$fpl$dleqf         fz_wm.l(dleqf.o)
    0x080044d8   0x080044d8   0x00000154   Code   RO         1667    x$fpl$dmul          fz_wm.l(dmul.o)
    0x0800462c   0x0800462c   0x0000009c   Code   RO         1846    x$fpl$dnaninf       fz_wm.l(dnaninf.o)
    0x080046c8   0x080046c8   0x0000000c   Code   RO         1848    x$fpl$dretinf       fz_wm.l(dretinf.o)
    0x080046d4   0x080046d4   0x000001d4   Code   RO         1643    x$fpl$dsub          fz_wm.l(daddsub_clz.o)
    0x080048a8   0x080048a8   0x00000056   Code   RO         1669    x$fpl$f2d           fz_wm.l(f2d.o)
    0x080048fe   0x080048fe   0x00000054   Code   RO         1647    x$fpl$fcmp          fz_wm.l(dcmp.o)
    0x08004952   0x08004952   0x0000008c   Code   RO         1850    x$fpl$fnaninf       fz_wm.l(fnaninf.o)
    0x080049de   0x080049de   0x0000001a   Code   RO         1928    x$fpl$fpinit        fz_wm.l(fpinit.o)
    0x080049f8   0x080049f8   0x00000000   Code   RO         1852    x$fpl$usenofp       fz_wm.l(usenofp.o)
    0x080049f8   0x080049f8   0x00000010   Data   RO         1612    .rodata.AHBPrescTable  system_stm32f4xx.o
    0x08004a08   0x08004a08   0x00000008   Data   RO         1613    .rodata.APBPrescTable  system_stm32f4xx.o
    0x08004a10   0x08004a10   0x00000020   Data   RO         2052    Region$$Table       anon$$obj.o
    0x08004a30   0x08004a30   0x00000004   Data   RO          418    .init_array         main.o
    0x08004a34   0x08004a30   0x00000000   Data   RO         1636    .init_array         c_w.l(init_aeabi.o)


    Execution Region RW_IRAM2 (Exec base: 0x10000000, Load base: 0x08004a50, Size: 0x00000000, Max: 0x00010000, ABSOLUTE)

    **** No section assigned to this execution region ****


    Execution Region RW_IRAM1 (Exec base: 0x20000000, Load base: 0x08004a38, Size: 0x00000eb8, Max: 0x00020000, ABSOLUTE)

    Exec Addr    Load Addr    Size         Type   Attr      Idx    E Section Name        Object

    0x20000000   0x08004a38   0x00000004   Data   RW         1611    .data.SystemCoreClock  system_stm32f4xx.o
    0x20000004   0x08004a3c   0x00000001   Data   RW          402    .data.emniyet       main.o
    0x20000005   0x08004a3d   0x00000004   Data   RW          400    .data.motorNo       main.o
    0x20000009   0x08004a41   0x00000001   PAD
    0x2000000a   0x08004a42   0x00000008   Data   RW          401    .data.throttle      main.o
    0x20000012   0x08004a4a   0x00000001   Data   RW         1087    .data.uwTickFreq    stm32f4xx_hal.o
    0x20000013   0x08004a4b   0x00000001   PAD
    0x20000014   0x08004a4c   0x00000004   Data   RW         1086    .data.uwTickPrio    stm32f4xx_hal.o
    0x20000018        -       0x00000060   Zero   RW         1947    .bss                c_w.l(libspace.o)
    0x20000078        -       0x00000018   Zero   RW          403    .bss.Pozyx          main.o
    0x20000090        -       0x00000004   Zero   RW         1870    .bss.__cxa_new_handler  libcppabi_w.l(cxa_handlers.cpp.o)
    0x20000094        -       0x0000000c   Zero   RW          404    .bss.acilar         main.o
    0x200000a0        -       0x00000230   Zero   RW          399    .bss.dshot          main.o
    0x200002d0        -       0x00000001   Zero   RW          406    .bss.durum          main.o
    0x200002d1   0x08004a50   0x00000003   PAD
    0x200002d4        -       0x00000060   Zero   RW          393    .bss.hdma_tim3_ch1_trig  main.o
    0x20000334        -       0x00000060   Zero   RW          394    .bss.hdma_tim3_ch2  main.o
    0x20000394        -       0x00000060   Zero   RW          395    .bss.hdma_tim3_ch3  main.o
    0x200003f4        -       0x00000060   Zero   RW          396    .bss.hdma_tim3_ch4_up  main.o
    0x20000454        -       0x00000060   Zero   RW          398    .bss.hdma_usart6_rx  main.o
    0x200004b4        -       0x00000054   Zero   RW          389    .bss.hi2c1          main.o
    0x20000508        -       0x000000b4   Zero   RW          390    .bss.htim3          main.o
    0x200005bc        -       0x000000b4   Zero   RW          391    .bss.htim5          main.o
    0x20000670        -       0x000000b4   Zero   RW          392    .bss.htim7          main.o
    0x20000724        -       0x00000074   Zero   RW          397    .bss.huart6         main.o
    0x20000798        -       0x00000004   Zero   RW          416    .bss.ibus           main.o
    0x2000079c   0x08004a50   0x00000004   PAD
    0x200007a0        -       0x00000080   Zero   RW          412    .bss.pid_pitch      main.o
    0x20000820        -       0x00000080   Zero   RW          411    .bss.pid_roll       main.o
    0x200008a0        -       0x0000000c   Zero   RW          405    .bss.referans       main.o
    0x200008ac        -       0x00000004   Zero   RW          417    .bss.servo          main.o
    0x200008b0        -       0x00000004   Zero   RW         1088    .bss.uwTick         stm32f4xx_hal.o
    0x200008b4   0x08004a50   0x00000004   PAD
    0x200008b8        -       0x00000200   Zero   RW            2    HEAP                startup_stm32f407xx.o
    0x20000ab8        -       0x00000400   Zero   RW            1    STACK               startup_stm32f407xx.o


==============================================================================

Image component sizes


      Code (inc. data)   RO Data    RW Data    ZI Data      Debug   Object Name

       230          8          0          0          0       4358   dshot.o
       206          0          0          0          0       4216   ibus.o
      2240         12          4         13       2093      38092   main.o
       698         16          0          0          0       7348   pid.o
        72          0          0          0          0       3600   servo.o
        64         26        392          0       1536        848   startup_stm32f407xx.o
       172          0          0          5          4       7317   stm32f4xx_hal.o
       258          0          0          0          0      10691   stm32f4xx_hal_cortex.o
      1026         12          0          0          0       9220   stm32f4xx_hal_dma.o
       432          0          0          0          0       5189   stm32f4xx_hal_gpio.o
       398          0          0          0          0      39257   stm32f4xx_hal_i2c.o
      1002          0          0          0          0      12914   stm32f4xx_hal_msp.o
      1374          0          0          0          0       7318   stm32f4xx_hal_rcc.o
      4592         90          0          0          0      46665   stm32f4xx_hal_tim.o
       190          0          0          0          0      19169   stm32f4xx_hal_tim_ex.o
      1122         14          0          0          0      24114   stm32f4xx_hal_uart.o
       136          0          0          0          0       1729   stm32f4xx_it.o
        26          0         24          4          0       2619   system_stm32f4xx.o

    ----------------------------------------------------------------------
     14438        178        452         24       3644     244664   Object Totals
         0          0         32          0          0          0   (incl. Generated)
       200          0          0          2         11          0   (incl. Padding)

    ----------------------------------------------------------------------

      Code (inc. data)   RO Data    RW Data    ZI Data      Debug   Library Member Name

         8          0          0          0          0         68   __main.o
         0          0          0          0          0          0   __rtentry.o
        12          0          0          0          0          0   __rtentry2.o
         6          0          0          0          0          0   __rtentry4.o
        52          8          0          0          0          0   __scatter.o
        26          0          0          0          0          0   __scatter_copy.o
        28          0          0          0          0          0   __scatter_zi.o
        10          0          0          0          0         68   defsig_exit.o
        50          0          0          0          0         88   defsig_general.o
        80         58          0          0          0         76   defsig_rtmem_inner.o
        14          0          0          0          0         80   defsig_rtmem_outer.o
        18          0          0          0          0         80   exit.o
        94          0          0          0          0         80   h1_alloc.o
        52          0          0          0          0         68   h1_extend.o
        78          0          0          0          0         80   h1_free.o
        14          0          0          0          0         84   h1_init.o
         6          0          0          0          0        152   heapauxi.o
         4          0          0          0          0        136   hguard.o
         0          0          0          0          0          0   indicate_semi.o
        36          8          0          0          0         80   init_aeabi.o
       138          0          0          0          0        168   init_alloc.o
         2          0          0          0          0          0   libinit.o
        18          0          0          0          0          0   libinit2.o
         2          0          0          0          0          0   libshutdown.o
         2          0          0          0          0          0   libshutdown2.o
         8          4          0          0         96         68   libspace.o
       240          0          0          0          0        100   lludivv7m.o
         0          0          0          0          0          0   maybetermalloc1.o
         8          4          0          0          0         68   rt_heap_descriptor_intlibspace.o
        78          0          0          0          0         80   rt_memclr_w.o
         2          0          0          0          0          0   rtexit.o
        10          0          0          0          0          0   rtexit2.o
        12          4          0          0          0         68   sys_exit.o
        74          0          0          0          0         80   sys_stackheap_outer.o
        14          0          0          0          0         76   sys_wrch.o
         2          0          0          0          0         68   use_no_semi.o
       804         16          0          0          0        376   daddsub_clz.o
        84          0          0          0          0        244   dcmp.o
        24          0          0          0          0        116   dcmpi.o
       688        140          0          0          0        264   ddiv.o
       120          4          0          0          0        140   deqf.o
        90          4          0          0          0        140   dfixu.o
        38          0          0          0          0        116   dflt_clz.o
       120          4          0          0          0        140   dgeqf.o
       120          4          0          0          0        140   dleqf.o
       340         12          0          0          0        152   dmul.o
       156          4          0          0          0        140   dnaninf.o
        12          0          0          0          0        116   dretinf.o
        86          4          0          0          0        132   f2d.o
       140          4          0          0          0        132   fnaninf.o
        26          0          0          0          0        116   fpinit.o
         0          0          0          0          0          0   usenofp.o
        38          0          0          0          0        380   new.cpp.o
        12          0          0          0          4        148   cxa_handlers.cpp.o

    ----------------------------------------------------------------------
      4106        282          0          0        100       4908   Library Totals
        10          0          0          0          0          0   (incl. Padding)

    ----------------------------------------------------------------------

      Code (inc. data)   RO Data    RW Data    ZI Data      Debug   Library Name

      1198         86          0          0         96       1916   c_w.l
      2848        196          0          0          0       2464   fz_wm.l
        38          0          0          0          0        380   libcpp_w.l
        12          0          0          0          4        148   libcppabi_w.l

    ----------------------------------------------------------------------
      4106        282          0          0        100       4908   Library Totals

    ----------------------------------------------------------------------

==============================================================================


      Code (inc. data)   RO Data    RW Data    ZI Data      Debug   

     18544        460        452         24       3744     246808   Grand Totals
     18544        460        452         24       3744     246808   ELF Image Totals
     18544        460        452         24          0          0   ROM Totals

==============================================================================

    Total RO  Size (Code + RO Data)                18996 (  18.55kB)
    Total RW  Size (RW Data + ZI Data)              3768 (   3.68kB)
    Total ROM Size (Code + RO Data + RW Data)      19020 (  18.57kB)

==============================================================================

